Jan  9 10:14:18 debian kernel: [    0.000000] Linux version 4.19.0-13-amd64 (debian-kernel@lists.debian.org) (gcc version 8.3.0 (Debian 8.3.0-6)) #1 SMP Debian 4.19.160-2 (2020-11-28)
Jan  9 10:14:18 debian kernel: [    0.000000] Command line: BOOT_IMAGE=/boot/vmlinuz-4.19.0-13-amd64 root=UUID=b2134173-c79e-4a19-9967-b97e969e1c8e ro quiet
Jan  9 10:14:18 debian kernel: [    0.000000] [Firmware Bug]: TSC doesn't count with P0 frequency!
Jan  9 10:14:18 debian kernel: [    0.000000] x86/fpu: Supporting XSAVE feature 0x001: 'x87 floating point registers'
Jan  9 10:14:18 debian kernel: [    0.000000] x86/fpu: Supporting XSAVE feature 0x002: 'SSE registers'
Jan  9 10:14:18 debian kernel: [    0.000000] x86/fpu: Supporting XSAVE feature 0x004: 'AVX registers'
Jan  9 10:14:18 debian kernel: [    0.000000] x86/fpu: xstate_offset[2]:  576, xstate_sizes[2]:  256
Jan  9 10:14:18 debian kernel: [    0.000000] x86/fpu: Enabled xstate features 0x7, context size is 832 bytes, using 'standard' format.
Jan  9 10:14:18 debian kernel: [    0.000000] BIOS-provided physical RAM map:
Jan  9 10:14:18 debian kernel: [    0.000000] BIOS-e820: [mem 0x0000000000000000-0x000000000009fbff] usable
Jan  9 10:14:18 debian kernel: [    0.000000] BIOS-e820: [mem 0x000000000009fc00-0x000000000009ffff] reserved
Jan  9 10:14:18 debian kernel: [    0.000000] BIOS-e820: [mem 0x00000000000f0000-0x00000000000fffff] reserved
Jan  9 10:14:18 debian kernel: [    0.000000] BIOS-e820: [mem 0x0000000000100000-0x000000003ffeffff] usable
Jan  9 10:14:18 debian kernel: [    0.000000] BIOS-e820: [mem 0x000000003fff0000-0x000000003fffffff] ACPI data
Jan  9 10:14:18 debian kernel: [    0.000000] BIOS-e820: [mem 0x00000000fec00000-0x00000000fec00fff] reserved
Jan  9 10:14:18 debian kernel: [    0.000000] BIOS-e820: [mem 0x00000000fee00000-0x00000000fee00fff] reserved
Jan  9 10:14:18 debian kernel: [    0.000000] BIOS-e820: [mem 0x00000000fffc0000-0x00000000ffffffff] reserved
Jan  9 10:14:18 debian kernel: [    0.000000] NX (Execute Disable) protection: active
Jan  9 10:14:18 debian kernel: [    0.000000] SMBIOS 2.5 present.
Jan  9 10:14:18 debian kernel: [    0.000000] DMI: innotek GmbH VirtualBox/VirtualBox, BIOS VirtualBox 12/01/2006
Jan  9 10:14:18 debian kernel: [    0.000000] Hypervisor detected: KVM
Jan  9 10:14:18 debian kernel: [    0.000000] kvm-clock: Using msrs 4b564d01 and 4b564d00
Jan  9 10:14:18 debian kernel: [    0.000000] kvm-clock: cpu 0, msr 103eb001, primary cpu clock
Jan  9 10:14:18 debian kernel: [    0.000000] kvm-clock: using sched offset of 1683847738198 cycles
Jan  9 10:14:18 debian kernel: [    0.000002] clocksource: kvm-clock: mask: 0xffffffffffffffff max_cycles: 0x1cd42e4dffb, max_idle_ns: 881590591483 ns
Jan  9 10:14:18 debian kernel: [    0.000004] tsc: Detected 3593.236 MHz processor
Jan  9 10:14:18 debian kernel: [    0.002226] e820: update [mem 0x00000000-0x00000fff] usable ==> reserved
Jan  9 10:14:18 debian kernel: [    0.002228] e820: remove [mem 0x000a0000-0x000fffff] usable
Jan  9 10:14:18 debian kernel: [    0.002231] last_pfn = 0x3fff0 max_arch_pfn = 0x400000000
Jan  9 10:14:18 debian kernel: [    0.002245] MTRR default type: uncachable
Jan  9 10:14:18 debian kernel: [    0.002246] MTRR variable ranges disabled:
Jan  9 10:14:18 debian kernel: [    0.002246] Disabled
Jan  9 10:14:18 debian kernel: [    0.002247] x86/PAT: MTRRs disabled, skipping PAT initialization too.
Jan  9 10:14:18 debian kernel: [    0.002250] CPU MTRRs all blank - virtualized system.
Jan  9 10:14:18 debian kernel: [    0.002252] x86/PAT: Configuration [0-7]: WB  WT  UC- UC  WB  WT  UC- UC  
Jan  9 10:14:18 debian kernel: [    0.002293] found SMP MP-table at [mem 0x0009fff0-0x0009ffff]
Jan  9 10:14:18 debian kernel: [    0.071711] RAMDISK: [mem 0x34e75000-0x36731fff]
Jan  9 10:14:18 debian kernel: [    0.071721] ACPI: Early table checksum verification disabled
Jan  9 10:14:18 debian kernel: [    0.071732] ACPI: RSDP 0x00000000000E0000 000024 (v02 VBOX  )
Jan  9 10:14:18 debian kernel: [    0.071735] ACPI: XSDT 0x000000003FFF0030 00003C (v01 VBOX   VBOXXSDT 00000001 ASL  00000061)
Jan  9 10:14:18 debian kernel: [    0.071740] ACPI: FACP 0x000000003FFF00F0 0000F4 (v04 VBOX   VBOXFACP 00000001 ASL  00000061)
Jan  9 10:14:18 debian kernel: [    0.071744] ACPI: DSDT 0x000000003FFF0470 002325 (v02 VBOX   VBOXBIOS 00000002 INTL 20100528)
Jan  9 10:14:18 debian kernel: [    0.071746] ACPI: FACS 0x000000003FFF0200 000040
Jan  9 10:14:18 debian kernel: [    0.071748] ACPI: FACS 0x000000003FFF0200 000040
Jan  9 10:14:18 debian kernel: [    0.071749] ACPI: APIC 0x000000003FFF0240 000054 (v02 VBOX   VBOXAPIC 00000001 ASL  00000061)
Jan  9 10:14:18 debian kernel: [    0.071751] ACPI: SSDT 0x000000003FFF02A0 0001CC (v01 VBOX   VBOXCPUT 00000002 INTL 20100528)
Jan  9 10:14:18 debian kernel: [    0.071757] ACPI: Local APIC address 0xfee00000
Jan  9 10:14:18 debian kernel: [    0.071950] No NUMA configuration found
Jan  9 10:14:18 debian kernel: [    0.071951] Faking a node at [mem 0x0000000000000000-0x000000003ffeffff]
Jan  9 10:14:18 debian kernel: [    0.071954] NODE_DATA(0) allocated [mem 0x3ffeb000-0x3ffeffff]
Jan  9 10:14:18 debian kernel: [    0.071972] Zone ranges:
Jan  9 10:14:18 debian kernel: [    0.071973]   DMA      [mem 0x0000000000001000-0x0000000000ffffff]
Jan  9 10:14:18 debian kernel: [    0.071974]   DMA32    [mem 0x0000000001000000-0x000000003ffeffff]
Jan  9 10:14:18 debian kernel: [    0.071974]   Normal   empty
Jan  9 10:14:18 debian kernel: [    0.071975]   Device   empty
Jan  9 10:14:18 debian kernel: [    0.071976] Movable zone start for each node
Jan  9 10:14:18 debian kernel: [    0.071976] Early memory node ranges
Jan  9 10:14:18 debian kernel: [    0.071977]   node   0: [mem 0x0000000000001000-0x000000000009efff]
Jan  9 10:14:18 debian kernel: [    0.071977]   node   0: [mem 0x0000000000100000-0x000000003ffeffff]
Jan  9 10:14:18 debian kernel: [    0.071980] Zeroed struct page in unavailable ranges: 114 pages
Jan  9 10:14:18 debian kernel: [    0.071981] Initmem setup node 0 [mem 0x0000000000001000-0x000000003ffeffff]
Jan  9 10:14:18 debian kernel: [    0.071982] On node 0 totalpages: 262030
Jan  9 10:14:18 debian kernel: [    0.071983]   DMA zone: 64 pages used for memmap
Jan  9 10:14:18 debian kernel: [    0.071983]   DMA zone: 21 pages reserved
Jan  9 10:14:18 debian kernel: [    0.071984]   DMA zone: 3998 pages, LIFO batch:0
Jan  9 10:14:18 debian kernel: [    0.072046]   DMA32 zone: 4032 pages used for memmap
Jan  9 10:14:18 debian kernel: [    0.072047]   DMA32 zone: 258032 pages, LIFO batch:63
Jan  9 10:14:18 debian kernel: [    0.076759] ACPI: PM-Timer IO Port: 0x4008
Jan  9 10:14:18 debian kernel: [    0.076762] ACPI: Local APIC address 0xfee00000
Jan  9 10:14:18 debian kernel: [    0.076835] IOAPIC[0]: apic_id 1, version 32, address 0xfec00000, GSI 0-23
Jan  9 10:14:18 debian kernel: [    0.076838] ACPI: INT_SRC_OVR (bus 0 bus_irq 0 global_irq 2 dfl dfl)
Jan  9 10:14:18 debian kernel: [    0.076840] ACPI: INT_SRC_OVR (bus 0 bus_irq 9 global_irq 9 low level)
Jan  9 10:14:18 debian kernel: [    0.076841] ACPI: IRQ0 used by override.
Jan  9 10:14:18 debian kernel: [    0.076842] ACPI: IRQ9 used by override.
Jan  9 10:14:18 debian kernel: [    0.076843] Using ACPI (MADT) for SMP configuration information
Jan  9 10:14:18 debian kernel: [    0.076850] smpboot: Allowing 1 CPUs, 0 hotplug CPUs
Jan  9 10:14:18 debian kernel: [    0.076876] PM: Registered nosave memory: [mem 0x00000000-0x00000fff]
Jan  9 10:14:18 debian kernel: [    0.076878] PM: Registered nosave memory: [mem 0x0009f000-0x0009ffff]
Jan  9 10:14:18 debian kernel: [    0.076878] PM: Registered nosave memory: [mem 0x000a0000-0x000effff]
Jan  9 10:14:18 debian kernel: [    0.076878] PM: Registered nosave memory: [mem 0x000f0000-0x000fffff]
Jan  9 10:14:18 debian kernel: [    0.076880] [mem 0x40000000-0xfebfffff] available for PCI devices
Jan  9 10:14:18 debian kernel: [    0.076882] Booting paravirtualized kernel on KVM
Jan  9 10:14:18 debian kernel: [    0.076885] clocksource: refined-jiffies: mask: 0xffffffff max_cycles: 0xffffffff, max_idle_ns: 7645519600211568 ns
Jan  9 10:14:18 debian kernel: [    0.159375] random: get_random_bytes called from start_kernel+0x93/0x52a with crng_init=0
Jan  9 10:14:18 debian kernel: [    0.159399] setup_percpu: NR_CPUS:512 nr_cpumask_bits:512 nr_cpu_ids:1 nr_node_ids:1
Jan  9 10:14:18 debian kernel: [    0.159631] percpu: Embedded 45 pages/cpu s144536 r8192 d31592 u2097152
Jan  9 10:14:18 debian kernel: [    0.159649] pcpu-alloc: s144536 r8192 d31592 u2097152 alloc=1*2097152
Jan  9 10:14:18 debian kernel: [    0.159650] pcpu-alloc: [0] 0 
Jan  9 10:14:18 debian kernel: [    0.159673] Built 1 zonelists, mobility grouping on.  Total pages: 257913
Jan  9 10:14:18 debian kernel: [    0.159673] Policy zone: DMA32
Jan  9 10:14:18 debian kernel: [    0.159676] Kernel command line: BOOT_IMAGE=/boot/vmlinuz-4.19.0-13-amd64 root=UUID=b2134173-c79e-4a19-9967-b97e969e1c8e ro quiet
Jan  9 10:14:18 debian kernel: [    0.159735] Calgary: detecting Calgary via BIOS EBDA area
Jan  9 10:14:18 debian kernel: [    0.159736] Calgary: Unable to locate Rio Grande table in EBDA - bailing!
Jan  9 10:14:18 debian kernel: [    0.163056] Memory: 981304K/1048120K available (10252K kernel code, 1242K rwdata, 3320K rodata, 1596K init, 2264K bss, 66816K reserved, 0K cma-reserved)
Jan  9 10:14:18 debian kernel: [    0.163235] SLUB: HWalign=64, Order=0-3, MinObjects=0, CPUs=1, Nodes=1
Jan  9 10:14:18 debian kernel: [    0.163256] ftrace: allocating 31960 entries in 125 pages
Jan  9 10:14:18 debian kernel: [    0.173774] rcu: Hierarchical RCU implementation.
Jan  9 10:14:18 debian kernel: [    0.173777] rcu: 	RCU restricting CPUs from NR_CPUS=512 to nr_cpu_ids=1.
Jan  9 10:14:18 debian kernel: [    0.173778] rcu: Adjusting geometry for rcu_fanout_leaf=16, nr_cpu_ids=1
Jan  9 10:14:18 debian kernel: [    0.176100] NR_IRQS: 33024, nr_irqs: 256, preallocated irqs: 16
Jan  9 10:14:18 debian kernel: [    0.184222] Console: colour VGA+ 80x25
Jan  9 10:14:18 debian kernel: [    0.184227] console [tty0] enabled
Jan  9 10:14:18 debian kernel: [    0.184248] ACPI: Core revision 20180810
Jan  9 10:14:18 debian kernel: [    0.184388] APIC: Switch to symmetric I/O mode setup
Jan  9 10:14:18 debian kernel: [    0.184606] x2apic enabled
Jan  9 10:14:18 debian kernel: [    0.184810] Switched APIC routing to physical x2apic.
Jan  9 10:14:18 debian kernel: [    0.185855] ..TIMER: vector=0x30 apic1=0 pin1=2 apic2=-1 pin2=-1
Jan  9 10:14:18 debian kernel: [    0.185877] clocksource: tsc-early: mask: 0xffffffffffffffff max_cycles: 0x33cb5d1ce9e, max_idle_ns: 440795242262 ns
Jan  9 10:14:18 debian kernel: [    0.185888] Calibrating delay loop (skipped) preset value.. 7186.47 BogoMIPS (lpj=14372944)
Jan  9 10:14:18 debian kernel: [    0.185890] pid_max: default: 32768 minimum: 301
Jan  9 10:14:18 debian kernel: [    0.185954] Security Framework initialized
Jan  9 10:14:18 debian kernel: [    0.185955] Yama: disabled by default; enable with sysctl kernel.yama.*
Jan  9 10:14:18 debian kernel: [    0.185974] AppArmor: AppArmor initialized
Jan  9 10:14:18 debian kernel: [    0.186118] Dentry cache hash table entries: 131072 (order: 8, 1048576 bytes)
Jan  9 10:14:18 debian kernel: [    0.186181] Inode-cache hash table entries: 65536 (order: 7, 524288 bytes)
Jan  9 10:14:18 debian kernel: [    0.186188] Mount-cache hash table entries: 2048 (order: 2, 16384 bytes)
Jan  9 10:14:18 debian kernel: [    0.186190] Mountpoint-cache hash table entries: 2048 (order: 2, 16384 bytes)
Jan  9 10:14:18 debian kernel: [    0.186444] CPU0: Hyper-Threading is disabled
Jan  9 10:14:18 debian kernel: [    0.186565] Last level iTLB entries: 4KB 1024, 2MB 1024, 4MB 512
Jan  9 10:14:18 debian kernel: [    0.186565] Last level dTLB entries: 4KB 1536, 2MB 1536, 4MB 768, 1GB 0
Jan  9 10:14:18 debian kernel: [    0.186567] Spectre V1 : Mitigation: usercopy/swapgs barriers and __user pointer sanitization
Jan  9 10:14:18 debian kernel: [    0.186567] Spectre V2 : Spectre mitigation: LFENCE not serializing, switching to generic retpoline
Jan  9 10:14:18 debian kernel: [    0.186838] Spectre V2 : Mitigation: Full generic retpoline
Jan  9 10:14:18 debian kernel: [    0.186839] Spectre V2 : Spectre v2 / SpectreRSB mitigation: Filling RSB on context switch
Jan  9 10:14:18 debian kernel: [    0.186840] Speculative Store Bypass: Mitigation: Speculative Store Bypass disabled via prctl and seccomp
Jan  9 10:14:18 debian kernel: [    0.191204] Freeing SMP alternatives memory: 24K
Jan  9 10:14:18 debian kernel: [    0.301246] smpboot: CPU0: AMD Ryzen 5 2400G with Radeon Vega Graphics (family: 0x17, model: 0x11, stepping: 0x0)
Jan  9 10:14:18 debian kernel: [    0.301380] Performance Events: PMU not available due to virtualization, using software events only.
Jan  9 10:14:18 debian kernel: [    0.301431] rcu: Hierarchical SRCU implementation.
Jan  9 10:14:18 debian kernel: [    0.301879] random: crng done (trusting CPU's manufacturer)
Jan  9 10:14:18 debian kernel: [    0.301879] NMI watchdog: Perf NMI watchdog permanently disabled
Jan  9 10:14:18 debian kernel: [    0.301879] smp: Bringing up secondary CPUs ...
Jan  9 10:14:18 debian kernel: [    0.301879] smp: Brought up 1 node, 1 CPU
Jan  9 10:14:18 debian kernel: [    0.301879] smpboot: Max logical packages: 1
Jan  9 10:14:18 debian kernel: [    0.301879] smpboot: Total of 1 processors activated (7186.47 BogoMIPS)
Jan  9 10:14:18 debian kernel: [    0.301879] devtmpfs: initialized
Jan  9 10:14:18 debian kernel: [    0.301879] x86/mm: Memory block size: 128MB
Jan  9 10:14:18 debian kernel: [    0.301879] clocksource: jiffies: mask: 0xffffffff max_cycles: 0xffffffff, max_idle_ns: 7645041785100000 ns
Jan  9 10:14:18 debian kernel: [    0.301879] futex hash table entries: 256 (order: 2, 16384 bytes)
Jan  9 10:14:18 debian kernel: [    0.301879] pinctrl core: initialized pinctrl subsystem
Jan  9 10:14:18 debian kernel: [    0.301879] NET: Registered protocol family 16
Jan  9 10:14:18 debian kernel: [    0.301879] audit: initializing netlink subsys (disabled)
Jan  9 10:14:18 debian kernel: [    0.301879] cpuidle: using governor ladder
Jan  9 10:14:18 debian kernel: [    0.301879] cpuidle: using governor menu
Jan  9 10:14:18 debian kernel: [    0.301879] ACPI: bus type PCI registered
Jan  9 10:14:18 debian kernel: [    0.301879] acpiphp: ACPI Hot Plug PCI Controller Driver version: 0.5
Jan  9 10:14:18 debian kernel: [    0.301904] PCI: Using configuration type 1 for base access
Jan  9 10:14:18 debian kernel: [    0.301905] PCI: Using configuration type 1 for extended access
Jan  9 10:14:18 debian kernel: [    0.302424] audit: type=2000 audit(1610206931.201:1): state=initialized audit_enabled=0 res=1
Jan  9 10:14:18 debian kernel: [    0.302488] HugeTLB registered 2.00 MiB page size, pre-allocated 0 pages
Jan  9 10:14:18 debian kernel: [    0.303121] ACPI: Added _OSI(Module Device)
Jan  9 10:14:18 debian kernel: [    0.303121] ACPI: Added _OSI(Processor Device)
Jan  9 10:14:18 debian kernel: [    0.303122] ACPI: Added _OSI(3.0 _SCP Extensions)
Jan  9 10:14:18 debian kernel: [    0.303122] ACPI: Added _OSI(Processor Aggregator Device)
Jan  9 10:14:18 debian kernel: [    0.303123] ACPI: Added _OSI(Linux-Dell-Video)
Jan  9 10:14:18 debian kernel: [    0.303124] ACPI: Added _OSI(Linux-Lenovo-NV-HDMI-Audio)
Jan  9 10:14:18 debian kernel: [    0.304275] ACPI: 2 ACPI AML tables successfully acquired and loaded
Jan  9 10:14:18 debian kernel: [    0.305278] ACPI: Interpreter enabled
Jan  9 10:14:18 debian kernel: [    0.305286] ACPI: (supports S0 S5)
Jan  9 10:14:18 debian kernel: [    0.305287] ACPI: Using IOAPIC for interrupt routing
Jan  9 10:14:18 debian kernel: [    0.305407] PCI: Using host bridge windows from ACPI; if necessary, use "pci=nocrs" and report a bug
Jan  9 10:14:18 debian kernel: [    0.305489] ACPI: Enabled 2 GPEs in block 00 to 07
Jan  9 10:14:18 debian kernel: [    0.308639] ACPI: PCI Root Bridge [PCI0] (domain 0000 [bus 00-ff])
Jan  9 10:14:18 debian kernel: [    0.308643] acpi PNP0A03:00: _OSC: OS supports [ExtendedConfig ASPM ClockPM Segments MSI]
Jan  9 10:14:18 debian kernel: [    0.309141] acpi PNP0A03:00: _OSC: platform does not support [PCIeCapability LTR]
Jan  9 10:14:18 debian kernel: [    0.309379] acpi PNP0A03:00: _OSC: not requesting control; platform does not support [PCIeCapability]
Jan  9 10:14:18 debian kernel: [    0.309380] acpi PNP0A03:00: _OSC: OS requested [PCIeHotplug SHPCHotplug PME AER PCIeCapability LTR]
Jan  9 10:14:18 debian kernel: [    0.309381] acpi PNP0A03:00: _OSC: platform willing to grant [PCIeHotplug SHPCHotplug PME AER]
Jan  9 10:14:18 debian kernel: [    0.309382] acpi PNP0A03:00: _OSC failed (AE_SUPPORT); disabling ASPM
Jan  9 10:14:18 debian kernel: [    0.309671] PCI host bridge to bus 0000:00
Jan  9 10:14:18 debian kernel: [    0.309673] pci_bus 0000:00: root bus resource [io  0x0000-0x0cf7 window]
Jan  9 10:14:18 debian kernel: [    0.309674] pci_bus 0000:00: root bus resource [io  0x0d00-0xffff window]
Jan  9 10:14:18 debian kernel: [    0.309675] pci_bus 0000:00: root bus resource [mem 0x000a0000-0x000bffff window]
Jan  9 10:14:18 debian kernel: [    0.309676] pci_bus 0000:00: root bus resource [mem 0x40000000-0xfdffffff window]
Jan  9 10:14:18 debian kernel: [    0.309677] pci_bus 0000:00: root bus resource [bus 00-ff]
Jan  9 10:14:18 debian kernel: [    0.309713] pci 0000:00:00.0: [8086:1237] type 00 class 0x060000
Jan  9 10:14:18 debian kernel: [    0.310399] pci 0000:00:01.0: [8086:7000] type 00 class 0x060100
Jan  9 10:14:18 debian kernel: [    0.311021] pci 0000:00:01.1: [8086:7111] type 00 class 0x01018a
Jan  9 10:14:18 debian kernel: [    0.311334] pci 0000:00:01.1: reg 0x20: [io  0xd000-0xd00f]
Jan  9 10:14:18 debian kernel: [    0.311464] pci 0000:00:01.1: legacy IDE quirk: reg 0x10: [io  0x01f0-0x01f7]
Jan  9 10:14:18 debian kernel: [    0.311465] pci 0000:00:01.1: legacy IDE quirk: reg 0x14: [io  0x03f6]
Jan  9 10:14:18 debian kernel: [    0.311466] pci 0000:00:01.1: legacy IDE quirk: reg 0x18: [io  0x0170-0x0177]
Jan  9 10:14:18 debian kernel: [    0.311466] pci 0000:00:01.1: legacy IDE quirk: reg 0x1c: [io  0x0376]
Jan  9 10:14:18 debian kernel: [    0.311671] pci 0000:00:02.0: [15ad:0405] type 00 class 0x030000
Jan  9 10:14:18 debian kernel: [    0.312787] pci 0000:00:02.0: reg 0x10: [io  0xd010-0xd01f]
Jan  9 10:14:18 debian kernel: [    0.313867] pci 0000:00:02.0: reg 0x14: [mem 0xf0000000-0xf0ffffff pref]
Jan  9 10:14:18 debian kernel: [    0.315044] pci 0000:00:02.0: reg 0x18: [mem 0xf1000000-0xf11fffff]
Jan  9 10:14:18 debian kernel: [    0.318618] pci 0000:00:03.0: [8086:100e] type 00 class 0x020000
Jan  9 10:14:18 debian kernel: [    0.319581] pci 0000:00:03.0: reg 0x10: [mem 0xf1200000-0xf121ffff]
Jan  9 10:14:18 debian kernel: [    0.321960] pci 0000:00:03.0: reg 0x18: [io  0xd020-0xd027]
Jan  9 10:14:18 debian kernel: [    0.325034] pci 0000:00:04.0: [80ee:cafe] type 00 class 0x088000
Jan  9 10:14:18 debian kernel: [    0.325823] pci 0000:00:04.0: reg 0x10: [io  0xd040-0xd05f]
Jan  9 10:14:18 debian kernel: [    0.326649] pci 0000:00:04.0: reg 0x14: [mem 0xf1400000-0xf17fffff]
Jan  9 10:14:18 debian kernel: [    0.327362] pci 0000:00:04.0: reg 0x18: [mem 0xf1800000-0xf1803fff pref]
Jan  9 10:14:18 debian kernel: [    0.330324] pci 0000:00:05.0: [8086:2415] type 00 class 0x040100
Jan  9 10:14:18 debian kernel: [    0.330437] pci 0000:00:05.0: reg 0x10: [io  0xd100-0xd1ff]
Jan  9 10:14:18 debian kernel: [    0.330491] pci 0000:00:05.0: reg 0x14: [io  0xd200-0xd23f]
Jan  9 10:14:18 debian kernel: [    0.330994] pci 0000:00:06.0: [106b:003f] type 00 class 0x0c0310
Jan  9 10:14:18 debian kernel: [    0.331823] pci 0000:00:06.0: reg 0x10: [mem 0xf1804000-0xf1804fff]
Jan  9 10:14:18 debian kernel: [    0.335789] pci 0000:00:07.0: [8086:7113] type 00 class 0x068000
Jan  9 10:14:18 debian kernel: [    0.336150] pci 0000:00:07.0: quirk: [io  0x4000-0x403f] claimed by PIIX4 ACPI
Jan  9 10:14:18 debian kernel: [    0.336160] pci 0000:00:07.0: quirk: [io  0x4100-0x410f] claimed by PIIX4 SMB
Jan  9 10:14:18 debian kernel: [    0.336471] pci 0000:00:0d.0: [8086:2829] type 00 class 0x010601
Jan  9 10:14:18 debian kernel: [    0.337956] pci 0000:00:0d.0: reg 0x10: [io  0xd240-0xd247]
Jan  9 10:14:18 debian kernel: [    0.338620] pci 0000:00:0d.0: reg 0x14: [io  0xd248-0xd24b]
Jan  9 10:14:18 debian kernel: [    0.339308] pci 0000:00:0d.0: reg 0x18: [io  0xd250-0xd257]
Jan  9 10:14:18 debian kernel: [    0.339944] pci 0000:00:0d.0: reg 0x1c: [io  0xd258-0xd25b]
Jan  9 10:14:18 debian kernel: [    0.340575] pci 0000:00:0d.0: reg 0x20: [io  0xd260-0xd26f]
Jan  9 10:14:18 debian kernel: [    0.341235] pci 0000:00:0d.0: reg 0x24: [mem 0xf1806000-0xf1807fff]
Jan  9 10:14:18 debian kernel: [    0.343138] ACPI: PCI Interrupt Link [LNKA] (IRQs 5 9 10 *11)
Jan  9 10:14:18 debian kernel: [    0.343459] ACPI: PCI Interrupt Link [LNKB] (IRQs 5 9 *10 11)
Jan  9 10:14:18 debian kernel: [    0.343591] ACPI: PCI Interrupt Link [LNKC] (IRQs 5 *9 10 11)
Jan  9 10:14:18 debian kernel: [    0.343741] ACPI: PCI Interrupt Link [LNKD] (IRQs 5 9 10 *11)
Jan  9 10:14:18 debian kernel: [    0.344036] pci 0000:00:02.0: vgaarb: setting as boot VGA device
Jan  9 10:14:18 debian kernel: [    0.344037] pci 0000:00:02.0: vgaarb: VGA device added: decodes=io+mem,owns=io+mem,locks=none
Jan  9 10:14:18 debian kernel: [    0.344039] pci 0000:00:02.0: vgaarb: bridge control possible
Jan  9 10:14:18 debian kernel: [    0.344039] vgaarb: loaded
Jan  9 10:14:18 debian kernel: [    0.344119] pps_core: LinuxPPS API ver. 1 registered
Jan  9 10:14:18 debian kernel: [    0.344120] pps_core: Software ver. 5.3.6 - Copyright 2005-2007 Rodolfo Giometti <giometti@linux.it>
Jan  9 10:14:18 debian kernel: [    0.344122] PTP clock support registered
Jan  9 10:14:18 debian kernel: [    0.344129] EDAC MC: Ver: 3.0.0
Jan  9 10:14:18 debian kernel: [    0.344377] PCI: Using ACPI for IRQ routing
Jan  9 10:14:18 debian kernel: [    0.344379] PCI: pci_cache_line_size set to 64 bytes
Jan  9 10:14:18 debian kernel: [    0.344525] e820: reserve RAM buffer [mem 0x0009fc00-0x0009ffff]
Jan  9 10:14:18 debian kernel: [    0.344528] e820: reserve RAM buffer [mem 0x3fff0000-0x3fffffff]
Jan  9 10:14:18 debian kernel: [    0.344709] clocksource: Switched to clocksource kvm-clock
Jan  9 10:14:18 debian kernel: [    0.350909] VFS: Disk quotas dquot_6.6.0
Jan  9 10:14:18 debian kernel: [    0.350921] VFS: Dquot-cache hash table entries: 512 (order 0, 4096 bytes)
Jan  9 10:14:18 debian kernel: [    0.351023] AppArmor: AppArmor Filesystem Enabled
Jan  9 10:14:18 debian kernel: [    0.351043] pnp: PnP ACPI init
Jan  9 10:14:18 debian kernel: [    0.351104] pnp 00:00: Plug and Play ACPI device, IDs PNP0303 (active)
Jan  9 10:14:18 debian kernel: [    0.351239] pnp 00:01: Plug and Play ACPI device, IDs PNP0f03 (active)
Jan  9 10:14:18 debian kernel: [    0.351730] pnp: PnP ACPI: found 2 devices
Jan  9 10:14:18 debian kernel: [    0.357133] clocksource: acpi_pm: mask: 0xffffff max_cycles: 0xffffff, max_idle_ns: 2085701024 ns
Jan  9 10:14:18 debian kernel: [    0.357144] pci_bus 0000:00: resource 4 [io  0x0000-0x0cf7 window]
Jan  9 10:14:18 debian kernel: [    0.357145] pci_bus 0000:00: resource 5 [io  0x0d00-0xffff window]
Jan  9 10:14:18 debian kernel: [    0.357146] pci_bus 0000:00: resource 6 [mem 0x000a0000-0x000bffff window]
Jan  9 10:14:18 debian kernel: [    0.357147] pci_bus 0000:00: resource 7 [mem 0x40000000-0xfdffffff window]
Jan  9 10:14:18 debian kernel: [    0.357204] NET: Registered protocol family 2
Jan  9 10:14:18 debian kernel: [    0.357334] tcp_listen_portaddr_hash hash table entries: 512 (order: 1, 8192 bytes)
Jan  9 10:14:18 debian kernel: [    0.357339] TCP established hash table entries: 8192 (order: 4, 65536 bytes)
Jan  9 10:14:18 debian kernel: [    0.357350] TCP bind hash table entries: 8192 (order: 5, 131072 bytes)
Jan  9 10:14:18 debian kernel: [    0.357364] TCP: Hash tables configured (established 8192 bind 8192)
Jan  9 10:14:18 debian kernel: [    0.357390] UDP hash table entries: 512 (order: 2, 16384 bytes)
Jan  9 10:14:18 debian kernel: [    0.357395] UDP-Lite hash table entries: 512 (order: 2, 16384 bytes)
Jan  9 10:14:18 debian kernel: [    0.357467] NET: Registered protocol family 1
Jan  9 10:14:18 debian kernel: [    0.357473] NET: Registered protocol family 44
Jan  9 10:14:18 debian kernel: [    0.357490] pci 0000:00:00.0: Limiting direct PCI/PCI transfers
Jan  9 10:14:18 debian kernel: [    0.357500] pci 0000:00:01.0: Activating ISA DMA hang workarounds
Jan  9 10:14:18 debian kernel: [    0.357542] pci 0000:00:02.0: Video device with shadowed ROM at [mem 0x000c0000-0x000dffff]
Jan  9 10:14:18 debian kernel: [    0.358583] PCI: CLS 0 bytes, default 64
Jan  9 10:14:18 debian kernel: [    0.358620] Unpacking initramfs...
Jan  9 10:14:18 debian kernel: [    0.725903] Freeing initrd memory: 25332K
Jan  9 10:14:18 debian kernel: [    0.725903] clocksource: tsc: mask: 0xffffffffffffffff max_cycles: 0x33cb5d1ce9e, max_idle_ns: 440795242262 ns
Jan  9 10:14:18 debian kernel: [    0.725903] platform rtc_cmos: registered platform RTC device (no PNP device found)
Jan  9 10:14:18 debian kernel: [    0.727202] Initialise system trusted keyrings
Jan  9 10:14:18 debian kernel: [    0.727250] Key type blacklist registered
Jan  9 10:14:18 debian kernel: [    0.727327] workingset: timestamp_bits=40 max_order=18 bucket_order=0
Jan  9 10:14:18 debian kernel: [    0.728237] zbud: loaded
Jan  9 10:14:18 debian kernel: [    0.824123] Key type asymmetric registered
Jan  9 10:14:18 debian kernel: [    0.824124] Asymmetric key parser 'x509' registered
Jan  9 10:14:18 debian kernel: [    0.824139] Block layer SCSI generic (bsg) driver version 0.4 loaded (major 247)
Jan  9 10:14:18 debian kernel: [    0.824158] io scheduler noop registered
Jan  9 10:14:18 debian kernel: [    0.824158] io scheduler deadline registered
Jan  9 10:14:18 debian kernel: [    0.824189] io scheduler cfq registered (default)
Jan  9 10:14:18 debian kernel: [    0.824190] io scheduler mq-deadline registered
Jan  9 10:14:18 debian kernel: [    0.824281] shpchp: Standard Hot Plug PCI Controller Driver version: 0.4
Jan  9 10:14:18 debian kernel: [    0.824389] Serial: 8250/16550 driver, 4 ports, IRQ sharing enabled
Jan  9 10:14:18 debian kernel: [    0.824603] Linux agpgart interface v0.103
Jan  9 10:14:18 debian kernel: [    0.824663] AMD IOMMUv2 driver by Joerg Roedel <jroedel@suse.de>
Jan  9 10:14:18 debian kernel: [    0.824663] AMD IOMMUv2 functionality not available on this system
Jan  9 10:14:18 debian kernel: [    0.824759] i8042: PNP: PS/2 Controller [PNP0303:PS2K,PNP0f03:PS2M] at 0x60,0x64 irq 1,12
Jan  9 10:14:18 debian kernel: [    0.825165] serio: i8042 KBD port at 0x60,0x64 irq 1
Jan  9 10:14:18 debian kernel: [    0.825169] serio: i8042 AUX port at 0x60,0x64 irq 12
Jan  9 10:14:18 debian kernel: [    0.825224] mousedev: PS/2 mouse device common for all mice
Jan  9 10:14:18 debian kernel: [    0.825640] input: AT Translated Set 2 keyboard as /devices/platform/i8042/serio0/input/input0
Jan  9 10:14:18 debian kernel: [    0.825793] rtc_cmos rtc_cmos: registered as rtc0
Jan  9 10:14:18 debian kernel: [    0.825803] rtc_cmos rtc_cmos: alarms up to one day, 114 bytes nvram
Jan  9 10:14:18 debian kernel: [    0.825814] ledtrig-cpu: registered to indicate activity on CPUs
Jan  9 10:14:18 debian kernel: [    0.826010] NET: Registered protocol family 10
Jan  9 10:14:18 debian kernel: [    0.830246] Segment Routing with IPv6
Jan  9 10:14:18 debian kernel: [    0.830291] mip6: Mobile IPv6
Jan  9 10:14:18 debian kernel: [    0.830293] NET: Registered protocol family 17
Jan  9 10:14:18 debian kernel: [    0.830316] mpls_gso: MPLS GSO support
Jan  9 10:14:18 debian kernel: [    0.830384] mce: Using 0 MCE banks
Jan  9 10:14:18 debian kernel: [    0.830411] sched_clock: Marking stable (817202390, 9484637)->(831657645, -4970618)
Jan  9 10:14:18 debian kernel: [    0.830506] registered taskstats version 1
Jan  9 10:14:18 debian kernel: [    0.830506] Loading compiled-in X.509 certificates
Jan  9 10:14:18 debian kernel: [    0.851840] Loaded X.509 cert 'Debian Secure Boot CA: 6ccece7e4c6c0d1f6149f3dd27dfcc5cbb419ea1'
Jan  9 10:14:18 debian kernel: [    0.851882] Loaded X.509 cert 'Debian Secure Boot Signer 2020: 00b55eb3b9'
Jan  9 10:14:18 debian kernel: [    0.851911] zswap: loaded using pool lzo/zbud
Jan  9 10:14:18 debian kernel: [    0.852052] AppArmor: AppArmor sha1 policy hashing enabled
Jan  9 10:14:18 debian kernel: [    0.852325] rtc_cmos rtc_cmos: setting system clock to 2021-01-09 15:14:08 UTC (1610205248)
Jan  9 10:14:18 debian kernel: [    0.853544] Freeing unused kernel image memory: 1596K
Jan  9 10:14:18 debian kernel: [    0.862158] Write protecting the kernel read-only data: 16384k
Jan  9 10:14:18 debian kernel: [    0.862716] Freeing unused kernel image memory: 2028K
Jan  9 10:14:18 debian kernel: [    0.862900] Freeing unused kernel image memory: 776K
Jan  9 10:14:18 debian kernel: [    0.871177] x86/mm: Checked W+X mappings: passed, no W+X pages found.
Jan  9 10:14:18 debian kernel: [    0.871181] Run /init as init process
Jan  9 10:14:18 debian kernel: [    0.952403] e1000: Intel(R) PRO/1000 Network Driver - version 7.3.21-k8-NAPI
Jan  9 10:14:18 debian kernel: [    0.952404] e1000: Copyright (c) 1999-2006 Intel Corporation.
Jan  9 10:14:18 debian kernel: [    0.961870] piix4_smbus 0000:00:07.0: SMBus Host Controller at 0x4100, revision 0
Jan  9 10:14:18 debian kernel: [    0.974059] SCSI subsystem initialized
Jan  9 10:14:18 debian kernel: [    0.998673] cryptd: max_cpu_qlen set to 1000
Jan  9 10:14:18 debian kernel: [    1.016430] AVX2 version of gcm_enc/dec engaged.
Jan  9 10:14:18 debian kernel: [    1.016431] AES CTR mode by8 optimization enabled
Jan  9 10:14:18 debian kernel: [    1.016847] ACPI: bus type USB registered
Jan  9 10:14:18 debian kernel: [    1.016862] usbcore: registered new interface driver usbfs
Jan  9 10:14:18 debian kernel: [    1.016866] usbcore: registered new interface driver hub
Jan  9 10:14:18 debian kernel: [    1.021951] usbcore: registered new device driver usb
Jan  9 10:14:18 debian kernel: [    1.024549] ehci_hcd: USB 2.0 'Enhanced' Host Controller (EHCI) Driver
Jan  9 10:14:18 debian kernel: [    1.025799] libata version 3.00 loaded.
Jan  9 10:14:18 debian kernel: [    1.028277] ahci 0000:00:0d.0: version 3.0
Jan  9 10:14:18 debian kernel: [    1.028711] ahci 0000:00:0d.0: SSS flag set, parallel bus scan disabled
Jan  9 10:14:18 debian kernel: [    1.028869] ahci 0000:00:0d.0: AHCI 0001.0100 32 slots 1 ports 3 Gbps 0x1 impl SATA mode
Jan  9 10:14:18 debian kernel: [    1.028870] ahci 0000:00:0d.0: flags: 64bit ncq stag only ccc 
Jan  9 10:14:18 debian kernel: [    1.029927] ata_piix 0000:00:01.1: version 2.13
Jan  9 10:14:18 debian kernel: [    1.038789] scsi host0: ahci
Jan  9 10:14:18 debian kernel: [    1.038882] ata1: SATA max UDMA/133 abar m8192@0xf1806000 port 0xf1806100 irq 21
Jan  9 10:14:18 debian kernel: [    1.042042] scsi host1: ata_piix
Jan  9 10:14:18 debian kernel: [    1.044070] ohci_hcd: USB 1.1 'Open' Host Controller (OHCI) Driver
Jan  9 10:14:18 debian kernel: [    1.044549] ehci-pci: EHCI PCI platform driver
Jan  9 10:14:18 debian kernel: [    1.044974] ohci-pci: OHCI PCI platform driver
Jan  9 10:14:18 debian kernel: [    1.045386] ohci-pci 0000:00:06.0: OHCI PCI host controller
Jan  9 10:14:18 debian kernel: [    1.045393] ohci-pci 0000:00:06.0: new USB bus registered, assigned bus number 1
Jan  9 10:14:18 debian kernel: [    1.045454] ohci-pci 0000:00:06.0: irq 22, io mem 0xf1804000
Jan  9 10:14:18 debian kernel: [    1.046971] scsi host2: ata_piix
Jan  9 10:14:18 debian kernel: [    1.047022] ata2: PATA max UDMA/33 cmd 0x1f0 ctl 0x3f6 bmdma 0xd000 irq 14
Jan  9 10:14:18 debian kernel: [    1.047023] ata3: PATA max UDMA/33 cmd 0x170 ctl 0x376 bmdma 0xd008 irq 15
Jan  9 10:14:18 debian kernel: [    1.102457] usb usb1: New USB device found, idVendor=1d6b, idProduct=0001, bcdDevice= 4.19
Jan  9 10:14:18 debian kernel: [    1.102458] usb usb1: New USB device strings: Mfr=3, Product=2, SerialNumber=1
Jan  9 10:14:18 debian kernel: [    1.102459] usb usb1: Product: OHCI PCI host controller
Jan  9 10:14:18 debian kernel: [    1.102460] usb usb1: Manufacturer: Linux 4.19.0-13-amd64 ohci_hcd
Jan  9 10:14:18 debian kernel: [    1.102461] usb usb1: SerialNumber: 0000:00:06.0
Jan  9 10:14:18 debian kernel: [    1.102760] hub 1-0:1.0: USB hub found
Jan  9 10:14:18 debian kernel: [    1.102905] hub 1-0:1.0: 12 ports detected
Jan  9 10:14:18 debian kernel: [    1.207980] input: ImExPS/2 Generic Explorer Mouse as /devices/platform/i8042/serio1/input/input2
Jan  9 10:14:18 debian kernel: [    1.228497] ata3.00: ATAPI: VBOX CD-ROM, 1.0, max UDMA/133
Jan  9 10:14:18 debian kernel: [    1.356340] ata1: SATA link up 3.0 Gbps (SStatus 123 SControl 300)
Jan  9 10:14:18 debian kernel: [    1.356473] ata1.00: ATA-6: VBOX HARDDISK, 1.0, max UDMA/133
Jan  9 10:14:18 debian kernel: [    1.356475] ata1.00: 16777216 sectors, multi 128: LBA48 NCQ (depth 32)
Jan  9 10:14:18 debian kernel: [    1.360904] ata1.00: configured for UDMA/133
Jan  9 10:14:18 debian kernel: [    1.361059] scsi 0:0:0:0: Direct-Access     ATA      VBOX HARDDISK    1.0  PQ: 0 ANSI: 5
Jan  9 10:14:18 debian kernel: [    1.361846] scsi 2:0:0:0: CD-ROM            VBOX     CD-ROM           1.0  PQ: 0 ANSI: 5
Jan  9 10:14:18 debian kernel: [    1.378660] sd 0:0:0:0: [sda] 16777216 512-byte logical blocks: (8.59 GB/8.00 GiB)
Jan  9 10:14:18 debian kernel: [    1.378665] sd 0:0:0:0: [sda] Write Protect is off
Jan  9 10:14:18 debian kernel: [    1.378667] sd 0:0:0:0: [sda] Mode Sense: 00 3a 00 00
Jan  9 10:14:18 debian kernel: [    1.378673] sd 0:0:0:0: [sda] Write cache: enabled, read cache: enabled, doesn't support DPO or FUA
Jan  9 10:14:18 debian kernel: [    1.406331] sr 2:0:0:0: [sr0] scsi3-mmc drive: 32x/32x xa/form2 tray
Jan  9 10:14:18 debian kernel: [    1.406334] cdrom: Uniform CD-ROM driver Revision: 3.20
Jan  9 10:14:18 debian kernel: [    1.406831] sr 2:0:0:0: Attached scsi CD-ROM sr0
Jan  9 10:14:18 debian kernel: [    1.434260]  sda: sda1 sda2 < sda5 >
Jan  9 10:14:18 debian kernel: [    1.434525] sd 0:0:0:0: [sda] Attached SCSI disk
Jan  9 10:14:18 debian kernel: [    1.455921] e1000 0000:00:03.0 eth0: (PCI:33MHz:32-bit) 08:00:27:b3:95:26
Jan  9 10:14:18 debian kernel: [    1.455926] e1000 0000:00:03.0 eth0: Intel(R) PRO/1000 Network Connection
Jan  9 10:14:18 debian kernel: [    1.457828] e1000 0000:00:03.0 enp0s3: renamed from eth0
Jan  9 10:14:18 debian kernel: [    1.542074] usb 1-1: new full-speed USB device number 2 using ohci-pci
Jan  9 10:14:18 debian kernel: [    1.654701] PM: Image not found (code -22)
Jan  9 10:14:18 debian kernel: [    1.864998] usb 1-1: New USB device found, idVendor=80ee, idProduct=0021, bcdDevice= 1.00
Jan  9 10:14:18 debian kernel: [    1.865002] usb 1-1: New USB device strings: Mfr=1, Product=3, SerialNumber=0
Jan  9 10:14:18 debian kernel: [    1.865004] usb 1-1: Product: USB Tablet
Jan  9 10:14:18 debian kernel: [    1.865005] usb 1-1: Manufacturer: VirtualBox
Jan  9 10:14:18 debian kernel: [    1.879004] hidraw: raw HID events driver (C) Jiri Kosina
Jan  9 10:14:18 debian kernel: [    1.895398] usbcore: registered new interface driver usbhid
Jan  9 10:14:18 debian kernel: [    1.895400] usbhid: USB HID core driver
Jan  9 10:14:18 debian kernel: [    1.901203] input: VirtualBox USB Tablet as /devices/pci0000:00/0000:00:06.0/usb1/1-1/1-1:1.0/0003:80EE:0021.0001/input/input3
Jan  9 10:14:18 debian kernel: [    1.901545] hid-generic 0003:80EE:0021.0001: input,hidraw0: USB HID v1.10 Mouse [VirtualBox USB Tablet] on usb-0000:00:06.0-1/input0
Jan  9 10:14:18 debian kernel: [    1.997918] EXT4-fs (sda1): mounted filesystem with ordered data mode. Opts: (null)
Jan  9 10:14:18 debian kernel: [    5.909903] EXT4-fs (sda1): re-mounted. Opts: errors=remount-ro
Jan  9 10:14:18 debian kernel: [    6.071052] lp: driver loaded but no devices found
Jan  9 10:14:18 debian kernel: [    6.094400] ppdev: user-space parallel port driver
Jan  9 10:14:18 debian kernel: [    7.546869] audit: type=1400 audit(1610205255.192:2): apparmor="STATUS" operation="profile_load" profile="unconfined" name="nvidia_modprobe" pid=255 comm="apparmor_parser"
Jan  9 10:14:18 debian kernel: [    7.547178] audit: type=1400 audit(1610205255.192:3): apparmor="STATUS" operation="profile_load" profile="unconfined" name="nvidia_modprobe//kmod" pid=255 comm="apparmor_parser"
Jan  9 10:14:18 debian kernel: [    7.718858] ACPI: Video Device [GFX0] (multi-head: yes  rom: no  post: no)
Jan  9 10:14:18 debian kernel: [    7.718909] input: Video Bus as /devices/LNXSYSTM:00/LNXSYBUS:00/PNP0A03:00/LNXVIDEO:00/input/input4
Jan  9 10:14:18 debian kernel: [    7.719597] ACPI: AC Adapter [AC] (on-line)
Jan  9 10:14:18 debian kernel: [    7.800494] input: Power Button as /devices/LNXSYSTM:00/LNXPWRBN:00/input/input5
Jan  9 10:14:18 debian kernel: [    7.801358] ACPI: Power Button [PWRF]
Jan  9 10:14:18 debian kernel: [    7.801488] input: Sleep Button as /devices/LNXSYSTM:00/LNXSLPBN:00/input/input6
Jan  9 10:14:18 debian kernel: [    7.801496] ACPI: Sleep Button [SLPF]
Jan  9 10:14:18 debian kernel: [    7.841569] vboxguest: host-version: 6.1.0r135406 0x8000000f
Jan  9 10:14:18 debian kernel: [    7.875529] sd 0:0:0:0: Attached scsi generic sg0 type 0
Jan  9 10:14:18 debian kernel: [    7.875557] sr 2:0:0:0: Attached scsi generic sg1 type 5
Jan  9 10:14:18 debian kernel: [    7.890909] input: PC Speaker as /devices/platform/pcspkr/input/input7
Jan  9 10:14:18 debian kernel: [    7.900283] vbg_heartbeat_init: Setting up heartbeat to trigger every 2000 milliseconds
Jan  9 10:14:18 debian kernel: [    7.900398] input: VirtualBox mouse integration as /devices/pci0000:00/0000:00:04.0/input/input8
Jan  9 10:14:18 debian kernel: [    7.903542] vboxguest: misc device minor 58, IRQ 20, I/O port d040, MMIO at 0x00000000f1400000 (size 0x0000000000400000)
Jan  9 10:14:18 debian kernel: [    8.205472] [drm] DMA map mode: Using physical TTM page addresses.
Jan  9 10:14:18 debian kernel: [    8.205513] [drm] Capabilities:
Jan  9 10:14:18 debian kernel: [    8.205513] [drm]   Cursor.
Jan  9 10:14:18 debian kernel: [    8.205514] [drm]   Cursor bypass 2.
Jan  9 10:14:18 debian kernel: [    8.205514] [drm]   Alpha cursor.
Jan  9 10:14:18 debian kernel: [    8.205514] [drm]   3D.
Jan  9 10:14:18 debian kernel: [    8.205514] [drm]   Extended Fifo.
Jan  9 10:14:18 debian kernel: [    8.205515] [drm]   Pitchlock.
Jan  9 10:14:18 debian kernel: [    8.205515] [drm]   Irq mask.
Jan  9 10:14:18 debian kernel: [    8.205515] [drm]   GMR.
Jan  9 10:14:18 debian kernel: [    8.205515] [drm]   Traces.
Jan  9 10:14:18 debian kernel: [    8.205515] [drm]   GMR2.
Jan  9 10:14:18 debian kernel: [    8.205516] [drm]   Screen Object 2.
Jan  9 10:14:18 debian kernel: [    8.205517] [drm] Max GMR ids is 8192
Jan  9 10:14:18 debian kernel: [    8.205517] [drm] Max number of GMR pages is 1048576
Jan  9 10:14:18 debian kernel: [    8.205518] [drm] Max dedicated hypervisor surface memory is 507904 kiB
Jan  9 10:14:18 debian kernel: [    8.205518] [drm] Maximum display memory size is 16384 kiB
Jan  9 10:14:18 debian kernel: [    8.205519] [drm] VRAM at 0xf0000000 size is 16384 kiB
Jan  9 10:14:18 debian kernel: [    8.205519] [drm] MMIO at 0xf1000000 size is 2048 kiB
Jan  9 10:14:18 debian kernel: [    8.205520] [drm] global init.
Jan  9 10:14:18 debian kernel: [    8.211956] [TTM] Zone  kernel: Available graphics memory: 505530 kiB
Jan  9 10:14:18 debian kernel: [    8.211958] [TTM] Initializing pool allocator
Jan  9 10:14:18 debian kernel: [    8.211962] [TTM] Initializing DMA pool allocator
Jan  9 10:14:18 debian kernel: [    8.217109] [drm] Supports vblank timestamp caching Rev 2 (21.10.2013).
Jan  9 10:14:18 debian kernel: [    8.217110] [drm] No driver support for vblank timestamp query.
Jan  9 10:14:18 debian kernel: [    8.217322] [drm] Screen Objects Display Unit initialized
Jan  9 10:14:18 debian kernel: [    8.217369] [drm] width 720
Jan  9 10:14:18 debian kernel: [    8.217377] [drm] height 400
Jan  9 10:14:18 debian kernel: [    8.217385] [drm] bpp 32
Jan  9 10:14:18 debian kernel: [    8.217582] [drm] Fifo max 0x00200000 min 0x00001000 cap 0x00000355
Jan  9 10:14:18 debian kernel: [    8.217591] [drm] DX: no.
Jan  9 10:14:18 debian kernel: [    8.217591] [drm] Atomic: yes.
Jan  9 10:14:18 debian kernel: [    8.217592] [drm] SM4_1: no.
Jan  9 10:14:18 debian kernel: [    8.217607] [drm:vmw_host_log [vmwgfx]] *ERROR* Failed to send host log message.
Jan  9 10:14:18 debian kernel: [    8.218928] [drm:vmw_host_log [vmwgfx]] *ERROR* Failed to send host log message.
Jan  9 10:14:18 debian kernel: [    8.275656] Decoding supported only on Scalable MCA processors.
Jan  9 10:14:18 debian kernel: [    8.349484] fbcon: svgadrmfb (fb0) is primary device
Jan  9 10:14:18 debian kernel: [    8.404485] audit: type=1400 audit(1610205256.048:4): apparmor="STATUS" operation="profile_load" profile="unconfined" name="/usr/sbin/cups-browsed" pid=266 comm="apparmor_parser"
Jan  9 10:14:18 debian kernel: [    8.485246] Console: switching to colour frame buffer device 100x37
Jan  9 10:14:18 debian kernel: [    8.489109] [drm] Initialized vmwgfx 2.15.0 20180704 for 0000:00:02.0 on minor 0
Jan  9 10:14:18 debian kernel: [    8.534267] Adding 1046524k swap on /dev/sda5.  Priority:-2 extents:1 across:1046524k FS
Jan  9 10:14:18 debian kernel: [    8.689561] audit: type=1400 audit(1610205256.332:5): apparmor="STATUS" operation="profile_load" profile="unconfined" name="/usr/bin/man" pid=302 comm="apparmor_parser"
Jan  9 10:14:18 debian kernel: [    8.692416] audit: type=1400 audit(1610205256.336:6): apparmor="STATUS" operation="profile_load" profile="unconfined" name="man_filter" pid=302 comm="apparmor_parser"
Jan  9 10:14:18 debian kernel: [    8.694408] audit: type=1400 audit(1610205256.340:7): apparmor="STATUS" operation="profile_load" profile="unconfined" name="man_groff" pid=302 comm="apparmor_parser"
Jan  9 10:14:18 debian kernel: [    9.361006] audit: type=1400 audit(1610205257.004:8): apparmor="STATUS" operation="profile_load" profile="unconfined" name="/usr/lib/cups/backend/cups-pdf" pid=343 comm="apparmor_parser"
Jan  9 10:14:18 debian kernel: [    9.361434] audit: type=1400 audit(1610205257.004:9): apparmor="STATUS" operation="profile_load" profile="unconfined" name="/usr/sbin/cupsd" pid=343 comm="apparmor_parser"
Jan  9 10:14:18 debian kernel: [    9.361584] audit: type=1400 audit(1610205257.004:10): apparmor="STATUS" operation="profile_load" profile="unconfined" name="/usr/sbin/cupsd//third_party" pid=343 comm="apparmor_parser"
Jan  9 10:14:18 debian kernel: [    9.435276] snd_intel8x0 0000:00:05.0: white list rate for 1028:0177 is 48000
Jan  9 10:14:18 debian kernel: [   10.767038] IPv6: ADDRCONF(NETDEV_UP): enp0s3: link is not ready
Jan  9 10:14:18 debian kernel: [   10.770982] e1000: enp0s3 NIC Link is Up 1000 Mbps Full Duplex, Flow Control: RX
Jan  9 10:14:18 debian kernel: [   10.771464] IPv6: ADDRCONF(NETDEV_CHANGE): enp0s3: link becomes ready
Jan 11 03:43:43 debianDNS kernel: [    0.000000] Linux version 4.19.0-13-amd64 (debian-kernel@lists.debian.org) (gcc version 8.3.0 (Debian 8.3.0-6)) #1 SMP Debian 4.19.160-2 (2020-11-28)
Jan 11 03:43:43 debianDNS kernel: [    0.000000] Command line: BOOT_IMAGE=/boot/vmlinuz-4.19.0-13-amd64 root=UUID=b2134173-c79e-4a19-9967-b97e969e1c8e ro quiet
Jan 11 03:43:43 debianDNS kernel: [    0.000000] x86/fpu: Supporting XSAVE feature 0x001: 'x87 floating point registers'
Jan 11 03:43:43 debianDNS kernel: [    0.000000] x86/fpu: Supporting XSAVE feature 0x002: 'SSE registers'
Jan 11 03:43:43 debianDNS kernel: [    0.000000] x86/fpu: Supporting XSAVE feature 0x004: 'AVX registers'
Jan 11 03:43:43 debianDNS kernel: [    0.000000] x86/fpu: xstate_offset[2]:  576, xstate_sizes[2]:  256
Jan 11 03:43:43 debianDNS kernel: [    0.000000] x86/fpu: Enabled xstate features 0x7, context size is 832 bytes, using 'standard' format.
Jan 11 03:43:43 debianDNS kernel: [    0.000000] BIOS-provided physical RAM map:
Jan 11 03:43:43 debianDNS kernel: [    0.000000] BIOS-e820: [mem 0x0000000000000000-0x000000000009fbff] usable
Jan 11 03:43:43 debianDNS kernel: [    0.000000] BIOS-e820: [mem 0x000000000009fc00-0x000000000009ffff] reserved
Jan 11 03:43:43 debianDNS kernel: [    0.000000] BIOS-e820: [mem 0x00000000000f0000-0x00000000000fffff] reserved
Jan 11 03:43:43 debianDNS kernel: [    0.000000] BIOS-e820: [mem 0x0000000000100000-0x000000003ffeffff] usable
Jan 11 03:43:43 debianDNS kernel: [    0.000000] BIOS-e820: [mem 0x000000003fff0000-0x000000003fffffff] ACPI data
Jan 11 03:43:43 debianDNS kernel: [    0.000000] BIOS-e820: [mem 0x00000000fec00000-0x00000000fec00fff] reserved
Jan 11 03:43:43 debianDNS kernel: [    0.000000] BIOS-e820: [mem 0x00000000fee00000-0x00000000fee00fff] reserved
Jan 11 03:43:43 debianDNS kernel: [    0.000000] BIOS-e820: [mem 0x00000000fffc0000-0x00000000ffffffff] reserved
Jan 11 03:43:43 debianDNS kernel: [    0.000000] NX (Execute Disable) protection: active
Jan 11 03:43:43 debianDNS kernel: [    0.000000] SMBIOS 2.5 present.
Jan 11 03:43:43 debianDNS kernel: [    0.000000] DMI: innotek GmbH VirtualBox/VirtualBox, BIOS VirtualBox 12/01/2006
Jan 11 03:43:43 debianDNS kernel: [    0.000000] Hypervisor detected: KVM
Jan 11 03:43:43 debianDNS kernel: [    0.000000] kvm-clock: Using msrs 4b564d01 and 4b564d00
Jan 11 03:43:43 debianDNS kernel: [    0.000001] kvm-clock: cpu 0, msr 31beb001, primary cpu clock
Jan 11 03:43:43 debianDNS kernel: [    0.000001] kvm-clock: using sched offset of 9048770448 cycles
Jan 11 03:43:43 debianDNS kernel: [    0.000003] clocksource: kvm-clock: mask: 0xffffffffffffffff max_cycles: 0x1cd42e4dffb, max_idle_ns: 881590591483 ns
Jan 11 03:43:43 debianDNS kernel: [    0.000006] tsc: Detected 2711.998 MHz processor
Jan 11 03:43:43 debianDNS kernel: [    0.002163] e820: update [mem 0x00000000-0x00000fff] usable ==> reserved
Jan 11 03:43:43 debianDNS kernel: [    0.002166] e820: remove [mem 0x000a0000-0x000fffff] usable
Jan 11 03:43:43 debianDNS kernel: [    0.002171] last_pfn = 0x3fff0 max_arch_pfn = 0x400000000
Jan 11 03:43:43 debianDNS kernel: [    0.002185] MTRR default type: uncachable
Jan 11 03:43:43 debianDNS kernel: [    0.002186] MTRR variable ranges disabled:
Jan 11 03:43:43 debianDNS kernel: [    0.002187] Disabled
Jan 11 03:43:43 debianDNS kernel: [    0.002188] x86/PAT: MTRRs disabled, skipping PAT initialization too.
Jan 11 03:43:43 debianDNS kernel: [    0.002191] CPU MTRRs all blank - virtualized system.
Jan 11 03:43:43 debianDNS kernel: [    0.002195] x86/PAT: Configuration [0-7]: WB  WT  UC- UC  WB  WT  UC- UC  
Jan 11 03:43:43 debianDNS kernel: [    0.002250] found SMP MP-table at [mem 0x0009fff0-0x0009ffff]
Jan 11 03:43:43 debianDNS kernel: [    0.072582] RAMDISK: [mem 0x34e75000-0x36731fff]
Jan 11 03:43:43 debianDNS kernel: [    0.072590] ACPI: Early table checksum verification disabled
Jan 11 03:43:43 debianDNS kernel: [    0.072600] ACPI: RSDP 0x00000000000E0000 000024 (v02 VBOX  )
Jan 11 03:43:43 debianDNS kernel: [    0.072603] ACPI: XSDT 0x000000003FFF0030 00003C (v01 VBOX   VBOXXSDT 00000001 ASL  00000061)
Jan 11 03:43:43 debianDNS kernel: [    0.072607] ACPI: FACP 0x000000003FFF00F0 0000F4 (v04 VBOX   VBOXFACP 00000001 ASL  00000061)
Jan 11 03:43:43 debianDNS kernel: [    0.072610] ACPI: DSDT 0x000000003FFF0470 002325 (v02 VBOX   VBOXBIOS 00000002 INTL 20190509)
Jan 11 03:43:43 debianDNS kernel: [    0.072612] ACPI: FACS 0x000000003FFF0200 000040
Jan 11 03:43:43 debianDNS kernel: [    0.072613] ACPI: FACS 0x000000003FFF0200 000040
Jan 11 03:43:43 debianDNS kernel: [    0.072614] ACPI: APIC 0x000000003FFF0240 000054 (v02 VBOX   VBOXAPIC 00000001 ASL  00000061)
Jan 11 03:43:43 debianDNS kernel: [    0.072616] ACPI: SSDT 0x000000003FFF02A0 0001CC (v01 VBOX   VBOXCPUT 00000002 INTL 20190509)
Jan 11 03:43:43 debianDNS kernel: [    0.072622] ACPI: Local APIC address 0xfee00000
Jan 11 03:43:43 debianDNS kernel: [    0.072812] No NUMA configuration found
Jan 11 03:43:43 debianDNS kernel: [    0.072812] Faking a node at [mem 0x0000000000000000-0x000000003ffeffff]
Jan 11 03:43:43 debianDNS kernel: [    0.072815] NODE_DATA(0) allocated [mem 0x3ffeb000-0x3ffeffff]
Jan 11 03:43:43 debianDNS kernel: [    0.072828] Zone ranges:
Jan 11 03:43:43 debianDNS kernel: [    0.072829]   DMA      [mem 0x0000000000001000-0x0000000000ffffff]
Jan 11 03:43:43 debianDNS kernel: [    0.072830]   DMA32    [mem 0x0000000001000000-0x000000003ffeffff]
Jan 11 03:43:43 debianDNS kernel: [    0.072830]   Normal   empty
Jan 11 03:43:43 debianDNS kernel: [    0.072831]   Device   empty
Jan 11 03:43:43 debianDNS kernel: [    0.072831] Movable zone start for each node
Jan 11 03:43:43 debianDNS kernel: [    0.072832] Early memory node ranges
Jan 11 03:43:43 debianDNS kernel: [    0.072832]   node   0: [mem 0x0000000000001000-0x000000000009efff]
Jan 11 03:43:43 debianDNS kernel: [    0.072833]   node   0: [mem 0x0000000000100000-0x000000003ffeffff]
Jan 11 03:43:43 debianDNS kernel: [    0.072835] Zeroed struct page in unavailable ranges: 114 pages
Jan 11 03:43:43 debianDNS kernel: [    0.072836] Initmem setup node 0 [mem 0x0000000000001000-0x000000003ffeffff]
Jan 11 03:43:43 debianDNS kernel: [    0.072837] On node 0 totalpages: 262030
Jan 11 03:43:43 debianDNS kernel: [    0.072838]   DMA zone: 64 pages used for memmap
Jan 11 03:43:43 debianDNS kernel: [    0.072838]   DMA zone: 21 pages reserved
Jan 11 03:43:43 debianDNS kernel: [    0.072839]   DMA zone: 3998 pages, LIFO batch:0
Jan 11 03:43:43 debianDNS kernel: [    0.072909]   DMA32 zone: 4032 pages used for memmap
Jan 11 03:43:43 debianDNS kernel: [    0.072910]   DMA32 zone: 258032 pages, LIFO batch:63
Jan 11 03:43:43 debianDNS kernel: [    0.077656] ACPI: PM-Timer IO Port: 0x4008
Jan 11 03:43:43 debianDNS kernel: [    0.077657] ACPI: Local APIC address 0xfee00000
Jan 11 03:43:43 debianDNS kernel: [    0.077699] IOAPIC[0]: apic_id 1, version 32, address 0xfec00000, GSI 0-23
Jan 11 03:43:43 debianDNS kernel: [    0.077700] ACPI: INT_SRC_OVR (bus 0 bus_irq 0 global_irq 2 dfl dfl)
Jan 11 03:43:43 debianDNS kernel: [    0.077702] ACPI: INT_SRC_OVR (bus 0 bus_irq 9 global_irq 9 low level)
Jan 11 03:43:43 debianDNS kernel: [    0.077702] ACPI: IRQ0 used by override.
Jan 11 03:43:43 debianDNS kernel: [    0.077703] ACPI: IRQ9 used by override.
Jan 11 03:43:43 debianDNS kernel: [    0.077704] Using ACPI (MADT) for SMP configuration information
Jan 11 03:43:43 debianDNS kernel: [    0.077708] smpboot: Allowing 1 CPUs, 0 hotplug CPUs
Jan 11 03:43:43 debianDNS kernel: [    0.077723] PM: Registered nosave memory: [mem 0x00000000-0x00000fff]
Jan 11 03:43:43 debianDNS kernel: [    0.077724] PM: Registered nosave memory: [mem 0x0009f000-0x0009ffff]
Jan 11 03:43:43 debianDNS kernel: [    0.077724] PM: Registered nosave memory: [mem 0x000a0000-0x000effff]
Jan 11 03:43:43 debianDNS kernel: [    0.077725] PM: Registered nosave memory: [mem 0x000f0000-0x000fffff]
Jan 11 03:43:43 debianDNS kernel: [    0.077726] [mem 0x40000000-0xfebfffff] available for PCI devices
Jan 11 03:43:43 debianDNS kernel: [    0.077726] Booting paravirtualized kernel on KVM
Jan 11 03:43:43 debianDNS kernel: [    0.077729] clocksource: refined-jiffies: mask: 0xffffffff max_cycles: 0xffffffff, max_idle_ns: 7645519600211568 ns
Jan 11 03:43:43 debianDNS kernel: [    0.152249] random: get_random_bytes called from start_kernel+0x93/0x52a with crng_init=0
Jan 11 03:43:43 debianDNS kernel: [    0.152255] setup_percpu: NR_CPUS:512 nr_cpumask_bits:512 nr_cpu_ids:1 nr_node_ids:1
Jan 11 03:43:43 debianDNS kernel: [    0.152346] percpu: Embedded 45 pages/cpu s144536 r8192 d31592 u2097152
Jan 11 03:43:43 debianDNS kernel: [    0.152350] pcpu-alloc: s144536 r8192 d31592 u2097152 alloc=1*2097152
Jan 11 03:43:43 debianDNS kernel: [    0.152350] pcpu-alloc: [0] 0 
Jan 11 03:43:43 debianDNS kernel: [    0.152369] Built 1 zonelists, mobility grouping on.  Total pages: 257913
Jan 11 03:43:43 debianDNS kernel: [    0.152369] Policy zone: DMA32
Jan 11 03:43:43 debianDNS kernel: [    0.152370] Kernel command line: BOOT_IMAGE=/boot/vmlinuz-4.19.0-13-amd64 root=UUID=b2134173-c79e-4a19-9967-b97e969e1c8e ro quiet
Jan 11 03:43:43 debianDNS kernel: [    0.152426] Calgary: detecting Calgary via BIOS EBDA area
Jan 11 03:43:43 debianDNS kernel: [    0.152427] Calgary: Unable to locate Rio Grande table in EBDA - bailing!
Jan 11 03:43:43 debianDNS kernel: [    0.155115] Memory: 981304K/1048120K available (10252K kernel code, 1242K rwdata, 3320K rodata, 1596K init, 2264K bss, 66816K reserved, 0K cma-reserved)
Jan 11 03:43:43 debianDNS kernel: [    0.155179] SLUB: HWalign=64, Order=0-3, MinObjects=0, CPUs=1, Nodes=1
Jan 11 03:43:43 debianDNS kernel: [    0.155184] Kernel/User page tables isolation: enabled
Jan 11 03:43:43 debianDNS kernel: [    0.155217] ftrace: allocating 31960 entries in 125 pages
Jan 11 03:43:43 debianDNS kernel: [    0.165382] rcu: Hierarchical RCU implementation.
Jan 11 03:43:43 debianDNS kernel: [    0.165384] rcu: 	RCU restricting CPUs from NR_CPUS=512 to nr_cpu_ids=1.
Jan 11 03:43:43 debianDNS kernel: [    0.165385] rcu: Adjusting geometry for rcu_fanout_leaf=16, nr_cpu_ids=1
Jan 11 03:43:43 debianDNS kernel: [    0.167431] NR_IRQS: 33024, nr_irqs: 256, preallocated irqs: 16
Jan 11 03:43:43 debianDNS kernel: [    0.174930] Console: colour VGA+ 80x25
Jan 11 03:43:43 debianDNS kernel: [    0.174933] console [tty0] enabled
Jan 11 03:43:43 debianDNS kernel: [    0.174945] ACPI: Core revision 20180810
Jan 11 03:43:43 debianDNS kernel: [    0.175163] APIC: Switch to symmetric I/O mode setup
Jan 11 03:43:43 debianDNS kernel: [    0.175360] x2apic enabled
Jan 11 03:43:43 debianDNS kernel: [    0.175544] Switched APIC routing to physical x2apic.
Jan 11 03:43:43 debianDNS kernel: [    0.176514] ..TIMER: vector=0x30 apic1=0 pin1=2 apic2=-1 pin2=-1
Jan 11 03:43:43 debianDNS kernel: [    0.176533] clocksource: tsc-early: mask: 0xffffffffffffffff max_cycles: 0x27178451938, max_idle_ns: 440795251172 ns
Jan 11 03:43:43 debianDNS kernel: [    0.176544] Calibrating delay loop (skipped) preset value.. 5423.99 BogoMIPS (lpj=10847992)
Jan 11 03:43:43 debianDNS kernel: [    0.176545] pid_max: default: 32768 minimum: 301
Jan 11 03:43:43 debianDNS kernel: [    0.176569] Security Framework initialized
Jan 11 03:43:43 debianDNS kernel: [    0.176570] Yama: disabled by default; enable with sysctl kernel.yama.*
Jan 11 03:43:43 debianDNS kernel: [    0.176582] AppArmor: AppArmor initialized
Jan 11 03:43:43 debianDNS kernel: [    0.176704] Dentry cache hash table entries: 131072 (order: 8, 1048576 bytes)
Jan 11 03:43:43 debianDNS kernel: [    0.176776] Inode-cache hash table entries: 65536 (order: 7, 524288 bytes)
Jan 11 03:43:43 debianDNS kernel: [    0.176783] Mount-cache hash table entries: 2048 (order: 2, 16384 bytes)
Jan 11 03:43:43 debianDNS kernel: [    0.176786] Mountpoint-cache hash table entries: 2048 (order: 2, 16384 bytes)
Jan 11 03:43:43 debianDNS kernel: [    0.177016] process: using mwait in idle threads
Jan 11 03:43:43 debianDNS kernel: [    0.177020] Last level iTLB entries: 4KB 128, 2MB 8, 4MB 8
Jan 11 03:43:43 debianDNS kernel: [    0.177021] Last level dTLB entries: 4KB 64, 2MB 0, 4MB 0, 1GB 4
Jan 11 03:43:43 debianDNS kernel: [    0.177022] Spectre V1 : Mitigation: usercopy/swapgs barriers and __user pointer sanitization
Jan 11 03:43:43 debianDNS kernel: [    0.177023] Spectre V2 : Mitigation: Full generic retpoline
Jan 11 03:43:43 debianDNS kernel: [    0.177023] Spectre V2 : Spectre v2 / SpectreRSB mitigation: Filling RSB on context switch
Jan 11 03:43:43 debianDNS kernel: [    0.177024] Speculative Store Bypass: Vulnerable
Jan 11 03:43:43 debianDNS kernel: [    0.177043] SRBDS: Unknown: Dependent on hypervisor status
Jan 11 03:43:43 debianDNS kernel: [    0.177050] MDS: Mitigation: Clear CPU buffers
Jan 11 03:43:43 debianDNS kernel: [    0.181754] Freeing SMP alternatives memory: 24K
Jan 11 03:43:43 debianDNS kernel: [    0.292071] smpboot: CPU0: Intel(R) Core(TM) i5-7500T CPU @ 2.70GHz (family: 0x6, model: 0x9e, stepping: 0x9)
Jan 11 03:43:43 debianDNS kernel: [    0.292144] Performance Events: unsupported p6 CPU model 158 no PMU driver, software events only.
Jan 11 03:43:43 debianDNS kernel: [    0.292164] rcu: Hierarchical SRCU implementation.
Jan 11 03:43:43 debianDNS kernel: [    0.292534] random: crng done (trusting CPU's manufacturer)
Jan 11 03:43:43 debianDNS kernel: [    0.292534] NMI watchdog: Perf NMI watchdog permanently disabled
Jan 11 03:43:43 debianDNS kernel: [    0.292534] smp: Bringing up secondary CPUs ...
Jan 11 03:43:43 debianDNS kernel: [    0.292534] smp: Brought up 1 node, 1 CPU
Jan 11 03:43:43 debianDNS kernel: [    0.292534] smpboot: Max logical packages: 1
Jan 11 03:43:43 debianDNS kernel: [    0.292534] smpboot: Total of 1 processors activated (5423.99 BogoMIPS)
Jan 11 03:43:43 debianDNS kernel: [    0.292534] devtmpfs: initialized
Jan 11 03:43:43 debianDNS kernel: [    0.292534] x86/mm: Memory block size: 128MB
Jan 11 03:43:43 debianDNS kernel: [    0.292534] clocksource: jiffies: mask: 0xffffffff max_cycles: 0xffffffff, max_idle_ns: 7645041785100000 ns
Jan 11 03:43:43 debianDNS kernel: [    0.292534] futex hash table entries: 256 (order: 2, 16384 bytes)
Jan 11 03:43:43 debianDNS kernel: [    0.292534] pinctrl core: initialized pinctrl subsystem
Jan 11 03:43:43 debianDNS kernel: [    0.292534] NET: Registered protocol family 16
Jan 11 03:43:43 debianDNS kernel: [    0.292534] audit: initializing netlink subsys (disabled)
Jan 11 03:43:43 debianDNS kernel: [    0.292534] cpuidle: using governor ladder
Jan 11 03:43:43 debianDNS kernel: [    0.292534] cpuidle: using governor menu
Jan 11 03:43:43 debianDNS kernel: [    0.292534] ACPI: bus type PCI registered
Jan 11 03:43:43 debianDNS kernel: [    0.292534] acpiphp: ACPI Hot Plug PCI Controller Driver version: 0.5
Jan 11 03:43:43 debianDNS kernel: [    0.292534] PCI: Using configuration type 1 for base access
Jan 11 03:43:43 debianDNS kernel: [    0.292534] audit: type=2000 audit(1610354623.840:1): state=initialized audit_enabled=0 res=1
Jan 11 03:43:43 debianDNS kernel: [    0.292534] HugeTLB registered 2.00 MiB page size, pre-allocated 0 pages
Jan 11 03:43:43 debianDNS kernel: [    0.292534] ACPI: Added _OSI(Module Device)
Jan 11 03:43:43 debianDNS kernel: [    0.292534] ACPI: Added _OSI(Processor Device)
Jan 11 03:43:43 debianDNS kernel: [    0.292534] ACPI: Added _OSI(3.0 _SCP Extensions)
Jan 11 03:43:43 debianDNS kernel: [    0.292534] ACPI: Added _OSI(Processor Aggregator Device)
Jan 11 03:43:43 debianDNS kernel: [    0.292534] ACPI: Added _OSI(Linux-Dell-Video)
Jan 11 03:43:43 debianDNS kernel: [    0.292534] ACPI: Added _OSI(Linux-Lenovo-NV-HDMI-Audio)
Jan 11 03:43:43 debianDNS kernel: [    0.292534] ACPI: 2 ACPI AML tables successfully acquired and loaded
Jan 11 03:43:43 debianDNS kernel: [    0.292534] ACPI: Interpreter enabled
Jan 11 03:43:43 debianDNS kernel: [    0.292534] ACPI: (supports S0 S5)
Jan 11 03:43:43 debianDNS kernel: [    0.292534] ACPI: Using IOAPIC for interrupt routing
Jan 11 03:43:43 debianDNS kernel: [    0.292534] PCI: Using host bridge windows from ACPI; if necessary, use "pci=nocrs" and report a bug
Jan 11 03:43:43 debianDNS kernel: [    0.292534] ACPI: Enabled 2 GPEs in block 00 to 07
Jan 11 03:43:43 debianDNS kernel: [    0.295149] ACPI: PCI Root Bridge [PCI0] (domain 0000 [bus 00-ff])
Jan 11 03:43:43 debianDNS kernel: [    0.295152] acpi PNP0A03:00: _OSC: OS supports [ASPM ClockPM Segments MSI]
Jan 11 03:43:43 debianDNS kernel: [    0.295365] acpi PNP0A03:00: _OSC: not requesting OS control; OS requires [ExtendedConfig ASPM ClockPM MSI]
Jan 11 03:43:43 debianDNS kernel: [    0.295370] acpi PNP0A03:00: fail to add MMCONFIG information, can't access extended PCI configuration space under this bridge.
Jan 11 03:43:43 debianDNS kernel: [    0.295610] PCI host bridge to bus 0000:00
Jan 11 03:43:43 debianDNS kernel: [    0.295611] pci_bus 0000:00: root bus resource [io  0x0000-0x0cf7 window]
Jan 11 03:43:43 debianDNS kernel: [    0.295612] pci_bus 0000:00: root bus resource [io  0x0d00-0xffff window]
Jan 11 03:43:43 debianDNS kernel: [    0.295613] pci_bus 0000:00: root bus resource [mem 0x000a0000-0x000bffff window]
Jan 11 03:43:43 debianDNS kernel: [    0.295614] pci_bus 0000:00: root bus resource [mem 0x40000000-0xfdffffff window]
Jan 11 03:43:43 debianDNS kernel: [    0.295615] pci_bus 0000:00: root bus resource [bus 00-ff]
Jan 11 03:43:43 debianDNS kernel: [    0.295646] pci 0000:00:00.0: [8086:1237] type 00 class 0x060000
Jan 11 03:43:43 debianDNS kernel: [    0.296181] pci 0000:00:01.0: [8086:7000] type 00 class 0x060100
Jan 11 03:43:43 debianDNS kernel: [    0.296692] pci 0000:00:01.1: [8086:7111] type 00 class 0x01018a
Jan 11 03:43:43 debianDNS kernel: [    0.296954] pci 0000:00:01.1: reg 0x20: [io  0xd000-0xd00f]
Jan 11 03:43:43 debianDNS kernel: [    0.297061] pci 0000:00:01.1: legacy IDE quirk: reg 0x10: [io  0x01f0-0x01f7]
Jan 11 03:43:43 debianDNS kernel: [    0.297061] pci 0000:00:01.1: legacy IDE quirk: reg 0x14: [io  0x03f6]
Jan 11 03:43:43 debianDNS kernel: [    0.297062] pci 0000:00:01.1: legacy IDE quirk: reg 0x18: [io  0x0170-0x0177]
Jan 11 03:43:43 debianDNS kernel: [    0.297063] pci 0000:00:01.1: legacy IDE quirk: reg 0x1c: [io  0x0376]
Jan 11 03:43:43 debianDNS kernel: [    0.297230] pci 0000:00:02.0: [15ad:0405] type 00 class 0x030000
Jan 11 03:43:43 debianDNS kernel: [    0.298115] pci 0000:00:02.0: reg 0x10: [io  0xd010-0xd01f]
Jan 11 03:43:43 debianDNS kernel: [    0.298842] pci 0000:00:02.0: reg 0x14: [mem 0xf0000000-0xf0ffffff pref]
Jan 11 03:43:43 debianDNS kernel: [    0.299277] pci 0000:00:02.0: reg 0x18: [mem 0xf1000000-0xf11fffff]
Jan 11 03:43:43 debianDNS kernel: [    0.300942] pci 0000:00:03.0: [8086:100e] type 00 class 0x020000
Jan 11 03:43:43 debianDNS kernel: [    0.301266] pci 0000:00:03.0: reg 0x10: [mem 0xf1200000-0xf121ffff]
Jan 11 03:43:43 debianDNS kernel: [    0.301717] pci 0000:00:03.0: reg 0x18: [io  0xd020-0xd027]
Jan 11 03:43:43 debianDNS kernel: [    0.302912] pci 0000:00:04.0: [80ee:cafe] type 00 class 0x088000
Jan 11 03:43:43 debianDNS kernel: [    0.303170] pci 0000:00:04.0: reg 0x10: [io  0xd040-0xd05f]
Jan 11 03:43:43 debianDNS kernel: [    0.303379] pci 0000:00:04.0: reg 0x14: [mem 0xf1400000-0xf17fffff]
Jan 11 03:43:43 debianDNS kernel: [    0.303587] pci 0000:00:04.0: reg 0x18: [mem 0xf1800000-0xf1803fff pref]
Jan 11 03:43:43 debianDNS kernel: [    0.304703] pci 0000:00:05.0: [8086:2415] type 00 class 0x040100
Jan 11 03:43:43 debianDNS kernel: [    0.304793] pci 0000:00:05.0: reg 0x10: [io  0xd100-0xd1ff]
Jan 11 03:43:43 debianDNS kernel: [    0.304838] pci 0000:00:05.0: reg 0x14: [io  0xd200-0xd23f]
Jan 11 03:43:43 debianDNS kernel: [    0.305230] pci 0000:00:06.0: [106b:003f] type 00 class 0x0c0310
Jan 11 03:43:43 debianDNS kernel: [    0.305496] pci 0000:00:06.0: reg 0x10: [mem 0xf1804000-0xf1804fff]
Jan 11 03:43:43 debianDNS kernel: [    0.306977] pci 0000:00:07.0: [8086:7113] type 00 class 0x068000
Jan 11 03:43:43 debianDNS kernel: [    0.307349] pci 0000:00:07.0: quirk: [io  0x4000-0x403f] claimed by PIIX4 ACPI
Jan 11 03:43:43 debianDNS kernel: [    0.307356] pci 0000:00:07.0: quirk: [io  0x4100-0x410f] claimed by PIIX4 SMB
Jan 11 03:43:43 debianDNS kernel: [    0.307586] pci 0000:00:0d.0: [8086:2829] type 00 class 0x010601
Jan 11 03:43:43 debianDNS kernel: [    0.307862] pci 0000:00:0d.0: reg 0x10: [io  0xd240-0xd247]
Jan 11 03:43:43 debianDNS kernel: [    0.308070] pci 0000:00:0d.0: reg 0x14: [io  0xd248-0xd24b]
Jan 11 03:43:43 debianDNS kernel: [    0.308277] pci 0000:00:0d.0: reg 0x18: [io  0xd250-0xd257]
Jan 11 03:43:43 debianDNS kernel: [    0.308483] pci 0000:00:0d.0: reg 0x1c: [io  0xd258-0xd25b]
Jan 11 03:43:43 debianDNS kernel: [    0.308575] pci 0000:00:0d.0: reg 0x20: [io  0xd260-0xd26f]
Jan 11 03:43:43 debianDNS kernel: [    0.308782] pci 0000:00:0d.0: reg 0x24: [mem 0xf1806000-0xf1807fff]
Jan 11 03:43:43 debianDNS kernel: [    0.309942] ACPI: PCI Interrupt Link [LNKA] (IRQs 5 9 10 *11)
Jan 11 03:43:43 debianDNS kernel: [    0.310086] ACPI: PCI Interrupt Link [LNKB] (IRQs 5 9 *10 11)
Jan 11 03:43:43 debianDNS kernel: [    0.310179] ACPI: PCI Interrupt Link [LNKC] (IRQs 5 *9 10 11)
Jan 11 03:43:43 debianDNS kernel: [    0.310250] ACPI: PCI Interrupt Link [LNKD] (IRQs 5 9 10 *11)
Jan 11 03:43:43 debianDNS kernel: [    0.310371] pci 0000:00:02.0: vgaarb: setting as boot VGA device
Jan 11 03:43:43 debianDNS kernel: [    0.310373] pci 0000:00:02.0: vgaarb: VGA device added: decodes=io+mem,owns=io+mem,locks=none
Jan 11 03:43:43 debianDNS kernel: [    0.310374] pci 0000:00:02.0: vgaarb: bridge control possible
Jan 11 03:43:43 debianDNS kernel: [    0.310374] vgaarb: loaded
Jan 11 03:43:43 debianDNS kernel: [    0.310412] pps_core: LinuxPPS API ver. 1 registered
Jan 11 03:43:43 debianDNS kernel: [    0.310412] pps_core: Software ver. 5.3.6 - Copyright 2005-2007 Rodolfo Giometti <giometti@linux.it>
Jan 11 03:43:43 debianDNS kernel: [    0.310414] PTP clock support registered
Jan 11 03:43:43 debianDNS kernel: [    0.310417] EDAC MC: Ver: 3.0.0
Jan 11 03:43:43 debianDNS kernel: [    0.310609] PCI: Using ACPI for IRQ routing
Jan 11 03:43:43 debianDNS kernel: [    0.310610] PCI: pci_cache_line_size set to 64 bytes
Jan 11 03:43:43 debianDNS kernel: [    0.310740] e820: reserve RAM buffer [mem 0x0009fc00-0x0009ffff]
Jan 11 03:43:43 debianDNS kernel: [    0.310741] e820: reserve RAM buffer [mem 0x3fff0000-0x3fffffff]
Jan 11 03:43:43 debianDNS kernel: [    0.310848] clocksource: Switched to clocksource kvm-clock
Jan 11 03:43:43 debianDNS kernel: [    0.315135] VFS: Disk quotas dquot_6.6.0
Jan 11 03:43:43 debianDNS kernel: [    0.315145] VFS: Dquot-cache hash table entries: 512 (order 0, 4096 bytes)
Jan 11 03:43:43 debianDNS kernel: [    0.315205] AppArmor: AppArmor Filesystem Enabled
Jan 11 03:43:43 debianDNS kernel: [    0.315214] pnp: PnP ACPI init
Jan 11 03:43:43 debianDNS kernel: [    0.315257] pnp 00:00: Plug and Play ACPI device, IDs PNP0303 (active)
Jan 11 03:43:43 debianDNS kernel: [    0.315299] pnp 00:01: Plug and Play ACPI device, IDs PNP0f03 (active)
Jan 11 03:43:43 debianDNS kernel: [    0.315730] pnp: PnP ACPI: found 2 devices
Jan 11 03:43:43 debianDNS kernel: [    0.320941] clocksource: acpi_pm: mask: 0xffffff max_cycles: 0xffffff, max_idle_ns: 2085701024 ns
Jan 11 03:43:43 debianDNS kernel: [    0.320948] pci_bus 0000:00: resource 4 [io  0x0000-0x0cf7 window]
Jan 11 03:43:43 debianDNS kernel: [    0.320949] pci_bus 0000:00: resource 5 [io  0x0d00-0xffff window]
Jan 11 03:43:43 debianDNS kernel: [    0.320950] pci_bus 0000:00: resource 6 [mem 0x000a0000-0x000bffff window]
Jan 11 03:43:43 debianDNS kernel: [    0.320951] pci_bus 0000:00: resource 7 [mem 0x40000000-0xfdffffff window]
Jan 11 03:43:43 debianDNS kernel: [    0.320981] NET: Registered protocol family 2
Jan 11 03:43:43 debianDNS kernel: [    0.321066] tcp_listen_portaddr_hash hash table entries: 512 (order: 1, 8192 bytes)
Jan 11 03:43:43 debianDNS kernel: [    0.321071] TCP established hash table entries: 8192 (order: 4, 65536 bytes)
Jan 11 03:43:43 debianDNS kernel: [    0.321082] TCP bind hash table entries: 8192 (order: 5, 131072 bytes)
Jan 11 03:43:43 debianDNS kernel: [    0.321096] TCP: Hash tables configured (established 8192 bind 8192)
Jan 11 03:43:43 debianDNS kernel: [    0.321111] UDP hash table entries: 512 (order: 2, 16384 bytes)
Jan 11 03:43:43 debianDNS kernel: [    0.321114] UDP-Lite hash table entries: 512 (order: 2, 16384 bytes)
Jan 11 03:43:43 debianDNS kernel: [    0.321137] NET: Registered protocol family 1
Jan 11 03:43:43 debianDNS kernel: [    0.321141] NET: Registered protocol family 44
Jan 11 03:43:43 debianDNS kernel: [    0.321154] pci 0000:00:00.0: Limiting direct PCI/PCI transfers
Jan 11 03:43:43 debianDNS kernel: [    0.321163] pci 0000:00:01.0: Activating ISA DMA hang workarounds
Jan 11 03:43:43 debianDNS kernel: [    0.321200] pci 0000:00:02.0: Video device with shadowed ROM at [mem 0x000c0000-0x000dffff]
Jan 11 03:43:43 debianDNS kernel: [    0.322073] PCI: CLS 0 bytes, default 64
Jan 11 03:43:43 debianDNS kernel: [    0.322093] Unpacking initramfs...
Jan 11 03:43:43 debianDNS kernel: [    0.688183] Freeing initrd memory: 25332K
Jan 11 03:43:43 debianDNS kernel: [    0.688286] clocksource: tsc: mask: 0xffffffffffffffff max_cycles: 0x27178451938, max_idle_ns: 440795251172 ns
Jan 11 03:43:43 debianDNS kernel: [    0.688313] platform rtc_cmos: registered platform RTC device (no PNP device found)
Jan 11 03:43:43 debianDNS kernel: [    0.688722] Initialise system trusted keyrings
Jan 11 03:43:43 debianDNS kernel: [    0.688733] Key type blacklist registered
Jan 11 03:43:43 debianDNS kernel: [    0.688806] workingset: timestamp_bits=40 max_order=18 bucket_order=0
Jan 11 03:43:43 debianDNS kernel: [    0.689687] zbud: loaded
Jan 11 03:43:43 debianDNS kernel: [    0.791861] Key type asymmetric registered
Jan 11 03:43:43 debianDNS kernel: [    0.791861] Asymmetric key parser 'x509' registered
Jan 11 03:43:43 debianDNS kernel: [    0.791861] Block layer SCSI generic (bsg) driver version 0.4 loaded (major 247)
Jan 11 03:43:43 debianDNS kernel: [    0.791861] io scheduler noop registered
Jan 11 03:43:43 debianDNS kernel: [    0.791861] io scheduler deadline registered
Jan 11 03:43:43 debianDNS kernel: [    0.791861] io scheduler cfq registered (default)
Jan 11 03:43:43 debianDNS kernel: [    0.791861] io scheduler mq-deadline registered
Jan 11 03:43:43 debianDNS kernel: [    0.791861] shpchp: Standard Hot Plug PCI Controller Driver version: 0.4
Jan 11 03:43:43 debianDNS kernel: [    0.791861] Serial: 8250/16550 driver, 4 ports, IRQ sharing enabled
Jan 11 03:43:43 debianDNS kernel: [    0.791861] Linux agpgart interface v0.103
Jan 11 03:43:43 debianDNS kernel: [    0.794682] AMD IOMMUv2 driver by Joerg Roedel <jroedel@suse.de>
Jan 11 03:43:43 debianDNS kernel: [    0.794682] AMD IOMMUv2 functionality not available on this system
Jan 11 03:43:43 debianDNS kernel: [    0.794750] i8042: PNP: PS/2 Controller [PNP0303:PS2K,PNP0f03:PS2M] at 0x60,0x64 irq 1,12
Jan 11 03:43:43 debianDNS kernel: [    0.795134] serio: i8042 KBD port at 0x60,0x64 irq 1
Jan 11 03:43:43 debianDNS kernel: [    0.795153] serio: i8042 AUX port at 0x60,0x64 irq 12
Jan 11 03:43:43 debianDNS kernel: [    0.795192] mousedev: PS/2 mouse device common for all mice
Jan 11 03:43:43 debianDNS kernel: [    0.795358] input: AT Translated Set 2 keyboard as /devices/platform/i8042/serio0/input/input0
Jan 11 03:43:43 debianDNS kernel: [    0.795678] rtc_cmos rtc_cmos: registered as rtc0
Jan 11 03:43:43 debianDNS kernel: [    0.795687] rtc_cmos rtc_cmos: alarms up to one day, 114 bytes nvram
Jan 11 03:43:43 debianDNS kernel: [    0.795696] ledtrig-cpu: registered to indicate activity on CPUs
Jan 11 03:43:43 debianDNS kernel: [    0.795897] NET: Registered protocol family 10
Jan 11 03:43:43 debianDNS kernel: [    0.798643] Segment Routing with IPv6
Jan 11 03:43:43 debianDNS kernel: [    0.798643] mip6: Mobile IPv6
Jan 11 03:43:43 debianDNS kernel: [    0.798643] NET: Registered protocol family 17
Jan 11 03:43:43 debianDNS kernel: [    0.798643] mpls_gso: MPLS GSO support
Jan 11 03:43:43 debianDNS kernel: [    0.798643] mce: Using 0 MCE banks
Jan 11 03:43:43 debianDNS kernel: [    0.798643] sched_clock: Marking stable (785952003, 8691749)->(799863292, -5219540)
Jan 11 03:43:43 debianDNS kernel: [    0.800326] registered taskstats version 1
Jan 11 03:43:43 debianDNS kernel: [    0.800327] Loading compiled-in X.509 certificates
Jan 11 03:43:43 debianDNS kernel: [    0.824037] Loaded X.509 cert 'Debian Secure Boot CA: 6ccece7e4c6c0d1f6149f3dd27dfcc5cbb419ea1'
Jan 11 03:43:43 debianDNS kernel: [    0.824049] Loaded X.509 cert 'Debian Secure Boot Signer 2020: 00b55eb3b9'
Jan 11 03:43:43 debianDNS kernel: [    0.824059] zswap: loaded using pool lzo/zbud
Jan 11 03:43:43 debianDNS kernel: [    0.824094] AppArmor: AppArmor sha1 policy hashing enabled
Jan 11 03:43:43 debianDNS kernel: [    0.824331] rtc_cmos rtc_cmos: setting system clock to 2021-01-11 08:43:33 UTC (1610354613)
Jan 11 03:43:43 debianDNS kernel: [    0.825402] Freeing unused kernel image memory: 1596K
Jan 11 03:43:43 debianDNS kernel: [    0.828642] Write protecting the kernel read-only data: 16384k
Jan 11 03:43:43 debianDNS kernel: [    0.828898] Freeing unused kernel image memory: 2028K
Jan 11 03:43:43 debianDNS kernel: [    0.828988] Freeing unused kernel image memory: 776K
Jan 11 03:43:43 debianDNS kernel: [    0.835080] x86/mm: Checked W+X mappings: passed, no W+X pages found.
Jan 11 03:43:43 debianDNS kernel: [    0.835081] x86/mm: Checking user space page tables
Jan 11 03:43:43 debianDNS kernel: [    0.840904] x86/mm: Checked W+X mappings: passed, no W+X pages found.
Jan 11 03:43:43 debianDNS kernel: [    0.840905] Run /init as init process
Jan 11 03:43:43 debianDNS kernel: [    0.897705] e1000: Intel(R) PRO/1000 Network Driver - version 7.3.21-k8-NAPI
Jan 11 03:43:43 debianDNS kernel: [    0.897706] e1000: Copyright (c) 1999-2006 Intel Corporation.
Jan 11 03:43:43 debianDNS kernel: [    0.908210] ACPI: bus type USB registered
Jan 11 03:43:43 debianDNS kernel: [    0.908222] usbcore: registered new interface driver usbfs
Jan 11 03:43:43 debianDNS kernel: [    0.908227] usbcore: registered new interface driver hub
Jan 11 03:43:43 debianDNS kernel: [    0.910748] piix4_smbus 0000:00:07.0: SMBus Host Controller at 0x4100, revision 0
Jan 11 03:43:43 debianDNS kernel: [    0.918453] SCSI subsystem initialized
Jan 11 03:43:43 debianDNS kernel: [    0.936064] cryptd: max_cpu_qlen set to 1000
Jan 11 03:43:43 debianDNS kernel: [    0.947550] AVX2 version of gcm_enc/dec engaged.
Jan 11 03:43:43 debianDNS kernel: [    0.947551] AES CTR mode by8 optimization enabled
Jan 11 03:43:43 debianDNS kernel: [    0.965313] usbcore: registered new device driver usb
Jan 11 03:43:43 debianDNS kernel: [    0.968440] ehci_hcd: USB 2.0 'Enhanced' Host Controller (EHCI) Driver
Jan 11 03:43:43 debianDNS kernel: [    0.971400] ohci_hcd: USB 1.1 'Open' Host Controller (OHCI) Driver
Jan 11 03:43:43 debianDNS kernel: [    0.971993] ehci-pci: EHCI PCI platform driver
Jan 11 03:43:43 debianDNS kernel: [    0.972611] ohci-pci: OHCI PCI platform driver
Jan 11 03:43:43 debianDNS kernel: [    0.973093] ohci-pci 0000:00:06.0: OHCI PCI host controller
Jan 11 03:43:43 debianDNS kernel: [    0.973097] ohci-pci 0000:00:06.0: new USB bus registered, assigned bus number 1
Jan 11 03:43:43 debianDNS kernel: [    0.973146] ohci-pci 0000:00:06.0: irq 22, io mem 0xf1804000
Jan 11 03:43:43 debianDNS kernel: [    0.974801] libata version 3.00 loaded.
Jan 11 03:43:43 debianDNS kernel: [    0.975817] ata_piix 0000:00:01.1: version 2.13
Jan 11 03:43:43 debianDNS kernel: [    0.979305] ahci 0000:00:0d.0: version 3.0
Jan 11 03:43:43 debianDNS kernel: [    0.979667] ahci 0000:00:0d.0: SSS flag set, parallel bus scan disabled
Jan 11 03:43:43 debianDNS kernel: [    0.980164] ahci 0000:00:0d.0: AHCI 0001.0100 32 slots 1 ports 3 Gbps 0x1 impl SATA mode
Jan 11 03:43:43 debianDNS kernel: [    0.980165] ahci 0000:00:0d.0: flags: 64bit ncq stag only ccc 
Jan 11 03:43:43 debianDNS kernel: [    0.980526] scsi host0: ata_piix
Jan 11 03:43:43 debianDNS kernel: [    0.980864] scsi host2: ahci
Jan 11 03:43:43 debianDNS kernel: [    0.980909] ata3: SATA max UDMA/133 abar m8192@0xf1806000 port 0xf1806100 irq 21
Jan 11 03:43:43 debianDNS kernel: [    0.981113] scsi host1: ata_piix
Jan 11 03:43:43 debianDNS kernel: [    0.981138] ata1: PATA max UDMA/33 cmd 0x1f0 ctl 0x3f6 bmdma 0xd000 irq 14
Jan 11 03:43:43 debianDNS kernel: [    0.981139] ata2: PATA max UDMA/33 cmd 0x170 ctl 0x376 bmdma 0xd008 irq 15
Jan 11 03:43:43 debianDNS kernel: [    1.033324] usb usb1: New USB device found, idVendor=1d6b, idProduct=0001, bcdDevice= 4.19
Jan 11 03:43:43 debianDNS kernel: [    1.033326] usb usb1: New USB device strings: Mfr=3, Product=2, SerialNumber=1
Jan 11 03:43:43 debianDNS kernel: [    1.033327] usb usb1: Product: OHCI PCI host controller
Jan 11 03:43:43 debianDNS kernel: [    1.033328] usb usb1: Manufacturer: Linux 4.19.0-13-amd64 ohci_hcd
Jan 11 03:43:43 debianDNS kernel: [    1.033329] usb usb1: SerialNumber: 0000:00:06.0
Jan 11 03:43:43 debianDNS kernel: [    1.033510] hub 1-0:1.0: USB hub found
Jan 11 03:43:43 debianDNS kernel: [    1.033570] hub 1-0:1.0: 12 ports detected
Jan 11 03:43:43 debianDNS kernel: [    1.153197] ata2.00: ATAPI: VBOX CD-ROM, 1.0, max UDMA/133
Jan 11 03:43:43 debianDNS kernel: [    1.159119] input: ImExPS/2 Generic Explorer Mouse as /devices/platform/i8042/serio1/input/input2
Jan 11 03:43:43 debianDNS kernel: [    1.293131] ata3: SATA link up 3.0 Gbps (SStatus 123 SControl 300)
Jan 11 03:43:43 debianDNS kernel: [    1.293286] ata3.00: ATA-6: VBOX HARDDISK, 1.0, max UDMA/133
Jan 11 03:43:43 debianDNS kernel: [    1.293288] ata3.00: 16777216 sectors, multi 128: LBA48 NCQ (depth 32)
Jan 11 03:43:43 debianDNS kernel: [    1.293571] ata3.00: configured for UDMA/133
Jan 11 03:43:43 debianDNS kernel: [    1.293645] scsi 2:0:0:0: Direct-Access     ATA      VBOX HARDDISK    1.0  PQ: 0 ANSI: 5
Jan 11 03:43:43 debianDNS kernel: [    1.294064] scsi 1:0:0:0: CD-ROM            VBOX     CD-ROM           1.0  PQ: 0 ANSI: 5
Jan 11 03:43:43 debianDNS kernel: [    1.301002] sd 2:0:0:0: [sda] 16777216 512-byte logical blocks: (8.59 GB/8.00 GiB)
Jan 11 03:43:43 debianDNS kernel: [    1.301005] sd 2:0:0:0: [sda] Write Protect is off
Jan 11 03:43:43 debianDNS kernel: [    1.301006] sd 2:0:0:0: [sda] Mode Sense: 00 3a 00 00
Jan 11 03:43:43 debianDNS kernel: [    1.301010] sd 2:0:0:0: [sda] Write cache: enabled, read cache: enabled, doesn't support DPO or FUA
Jan 11 03:43:43 debianDNS kernel: [    1.320552]  sda: sda1 sda2 < sda5 >
Jan 11 03:43:43 debianDNS kernel: [    1.320913] sd 2:0:0:0: [sda] Attached SCSI disk
Jan 11 03:43:43 debianDNS kernel: [    1.327312] sr 1:0:0:0: [sr0] scsi3-mmc drive: 32x/32x xa/form2 tray
Jan 11 03:43:43 debianDNS kernel: [    1.327313] cdrom: Uniform CD-ROM driver Revision: 3.20
Jan 11 03:43:43 debianDNS kernel: [    1.327512] sr 1:0:0:0: Attached scsi CD-ROM sr0
Jan 11 03:43:43 debianDNS kernel: [    1.335878] e1000 0000:00:03.0 eth0: (PCI:33MHz:32-bit) 08:00:27:b3:95:26
Jan 11 03:43:43 debianDNS kernel: [    1.335881] e1000 0000:00:03.0 eth0: Intel(R) PRO/1000 Network Connection
Jan 11 03:43:43 debianDNS kernel: [    1.337064] e1000 0000:00:03.0 enp0s3: renamed from eth0
Jan 11 03:43:43 debianDNS kernel: [    1.488668] usb 1-1: new full-speed USB device number 2 using ohci-pci
Jan 11 03:43:43 debianDNS kernel: [    1.539269] PM: Image not found (code -22)
Jan 11 03:43:43 debianDNS kernel: [    1.810551] usb 1-1: New USB device found, idVendor=80ee, idProduct=0021, bcdDevice= 1.00
Jan 11 03:43:43 debianDNS kernel: [    1.810554] usb 1-1: New USB device strings: Mfr=1, Product=3, SerialNumber=0
Jan 11 03:43:43 debianDNS kernel: [    1.810555] usb 1-1: Product: USB Tablet
Jan 11 03:43:43 debianDNS kernel: [    1.810557] usb 1-1: Manufacturer: VirtualBox
Jan 11 03:43:43 debianDNS kernel: [    1.828452] hidraw: raw HID events driver (C) Jiri Kosina
Jan 11 03:43:43 debianDNS kernel: [    1.844026] usbcore: registered new interface driver usbhid
Jan 11 03:43:43 debianDNS kernel: [    1.844028] usbhid: USB HID core driver
Jan 11 03:43:43 debianDNS kernel: [    1.846960] input: VirtualBox USB Tablet as /devices/pci0000:00/0000:00:06.0/usb1/1-1/1-1:1.0/0003:80EE:0021.0001/input/input3
Jan 11 03:43:43 debianDNS kernel: [    1.847122] hid-generic 0003:80EE:0021.0001: input,hidraw0: USB HID v1.10 Mouse [VirtualBox USB Tablet] on usb-0000:00:06.0-1/input0
Jan 11 03:43:43 debianDNS kernel: [    2.211333] EXT4-fs (sda1): mounted filesystem with ordered data mode. Opts: (null)
Jan 11 03:43:43 debianDNS kernel: [    7.067732] EXT4-fs (sda1): re-mounted. Opts: errors=remount-ro
Jan 11 03:43:43 debianDNS kernel: [    7.182865] lp: driver loaded but no devices found
Jan 11 03:43:43 debianDNS kernel: [    7.238287] ppdev: user-space parallel port driver
Jan 11 03:43:43 debianDNS kernel: [    8.067039] audit: type=1400 audit(1610354620.732:2): apparmor="STATUS" operation="profile_load" profile="unconfined" name="nvidia_modprobe" pid=255 comm="apparmor_parser"
Jan 11 03:43:43 debianDNS kernel: [    8.067041] audit: type=1400 audit(1610354620.732:3): apparmor="STATUS" operation="profile_load" profile="unconfined" name="nvidia_modprobe//kmod" pid=255 comm="apparmor_parser"
Jan 11 03:43:43 debianDNS kernel: [    8.082926] audit: type=1400 audit(1610354620.748:4): apparmor="STATUS" operation="profile_load" profile="unconfined" name="/usr/sbin/cups-browsed" pid=266 comm="apparmor_parser"
Jan 11 03:43:43 debianDNS kernel: [    8.140508] audit: type=1400 audit(1610354620.812:5): apparmor="STATUS" operation="profile_load" profile="unconfined" name="/usr/bin/man" pid=267 comm="apparmor_parser"
Jan 11 03:43:43 debianDNS kernel: [    8.140510] audit: type=1400 audit(1610354620.812:6): apparmor="STATUS" operation="profile_load" profile="unconfined" name="man_filter" pid=267 comm="apparmor_parser"
Jan 11 03:43:43 debianDNS kernel: [    8.140511] audit: type=1400 audit(1610354620.812:7): apparmor="STATUS" operation="profile_load" profile="unconfined" name="man_groff" pid=267 comm="apparmor_parser"
Jan 11 03:43:43 debianDNS kernel: [    8.348438] ACPI: Video Device [GFX0] (multi-head: yes  rom: no  post: no)
Jan 11 03:43:43 debianDNS kernel: [    8.348487] input: Video Bus as /devices/LNXSYSTM:00/LNXSYBUS:00/PNP0A03:00/LNXVIDEO:00/input/input4
Jan 11 03:43:43 debianDNS kernel: [    8.349124] input: Power Button as /devices/LNXSYSTM:00/LNXPWRBN:00/input/input5
Jan 11 03:43:43 debianDNS kernel: [    8.350229] ACPI: AC Adapter [AC] (on-line)
Jan 11 03:43:43 debianDNS kernel: [    8.350623] ACPI: Power Button [PWRF]
Jan 11 03:43:43 debianDNS kernel: [    8.350682] input: Sleep Button as /devices/LNXSYSTM:00/LNXSLPBN:00/input/input6
Jan 11 03:43:43 debianDNS kernel: [    8.350686] ACPI: Sleep Button [SLPF]
Jan 11 03:43:43 debianDNS kernel: [    8.448889] vboxguest: host-version: 6.1.10r138449 0x8000000f
Jan 11 03:43:43 debianDNS kernel: [    8.476956] audit: type=1400 audit(1610354621.148:8): apparmor="STATUS" operation="profile_load" profile="unconfined" name="/usr/lib/cups/backend/cups-pdf" pid=268 comm="apparmor_parser"
Jan 11 03:43:43 debianDNS kernel: [    8.476962] audit: type=1400 audit(1610354621.148:9): apparmor="STATUS" operation="profile_load" profile="unconfined" name="/usr/sbin/cupsd" pid=268 comm="apparmor_parser"
Jan 11 03:43:43 debianDNS kernel: [    8.476966] audit: type=1400 audit(1610354621.148:10): apparmor="STATUS" operation="profile_load" profile="unconfined" name="/usr/sbin/cupsd//third_party" pid=268 comm="apparmor_parser"
Jan 11 03:43:43 debianDNS kernel: [    8.591684] input: PC Speaker as /devices/platform/pcspkr/input/input7
Jan 11 03:43:43 debianDNS kernel: [    8.592811] sd 2:0:0:0: Attached scsi generic sg0 type 0
Jan 11 03:43:43 debianDNS kernel: [    8.592866] sr 1:0:0:0: Attached scsi generic sg1 type 5
Jan 11 03:43:43 debianDNS kernel: [    8.632239] vbg_heartbeat_init: Setting up heartbeat to trigger every 2000 milliseconds
Jan 11 03:43:43 debianDNS kernel: [    8.641325] input: VirtualBox mouse integration as /devices/pci0000:00/0000:00:04.0/input/input8
Jan 11 03:43:43 debianDNS kernel: [    8.658365] vboxguest: misc device minor 58, IRQ 20, I/O port d040, MMIO at 0x00000000f1400000 (size 0x0000000000400000)
Jan 11 03:43:43 debianDNS kernel: [    8.899300] RAPL PMU: API unit is 2^-32 Joules, 5 fixed counters, 10737418240 ms ovfl timer
Jan 11 03:43:43 debianDNS kernel: [    8.899301] RAPL PMU: hw unit of domain pp0-core 2^-0 Joules
Jan 11 03:43:43 debianDNS kernel: [    8.899302] RAPL PMU: hw unit of domain package 2^-0 Joules
Jan 11 03:43:43 debianDNS kernel: [    8.899302] RAPL PMU: hw unit of domain dram 2^-0 Joules
Jan 11 03:43:43 debianDNS kernel: [    8.899303] RAPL PMU: hw unit of domain pp1-gpu 2^-0 Joules
Jan 11 03:43:43 debianDNS kernel: [    8.899303] RAPL PMU: hw unit of domain psys 2^-0 Joules
Jan 11 03:43:43 debianDNS kernel: [    9.095241] [drm] DMA map mode: Using physical TTM page addresses.
Jan 11 03:43:43 debianDNS kernel: [    9.095272] [drm] Capabilities:
Jan 11 03:43:43 debianDNS kernel: [    9.095272] [drm]   Cursor.
Jan 11 03:43:43 debianDNS kernel: [    9.095272] [drm]   Cursor bypass 2.
Jan 11 03:43:43 debianDNS kernel: [    9.095273] [drm]   Alpha cursor.
Jan 11 03:43:43 debianDNS kernel: [    9.095273] [drm]   3D.
Jan 11 03:43:43 debianDNS kernel: [    9.095273] [drm]   Extended Fifo.
Jan 11 03:43:43 debianDNS kernel: [    9.095274] [drm]   Pitchlock.
Jan 11 03:43:43 debianDNS kernel: [    9.095274] [drm]   Irq mask.
Jan 11 03:43:43 debianDNS kernel: [    9.095274] [drm]   GMR.
Jan 11 03:43:43 debianDNS kernel: [    9.095274] [drm]   Traces.
Jan 11 03:43:43 debianDNS kernel: [    9.095275] [drm]   GMR2.
Jan 11 03:43:43 debianDNS kernel: [    9.095275] [drm]   Screen Object 2.
Jan 11 03:43:43 debianDNS kernel: [    9.095275] [drm] Max GMR ids is 8192
Jan 11 03:43:43 debianDNS kernel: [    9.095276] [drm] Max number of GMR pages is 1048576
Jan 11 03:43:43 debianDNS kernel: [    9.095276] [drm] Max dedicated hypervisor surface memory is 507904 kiB
Jan 11 03:43:43 debianDNS kernel: [    9.095277] [drm] Maximum display memory size is 16384 kiB
Jan 11 03:43:43 debianDNS kernel: [    9.095277] [drm] VRAM at 0xf0000000 size is 16384 kiB
Jan 11 03:43:43 debianDNS kernel: [    9.095278] [drm] MMIO at 0xf1000000 size is 2048 kiB
Jan 11 03:43:43 debianDNS kernel: [    9.095278] [drm] global init.
Jan 11 03:43:43 debianDNS kernel: [    9.095302] [TTM] Zone  kernel: Available graphics memory: 505530 kiB
Jan 11 03:43:43 debianDNS kernel: [    9.095303] [TTM] Initializing pool allocator
Jan 11 03:43:43 debianDNS kernel: [    9.095305] [TTM] Initializing DMA pool allocator
Jan 11 03:43:43 debianDNS kernel: [    9.095383] [drm] Supports vblank timestamp caching Rev 2 (21.10.2013).
Jan 11 03:43:43 debianDNS kernel: [    9.095383] [drm] No driver support for vblank timestamp query.
Jan 11 03:43:43 debianDNS kernel: [    9.095533] [drm] Screen Objects Display Unit initialized
Jan 11 03:43:43 debianDNS kernel: [    9.095571] [drm] width 720
Jan 11 03:43:43 debianDNS kernel: [    9.095578] [drm] height 400
Jan 11 03:43:43 debianDNS kernel: [    9.095584] [drm] bpp 32
Jan 11 03:43:43 debianDNS kernel: [    9.095761] [drm] Fifo max 0x00200000 min 0x00001000 cap 0x00000355
Jan 11 03:43:43 debianDNS kernel: [    9.095767] [drm] DX: no.
Jan 11 03:43:43 debianDNS kernel: [    9.095767] [drm] Atomic: yes.
Jan 11 03:43:43 debianDNS kernel: [    9.095767] [drm] SM4_1: no.
Jan 11 03:43:43 debianDNS kernel: [    9.095779] [drm:vmw_host_log [vmwgfx]] *ERROR* Failed to send host log message.
Jan 11 03:43:43 debianDNS kernel: [    9.096302] [drm:vmw_host_log [vmwgfx]] *ERROR* Failed to send host log message.
Jan 11 03:43:43 debianDNS kernel: [    9.119184] fbcon: svgadrmfb (fb0) is primary device
Jan 11 03:43:43 debianDNS kernel: [    9.121827] Console: switching to colour frame buffer device 100x37
Jan 11 03:43:43 debianDNS kernel: [    9.124192] [drm] Initialized vmwgfx 2.15.0 20180704 for 0000:00:02.0 on minor 0
Jan 11 03:43:43 debianDNS kernel: [    9.473211] Adding 1046524k swap on /dev/sda5.  Priority:-2 extents:1 across:1046524k FS
Jan 11 03:43:43 debianDNS kernel: [   10.508472] IPv6: ADDRCONF(NETDEV_UP): enp0s3: link is not ready
Jan 11 03:43:43 debianDNS kernel: [   10.555121] e1000: enp0s3 NIC Link is Up 1000 Mbps Full Duplex, Flow Control: RX
Jan 11 03:43:43 debianDNS kernel: [   10.555603] IPv6: ADDRCONF(NETDEV_CHANGE): enp0s3: link becomes ready
Jan 11 03:43:43 debianDNS kernel: [   11.121691] snd_intel8x0 0000:00:05.0: white list rate for 1028:0177 is 48000
Jan 13 06:09:31 debianDNS kernel: [    0.000000] Linux version 4.19.0-13-amd64 (debian-kernel@lists.debian.org) (gcc version 8.3.0 (Debian 8.3.0-6)) #1 SMP Debian 4.19.160-2 (2020-11-28)
Jan 13 06:09:31 debianDNS kernel: [    0.000000] Command line: BOOT_IMAGE=/boot/vmlinuz-4.19.0-13-amd64 root=UUID=b2134173-c79e-4a19-9967-b97e969e1c8e ro quiet
Jan 13 06:09:31 debianDNS kernel: [    0.000000] x86/fpu: Supporting XSAVE feature 0x001: 'x87 floating point registers'
Jan 13 06:09:31 debianDNS kernel: [    0.000000] x86/fpu: Supporting XSAVE feature 0x002: 'SSE registers'
Jan 13 06:09:31 debianDNS kernel: [    0.000000] x86/fpu: Supporting XSAVE feature 0x004: 'AVX registers'
Jan 13 06:09:31 debianDNS kernel: [    0.000000] x86/fpu: xstate_offset[2]:  576, xstate_sizes[2]:  256
Jan 13 06:09:31 debianDNS kernel: [    0.000000] x86/fpu: Enabled xstate features 0x7, context size is 832 bytes, using 'standard' format.
Jan 13 06:09:31 debianDNS kernel: [    0.000000] BIOS-provided physical RAM map:
Jan 13 06:09:31 debianDNS kernel: [    0.000000] BIOS-e820: [mem 0x0000000000000000-0x000000000009fbff] usable
Jan 13 06:09:31 debianDNS kernel: [    0.000000] BIOS-e820: [mem 0x000000000009fc00-0x000000000009ffff] reserved
Jan 13 06:09:31 debianDNS kernel: [    0.000000] BIOS-e820: [mem 0x00000000000f0000-0x00000000000fffff] reserved
Jan 13 06:09:31 debianDNS kernel: [    0.000000] BIOS-e820: [mem 0x0000000000100000-0x000000003ffeffff] usable
Jan 13 06:09:31 debianDNS kernel: [    0.000000] BIOS-e820: [mem 0x000000003fff0000-0x000000003fffffff] ACPI data
Jan 13 06:09:31 debianDNS kernel: [    0.000000] BIOS-e820: [mem 0x00000000fec00000-0x00000000fec00fff] reserved
Jan 13 06:09:31 debianDNS kernel: [    0.000000] BIOS-e820: [mem 0x00000000fee00000-0x00000000fee00fff] reserved
Jan 13 06:09:31 debianDNS kernel: [    0.000000] BIOS-e820: [mem 0x00000000fffc0000-0x00000000ffffffff] reserved
Jan 13 06:09:31 debianDNS kernel: [    0.000000] NX (Execute Disable) protection: active
Jan 13 06:09:31 debianDNS kernel: [    0.000000] SMBIOS 2.5 present.
Jan 13 06:09:31 debianDNS kernel: [    0.000000] DMI: innotek GmbH VirtualBox/VirtualBox, BIOS VirtualBox 12/01/2006
Jan 13 06:09:31 debianDNS kernel: [    0.000000] Hypervisor detected: KVM
Jan 13 06:09:31 debianDNS kernel: [    0.000000] kvm-clock: Using msrs 4b564d01 and 4b564d00
Jan 13 06:09:31 debianDNS kernel: [    0.000000] kvm-clock: cpu 0, msr e5eb001, primary cpu clock
Jan 13 06:09:31 debianDNS kernel: [    0.000000] kvm-clock: using sched offset of 9015487059 cycles
Jan 13 06:09:31 debianDNS kernel: [    0.000001] clocksource: kvm-clock: mask: 0xffffffffffffffff max_cycles: 0x1cd42e4dffb, max_idle_ns: 881590591483 ns
Jan 13 06:09:31 debianDNS kernel: [    0.000003] tsc: Detected 2712.022 MHz processor
Jan 13 06:09:31 debianDNS kernel: [    0.001299] e820: update [mem 0x00000000-0x00000fff] usable ==> reserved
Jan 13 06:09:31 debianDNS kernel: [    0.001300] e820: remove [mem 0x000a0000-0x000fffff] usable
Jan 13 06:09:31 debianDNS kernel: [    0.001303] last_pfn = 0x3fff0 max_arch_pfn = 0x400000000
Jan 13 06:09:31 debianDNS kernel: [    0.001311] MTRR default type: uncachable
Jan 13 06:09:31 debianDNS kernel: [    0.001312] MTRR variable ranges disabled:
Jan 13 06:09:31 debianDNS kernel: [    0.001312] Disabled
Jan 13 06:09:31 debianDNS kernel: [    0.001313] x86/PAT: MTRRs disabled, skipping PAT initialization too.
Jan 13 06:09:31 debianDNS kernel: [    0.001315] CPU MTRRs all blank - virtualized system.
Jan 13 06:09:31 debianDNS kernel: [    0.001317] x86/PAT: Configuration [0-7]: WB  WT  UC- UC  WB  WT  UC- UC  
Jan 13 06:09:31 debianDNS kernel: [    0.001350] found SMP MP-table at [mem 0x0009fff0-0x0009ffff]
Jan 13 06:09:31 debianDNS kernel: [    0.065516] RAMDISK: [mem 0x34e75000-0x36731fff]
Jan 13 06:09:31 debianDNS kernel: [    0.065524] ACPI: Early table checksum verification disabled
Jan 13 06:09:31 debianDNS kernel: [    0.065535] ACPI: RSDP 0x00000000000E0000 000024 (v02 VBOX  )
Jan 13 06:09:31 debianDNS kernel: [    0.065537] ACPI: XSDT 0x000000003FFF0030 00003C (v01 VBOX   VBOXXSDT 00000001 ASL  00000061)
Jan 13 06:09:31 debianDNS kernel: [    0.065541] ACPI: FACP 0x000000003FFF00F0 0000F4 (v04 VBOX   VBOXFACP 00000001 ASL  00000061)
Jan 13 06:09:31 debianDNS kernel: [    0.065545] ACPI: DSDT 0x000000003FFF0470 002325 (v02 VBOX   VBOXBIOS 00000002 INTL 20190509)
Jan 13 06:09:31 debianDNS kernel: [    0.065546] ACPI: FACS 0x000000003FFF0200 000040
Jan 13 06:09:31 debianDNS kernel: [    0.065548] ACPI: FACS 0x000000003FFF0200 000040
Jan 13 06:09:31 debianDNS kernel: [    0.065549] ACPI: APIC 0x000000003FFF0240 000054 (v02 VBOX   VBOXAPIC 00000001 ASL  00000061)
Jan 13 06:09:31 debianDNS kernel: [    0.065551] ACPI: SSDT 0x000000003FFF02A0 0001CC (v01 VBOX   VBOXCPUT 00000002 INTL 20190509)
Jan 13 06:09:31 debianDNS kernel: [    0.065557] ACPI: Local APIC address 0xfee00000
Jan 13 06:09:31 debianDNS kernel: [    0.065748] No NUMA configuration found
Jan 13 06:09:31 debianDNS kernel: [    0.065749] Faking a node at [mem 0x0000000000000000-0x000000003ffeffff]
Jan 13 06:09:31 debianDNS kernel: [    0.065752] NODE_DATA(0) allocated [mem 0x3ffeb000-0x3ffeffff]
Jan 13 06:09:31 debianDNS kernel: [    0.065765] Zone ranges:
Jan 13 06:09:31 debianDNS kernel: [    0.065766]   DMA      [mem 0x0000000000001000-0x0000000000ffffff]
Jan 13 06:09:31 debianDNS kernel: [    0.065767]   DMA32    [mem 0x0000000001000000-0x000000003ffeffff]
Jan 13 06:09:31 debianDNS kernel: [    0.065767]   Normal   empty
Jan 13 06:09:31 debianDNS kernel: [    0.065768]   Device   empty
Jan 13 06:09:31 debianDNS kernel: [    0.065768] Movable zone start for each node
Jan 13 06:09:31 debianDNS kernel: [    0.065769] Early memory node ranges
Jan 13 06:09:31 debianDNS kernel: [    0.065769]   node   0: [mem 0x0000000000001000-0x000000000009efff]
Jan 13 06:09:31 debianDNS kernel: [    0.065770]   node   0: [mem 0x0000000000100000-0x000000003ffeffff]
Jan 13 06:09:31 debianDNS kernel: [    0.065772] Zeroed struct page in unavailable ranges: 114 pages
Jan 13 06:09:31 debianDNS kernel: [    0.065773] Initmem setup node 0 [mem 0x0000000000001000-0x000000003ffeffff]
Jan 13 06:09:31 debianDNS kernel: [    0.065774] On node 0 totalpages: 262030
Jan 13 06:09:31 debianDNS kernel: [    0.065774]   DMA zone: 64 pages used for memmap
Jan 13 06:09:31 debianDNS kernel: [    0.065775]   DMA zone: 21 pages reserved
Jan 13 06:09:31 debianDNS kernel: [    0.065775]   DMA zone: 3998 pages, LIFO batch:0
Jan 13 06:09:31 debianDNS kernel: [    0.065846]   DMA32 zone: 4032 pages used for memmap
Jan 13 06:09:31 debianDNS kernel: [    0.065847]   DMA32 zone: 258032 pages, LIFO batch:63
Jan 13 06:09:31 debianDNS kernel: [    0.070651] ACPI: PM-Timer IO Port: 0x4008
Jan 13 06:09:31 debianDNS kernel: [    0.070654] ACPI: Local APIC address 0xfee00000
Jan 13 06:09:31 debianDNS kernel: [    0.070702] IOAPIC[0]: apic_id 1, version 32, address 0xfec00000, GSI 0-23
Jan 13 06:09:31 debianDNS kernel: [    0.070704] ACPI: INT_SRC_OVR (bus 0 bus_irq 0 global_irq 2 dfl dfl)
Jan 13 06:09:31 debianDNS kernel: [    0.070705] ACPI: INT_SRC_OVR (bus 0 bus_irq 9 global_irq 9 low level)
Jan 13 06:09:31 debianDNS kernel: [    0.070706] ACPI: IRQ0 used by override.
Jan 13 06:09:31 debianDNS kernel: [    0.070706] ACPI: IRQ9 used by override.
Jan 13 06:09:31 debianDNS kernel: [    0.070708] Using ACPI (MADT) for SMP configuration information
Jan 13 06:09:31 debianDNS kernel: [    0.070711] smpboot: Allowing 1 CPUs, 0 hotplug CPUs
Jan 13 06:09:31 debianDNS kernel: [    0.070726] PM: Registered nosave memory: [mem 0x00000000-0x00000fff]
Jan 13 06:09:31 debianDNS kernel: [    0.070727] PM: Registered nosave memory: [mem 0x0009f000-0x0009ffff]
Jan 13 06:09:31 debianDNS kernel: [    0.070727] PM: Registered nosave memory: [mem 0x000a0000-0x000effff]
Jan 13 06:09:31 debianDNS kernel: [    0.070728] PM: Registered nosave memory: [mem 0x000f0000-0x000fffff]
Jan 13 06:09:31 debianDNS kernel: [    0.070729] [mem 0x40000000-0xfebfffff] available for PCI devices
Jan 13 06:09:31 debianDNS kernel: [    0.070729] Booting paravirtualized kernel on KVM
Jan 13 06:09:31 debianDNS kernel: [    0.070731] clocksource: refined-jiffies: mask: 0xffffffff max_cycles: 0xffffffff, max_idle_ns: 7645519600211568 ns
Jan 13 06:09:31 debianDNS kernel: [    0.145903] random: get_random_bytes called from start_kernel+0x93/0x52a with crng_init=0
Jan 13 06:09:31 debianDNS kernel: [    0.145911] setup_percpu: NR_CPUS:512 nr_cpumask_bits:512 nr_cpu_ids:1 nr_node_ids:1
Jan 13 06:09:31 debianDNS kernel: [    0.146002] percpu: Embedded 45 pages/cpu s144536 r8192 d31592 u2097152
Jan 13 06:09:31 debianDNS kernel: [    0.146006] pcpu-alloc: s144536 r8192 d31592 u2097152 alloc=1*2097152
Jan 13 06:09:31 debianDNS kernel: [    0.146007] pcpu-alloc: [0] 0 
Jan 13 06:09:31 debianDNS kernel: [    0.146026] Built 1 zonelists, mobility grouping on.  Total pages: 257913
Jan 13 06:09:31 debianDNS kernel: [    0.146026] Policy zone: DMA32
Jan 13 06:09:31 debianDNS kernel: [    0.146027] Kernel command line: BOOT_IMAGE=/boot/vmlinuz-4.19.0-13-amd64 root=UUID=b2134173-c79e-4a19-9967-b97e969e1c8e ro quiet
Jan 13 06:09:31 debianDNS kernel: [    0.146085] Calgary: detecting Calgary via BIOS EBDA area
Jan 13 06:09:31 debianDNS kernel: [    0.146086] Calgary: Unable to locate Rio Grande table in EBDA - bailing!
Jan 13 06:09:31 debianDNS kernel: [    0.149780] Memory: 981304K/1048120K available (10252K kernel code, 1242K rwdata, 3320K rodata, 1596K init, 2264K bss, 66816K reserved, 0K cma-reserved)
Jan 13 06:09:31 debianDNS kernel: [    0.149847] SLUB: HWalign=64, Order=0-3, MinObjects=0, CPUs=1, Nodes=1
Jan 13 06:09:31 debianDNS kernel: [    0.149853] Kernel/User page tables isolation: enabled
Jan 13 06:09:31 debianDNS kernel: [    0.149887] ftrace: allocating 31960 entries in 125 pages
Jan 13 06:09:31 debianDNS kernel: [    0.160224] rcu: Hierarchical RCU implementation.
Jan 13 06:09:31 debianDNS kernel: [    0.160226] rcu: 	RCU restricting CPUs from NR_CPUS=512 to nr_cpu_ids=1.
Jan 13 06:09:31 debianDNS kernel: [    0.160226] rcu: Adjusting geometry for rcu_fanout_leaf=16, nr_cpu_ids=1
Jan 13 06:09:31 debianDNS kernel: [    0.162270] NR_IRQS: 33024, nr_irqs: 256, preallocated irqs: 16
Jan 13 06:09:31 debianDNS kernel: [    0.169761] Console: colour VGA+ 80x25
Jan 13 06:09:31 debianDNS kernel: [    0.169764] console [tty0] enabled
Jan 13 06:09:31 debianDNS kernel: [    0.169775] ACPI: Core revision 20180810
Jan 13 06:09:31 debianDNS kernel: [    0.169924] APIC: Switch to symmetric I/O mode setup
Jan 13 06:09:31 debianDNS kernel: [    0.170113] x2apic enabled
Jan 13 06:09:31 debianDNS kernel: [    0.170314] Switched APIC routing to physical x2apic.
Jan 13 06:09:31 debianDNS kernel: [    0.171211] ..TIMER: vector=0x30 apic1=0 pin1=2 apic2=-1 pin2=-1
Jan 13 06:09:31 debianDNS kernel: [    0.171229] clocksource: tsc-early: mask: 0xffffffffffffffff max_cycles: 0x27179b13ca5, max_idle_ns: 440795243959 ns
Jan 13 06:09:31 debianDNS kernel: [    0.171239] Calibrating delay loop (skipped) preset value.. 5424.04 BogoMIPS (lpj=10848088)
Jan 13 06:09:31 debianDNS kernel: [    0.171240] pid_max: default: 32768 minimum: 301
Jan 13 06:09:31 debianDNS kernel: [    0.171262] Security Framework initialized
Jan 13 06:09:31 debianDNS kernel: [    0.171263] Yama: disabled by default; enable with sysctl kernel.yama.*
Jan 13 06:09:31 debianDNS kernel: [    0.171274] AppArmor: AppArmor initialized
Jan 13 06:09:31 debianDNS kernel: [    0.171389] Dentry cache hash table entries: 131072 (order: 8, 1048576 bytes)
Jan 13 06:09:31 debianDNS kernel: [    0.171458] Inode-cache hash table entries: 65536 (order: 7, 524288 bytes)
