Jan 17 11:00:19 debian rsyslogd:  [origin software="rsyslogd" swVersion="8.1901.0" x-pid="362" x-info="https://www.rsyslog.com"] rsyslogd was HUPed
Jan 17 11:00:20 debian kernel: [   13.661109] IPv6: ADDRCONF(NETDEV_UP): enp0s3: link is not ready
Jan 17 11:00:20 debian kernel: [   13.667108] e1000: enp0s3 NIC Link is Up 1000 Mbps Full Duplex, Flow Control: RX
Jan 17 11:00:20 debian kernel: [   13.667633] IPv6: ADDRCONF(NETDEV_CHANGE): enp0s3: link becomes ready
Jan 17 11:00:21 debian kernel: [   14.962199] IPv6: ADDRCONF(NETDEV_UP): enp0s8: link is not ready
Jan 17 11:00:21 debian kernel: [   14.967947] e1000: enp0s8 NIC Link is Up 1000 Mbps Full Duplex, Flow Control: RX
Jan 17 11:00:21 debian kernel: [   14.968206] IPv6: ADDRCONF(NETDEV_CHANGE): enp0s8: link becomes ready
Jan 17 11:00:21 debian kernel: [   14.976133] IPv6: ADDRCONF(NETDEV_UP): enp0s9: link is not ready
Jan 17 11:00:21 debian kernel: [   14.986324] e1000: enp0s9 NIC Link is Up 1000 Mbps Full Duplex, Flow Control: RX
Jan 17 11:00:21 debian kernel: [   14.986697] IPv6: ADDRCONF(NETDEV_CHANGE): enp0s9: link becomes ready
Jan 17 11:12:14 debian kernel: [  727.175647] usb 1-1: USB disconnect, device number 2
Jan 17 11:12:14 debian kernel: [  727.355671] e1000: enp0s3 NIC Link is Down
Jan 17 11:12:15 debian kernel: [  727.839081] usb 1-1: new full-speed USB device number 3 using ohci-pci
Jan 17 11:12:15 debian kernel: [  728.154598] usb 1-1: New USB device found, idVendor=80ee, idProduct=0021, bcdDevice= 1.00
Jan 17 11:12:15 debian kernel: [  728.154602] usb 1-1: New USB device strings: Mfr=1, Product=3, SerialNumber=0
Jan 17 11:12:15 debian kernel: [  728.154603] usb 1-1: Product: USB Tablet
Jan 17 11:12:15 debian kernel: [  728.154605] usb 1-1: Manufacturer: VirtualBox
Jan 17 11:12:15 debian kernel: [  728.176894] input: VirtualBox USB Tablet as /devices/pci0000:00/0000:00:06.0/usb1/1-1/1-1:1.0/0003:80EE:0021.0002/input/input9
Jan 17 11:12:15 debian kernel: [  728.177449] hid-generic 0003:80EE:0021.0002: input,hidraw0: USB HID v1.10 Mouse [VirtualBox USB Tablet] on usb-0000:00:06.0-1/input0
Jan 17 11:12:16 debian kernel: [  728.635512] e1000: enp0s8 NIC Link is Down
Jan 17 11:12:16 debian kernel: [  728.635691] e1000: enp0s9 NIC Link is Down
Jan 17 11:12:18 debian kernel: [  730.651972] e1000: enp0s9 NIC Link is Up 1000 Mbps Full Duplex, Flow Control: RX
Jan 17 11:12:18 debian kernel: [  730.653046] e1000: enp0s8 NIC Link is Up 1000 Mbps Full Duplex, Flow Control: RX
Jan 17 11:12:18 debian kernel: [  731.387293] e1000: enp0s3 NIC Link is Up 1000 Mbps Full Duplex, Flow Control: RX
Jan 17 11:33:51 debian kernel: [ 1246.198341] usb 1-1: USB disconnect, device number 3
Jan 17 11:33:52 debian kernel: [ 1246.595923] usb 1-1: new full-speed USB device number 4 using ohci-pci
Jan 17 11:33:52 debian kernel: [ 1246.927829] usb 1-1: New USB device found, idVendor=80ee, idProduct=0021, bcdDevice= 1.00
Jan 17 11:33:52 debian kernel: [ 1246.927832] usb 1-1: New USB device strings: Mfr=1, Product=3, SerialNumber=0
Jan 17 11:33:52 debian kernel: [ 1246.927834] usb 1-1: Product: USB Tablet
Jan 17 11:33:52 debian kernel: [ 1246.927835] usb 1-1: Manufacturer: VirtualBox
Jan 17 11:33:52 debian kernel: [ 1246.949626] input: VirtualBox USB Tablet as /devices/pci0000:00/0000:00:06.0/usb1/1-1/1-1:1.0/0003:80EE:0021.0003/input/input10
Jan 17 11:33:52 debian kernel: [ 1246.950357] hid-generic 0003:80EE:0021.0003: input,hidraw0: USB HID v1.10 Mouse [VirtualBox USB Tablet] on usb-0000:00:06.0-1/input0
Jan 18 02:26:21 debian kernel: [    0.000000] Linux version 4.19.0-13-amd64 (debian-kernel@lists.debian.org) (gcc version 8.3.0 (Debian 8.3.0-6)) #1 SMP Debian 4.19.160-2 (2020-11-28)
Jan 18 02:26:21 debian kernel: [    0.000000] Command line: BOOT_IMAGE=/boot/vmlinuz-4.19.0-13-amd64 root=UUID=b2134173-c79e-4a19-9967-b97e969e1c8e ro quiet
Jan 18 02:26:21 debian kernel: [    0.000000] x86/fpu: Supporting XSAVE feature 0x001: 'x87 floating point registers'
Jan 18 02:26:21 debian kernel: [    0.000000] x86/fpu: Supporting XSAVE feature 0x002: 'SSE registers'
Jan 18 02:26:21 debian kernel: [    0.000000] x86/fpu: Supporting XSAVE feature 0x004: 'AVX registers'
Jan 18 02:26:21 debian kernel: [    0.000000] x86/fpu: xstate_offset[2]:  576, xstate_sizes[2]:  256
Jan 18 02:26:21 debian kernel: [    0.000000] x86/fpu: Enabled xstate features 0x7, context size is 832 bytes, using 'standard' format.
Jan 18 02:26:21 debian kernel: [    0.000000] BIOS-provided physical RAM map:
Jan 18 02:26:21 debian kernel: [    0.000000] BIOS-e820: [mem 0x0000000000000000-0x000000000009fbff] usable
Jan 18 02:26:21 debian kernel: [    0.000000] BIOS-e820: [mem 0x000000000009fc00-0x000000000009ffff] reserved
Jan 18 02:26:21 debian kernel: [    0.000000] BIOS-e820: [mem 0x00000000000f0000-0x00000000000fffff] reserved
Jan 18 02:26:21 debian kernel: [    0.000000] BIOS-e820: [mem 0x0000000000100000-0x000000003ffeffff] usable
Jan 18 02:26:21 debian kernel: [    0.000000] BIOS-e820: [mem 0x000000003fff0000-0x000000003fffffff] ACPI data
Jan 18 02:26:21 debian kernel: [    0.000000] BIOS-e820: [mem 0x00000000fec00000-0x00000000fec00fff] reserved
Jan 18 02:26:21 debian kernel: [    0.000000] BIOS-e820: [mem 0x00000000fee00000-0x00000000fee00fff] reserved
Jan 18 02:26:21 debian kernel: [    0.000000] BIOS-e820: [mem 0x00000000fffc0000-0x00000000ffffffff] reserved
Jan 18 02:26:21 debian kernel: [    0.000000] NX (Execute Disable) protection: active
Jan 18 02:26:21 debian kernel: [    0.000000] SMBIOS 2.5 present.
Jan 18 02:26:21 debian kernel: [    0.000000] DMI: innotek GmbH VirtualBox/VirtualBox, BIOS VirtualBox 12/01/2006
Jan 18 02:26:21 debian kernel: [    0.000000] Hypervisor detected: KVM
Jan 18 02:26:21 debian kernel: [    0.000000] kvm-clock: Using msrs 4b564d01 and 4b564d00
Jan 18 02:26:21 debian kernel: [    0.000000] kvm-clock: cpu 0, msr c1eb001, primary cpu clock
Jan 18 02:26:21 debian kernel: [    0.000000] kvm-clock: using sched offset of 9214935157 cycles
Jan 18 02:26:21 debian kernel: [    0.000001] clocksource: kvm-clock: mask: 0xffffffffffffffff max_cycles: 0x1cd42e4dffb, max_idle_ns: 881590591483 ns
Jan 18 02:26:21 debian kernel: [    0.000003] tsc: Detected 2711.998 MHz processor
Jan 18 02:26:21 debian kernel: [    0.001339] last_pfn = 0x3fff0 max_arch_pfn = 0x400000000
Jan 18 02:26:21 debian kernel: [    0.001349] Disabled
Jan 18 02:26:21 debian kernel: [    0.001350] x86/PAT: MTRRs disabled, skipping PAT initialization too.
Jan 18 02:26:21 debian kernel: [    0.001352] CPU MTRRs all blank - virtualized system.
Jan 18 02:26:21 debian kernel: [    0.001354] x86/PAT: Configuration [0-7]: WB  WT  UC- UC  WB  WT  UC- UC  
Jan 18 02:26:21 debian kernel: [    0.001389] found SMP MP-table at [mem 0x0009fff0-0x0009ffff]
Jan 18 02:26:21 debian kernel: [    0.068835] RAMDISK: [mem 0x34e75000-0x36731fff]
Jan 18 02:26:21 debian kernel: [    0.068843] ACPI: Early table checksum verification disabled
Jan 18 02:26:21 debian kernel: [    0.068853] ACPI: RSDP 0x00000000000E0000 000024 (v02 VBOX  )
Jan 18 02:26:21 debian kernel: [    0.068856] ACPI: XSDT 0x000000003FFF0030 00003C (v01 VBOX   VBOXXSDT 00000001 ASL  00000061)
Jan 18 02:26:21 debian kernel: [    0.068860] ACPI: FACP 0x000000003FFF00F0 0000F4 (v04 VBOX   VBOXFACP 00000001 ASL  00000061)
Jan 18 02:26:21 debian kernel: [    0.068863] ACPI: DSDT 0x000000003FFF0470 002325 (v02 VBOX   VBOXBIOS 00000002 INTL 20190509)
Jan 18 02:26:21 debian kernel: [    0.068865] ACPI: FACS 0x000000003FFF0200 000040
Jan 18 02:26:21 debian kernel: [    0.068867] ACPI: FACS 0x000000003FFF0200 000040
Jan 18 02:26:21 debian kernel: [    0.068868] ACPI: APIC 0x000000003FFF0240 000054 (v02 VBOX   VBOXAPIC 00000001 ASL  00000061)
Jan 18 02:26:21 debian kernel: [    0.068870] ACPI: SSDT 0x000000003FFF02A0 0001CC (v01 VBOX   VBOXCPUT 00000002 INTL 20190509)
Jan 18 02:26:21 debian kernel: [    0.069079] No NUMA configuration found
Jan 18 02:26:21 debian kernel: [    0.069080] Faking a node at [mem 0x0000000000000000-0x000000003ffeffff]
Jan 18 02:26:21 debian kernel: [    0.069082] NODE_DATA(0) allocated [mem 0x3ffeb000-0x3ffeffff]
Jan 18 02:26:21 debian kernel: [    0.069096] Zone ranges:
Jan 18 02:26:21 debian kernel: [    0.069097]   DMA      [mem 0x0000000000001000-0x0000000000ffffff]
Jan 18 02:26:21 debian kernel: [    0.069098]   DMA32    [mem 0x0000000001000000-0x000000003ffeffff]
Jan 18 02:26:21 debian kernel: [    0.069098]   Normal   empty
Jan 18 02:26:21 debian kernel: [    0.069099]   Device   empty
Jan 18 02:26:21 debian kernel: [    0.069099] Movable zone start for each node
Jan 18 02:26:21 debian kernel: [    0.069100] Early memory node ranges
Jan 18 02:26:21 debian kernel: [    0.069100]   node   0: [mem 0x0000000000001000-0x000000000009efff]
Jan 18 02:26:21 debian kernel: [    0.069101]   node   0: [mem 0x0000000000100000-0x000000003ffeffff]
Jan 18 02:26:21 debian kernel: [    0.069103] Zeroed struct page in unavailable ranges: 114 pages
Jan 18 02:26:21 debian kernel: [    0.069104] Initmem setup node 0 [mem 0x0000000000001000-0x000000003ffeffff]
Jan 18 02:26:21 debian kernel: [    0.075240] ACPI: PM-Timer IO Port: 0x4008
Jan 18 02:26:21 debian kernel: [    0.075299] IOAPIC[0]: apic_id 1, version 32, address 0xfec00000, GSI 0-23
Jan 18 02:26:21 debian kernel: [    0.075301] ACPI: INT_SRC_OVR (bus 0 bus_irq 0 global_irq 2 dfl dfl)
Jan 18 02:26:21 debian kernel: [    0.075302] ACPI: INT_SRC_OVR (bus 0 bus_irq 9 global_irq 9 low level)
Jan 18 02:26:21 debian kernel: [    0.075305] Using ACPI (MADT) for SMP configuration information
Jan 18 02:26:21 debian kernel: [    0.075310] smpboot: Allowing 1 CPUs, 0 hotplug CPUs
Jan 18 02:26:21 debian kernel: [    0.075346] PM: Registered nosave memory: [mem 0x00000000-0x00000fff]
Jan 18 02:26:21 debian kernel: [    0.075347] PM: Registered nosave memory: [mem 0x0009f000-0x0009ffff]
Jan 18 02:26:21 debian kernel: [    0.075347] PM: Registered nosave memory: [mem 0x000a0000-0x000effff]
Jan 18 02:26:21 debian kernel: [    0.075348] PM: Registered nosave memory: [mem 0x000f0000-0x000fffff]
Jan 18 02:26:21 debian kernel: [    0.075354] [mem 0x40000000-0xfebfffff] available for PCI devices
Jan 18 02:26:21 debian kernel: [    0.075357] Booting paravirtualized kernel on KVM
Jan 18 02:26:21 debian kernel: [    0.075378] clocksource: refined-jiffies: mask: 0xffffffff max_cycles: 0xffffffff, max_idle_ns: 7645519600211568 ns
Jan 18 02:26:21 debian kernel: [    0.155733] random: get_random_bytes called from start_kernel+0x93/0x52a with crng_init=0
Jan 18 02:26:21 debian kernel: [    0.155749] setup_percpu: NR_CPUS:512 nr_cpumask_bits:512 nr_cpu_ids:1 nr_node_ids:1
Jan 18 02:26:21 debian kernel: [    0.156076] percpu: Embedded 45 pages/cpu s144536 r8192 d31592 u2097152
Jan 18 02:26:21 debian kernel: [    0.156105] Built 1 zonelists, mobility grouping on.  Total pages: 257913
Jan 18 02:26:21 debian kernel: [    0.156106] Policy zone: DMA32
Jan 18 02:26:21 debian kernel: [    0.156107] Kernel command line: BOOT_IMAGE=/boot/vmlinuz-4.19.0-13-amd64 root=UUID=b2134173-c79e-4a19-9967-b97e969e1c8e ro quiet
Jan 18 02:26:21 debian kernel: [    0.159499] Memory: 981304K/1048120K available (10252K kernel code, 1242K rwdata, 3320K rodata, 1596K init, 2264K bss, 66816K reserved, 0K cma-reserved)
Jan 18 02:26:21 debian kernel: [    0.159570] SLUB: HWalign=64, Order=0-3, MinObjects=0, CPUs=1, Nodes=1
Jan 18 02:26:21 debian kernel: [    0.159576] Kernel/User page tables isolation: enabled
Jan 18 02:26:21 debian kernel: [    0.159610] ftrace: allocating 31960 entries in 125 pages
Jan 18 02:26:21 debian kernel: [    0.170652] rcu: Hierarchical RCU implementation.
Jan 18 02:26:21 debian kernel: [    0.170654] rcu: 	RCU restricting CPUs from NR_CPUS=512 to nr_cpu_ids=1.
Jan 18 02:26:21 debian kernel: [    0.170655] rcu: Adjusting geometry for rcu_fanout_leaf=16, nr_cpu_ids=1
Jan 18 02:26:21 debian kernel: [    0.173386] NR_IRQS: 33024, nr_irqs: 256, preallocated irqs: 16
Jan 18 02:26:21 debian kernel: [    0.182150] Console: colour VGA+ 80x25
Jan 18 02:26:21 debian kernel: [    0.182154] console [tty0] enabled
Jan 18 02:26:21 debian kernel: [    0.182178] ACPI: Core revision 20180810
Jan 18 02:26:21 debian kernel: [    0.182474] APIC: Switch to symmetric I/O mode setup
Jan 18 02:26:21 debian kernel: [    0.182745] x2apic enabled
Jan 18 02:26:21 debian kernel: [    0.182932] Switched APIC routing to physical x2apic.
Jan 18 02:26:21 debian kernel: [    0.183916] ..TIMER: vector=0x30 apic1=0 pin1=2 apic2=-1 pin2=-1
Jan 18 02:26:21 debian kernel: [    0.183935] clocksource: tsc-early: mask: 0xffffffffffffffff max_cycles: 0x27178451938, max_idle_ns: 440795251172 ns
Jan 18 02:26:21 debian kernel: [    0.183947] Calibrating delay loop (skipped) preset value.. 5423.99 BogoMIPS (lpj=10847992)
Jan 18 02:26:21 debian kernel: [    0.183948] pid_max: default: 32768 minimum: 301
Jan 18 02:26:21 debian kernel: [    0.183975] Security Framework initialized
Jan 18 02:26:21 debian kernel: [    0.183976] Yama: disabled by default; enable with sysctl kernel.yama.*
Jan 18 02:26:21 debian kernel: [    0.183990] AppArmor: AppArmor initialized
Jan 18 02:26:21 debian kernel: [    0.184120] Dentry cache hash table entries: 131072 (order: 8, 1048576 bytes)
Jan 18 02:26:21 debian kernel: [    0.184191] Inode-cache hash table entries: 65536 (order: 7, 524288 bytes)
Jan 18 02:26:21 debian kernel: [    0.184197] Mount-cache hash table entries: 2048 (order: 2, 16384 bytes)
Jan 18 02:26:21 debian kernel: [    0.184200] Mountpoint-cache hash table entries: 2048 (order: 2, 16384 bytes)
Jan 18 02:26:21 debian kernel: [    0.184432] process: using mwait in idle threads
Jan 18 02:26:21 debian kernel: [    0.184436] Last level iTLB entries: 4KB 128, 2MB 8, 4MB 8
Jan 18 02:26:21 debian kernel: [    0.184437] Last level dTLB entries: 4KB 64, 2MB 0, 4MB 0, 1GB 4
Jan 18 02:26:21 debian kernel: [    0.184438] Spectre V1 : Mitigation: usercopy/swapgs barriers and __user pointer sanitization
Jan 18 02:26:21 debian kernel: [    0.184439] Spectre V2 : Mitigation: Full generic retpoline
Jan 18 02:26:21 debian kernel: [    0.184439] Spectre V2 : Spectre v2 / SpectreRSB mitigation: Filling RSB on context switch
Jan 18 02:26:21 debian kernel: [    0.184439] Speculative Store Bypass: Vulnerable
Jan 18 02:26:21 debian kernel: [    0.184459] SRBDS: Unknown: Dependent on hypervisor status
Jan 18 02:26:21 debian kernel: [    0.184460] MDS: Mitigation: Clear CPU buffers
Jan 18 02:26:21 debian kernel: [    0.189714] Freeing SMP alternatives memory: 24K
Jan 18 02:26:21 debian kernel: [    0.301381] smpboot: CPU0: Intel(R) Core(TM) i5-7500T CPU @ 2.70GHz (family: 0x6, model: 0x9e, stepping: 0x9)
Jan 18 02:26:21 debian kernel: [    0.301463] Performance Events: unsupported p6 CPU model 158 no PMU driver, software events only.
Jan 18 02:26:21 debian kernel: [    0.301483] rcu: Hierarchical SRCU implementation.
Jan 18 02:26:21 debian kernel: [    0.301896] random: crng done (trusting CPU's manufacturer)
Jan 18 02:26:21 debian kernel: [    0.301908] NMI watchdog: Perf NMI watchdog permanently disabled
Jan 18 02:26:21 debian kernel: [    0.301951] smp: Bringing up secondary CPUs ...
Jan 18 02:26:21 debian kernel: [    0.301952] smp: Brought up 1 node, 1 CPU
Jan 18 02:26:21 debian kernel: [    0.301952] smpboot: Max logical packages: 1
Jan 18 02:26:21 debian kernel: [    0.301953] smpboot: Total of 1 processors activated (5423.99 BogoMIPS)
Jan 18 02:26:21 debian kernel: [    0.302048] devtmpfs: initialized
Jan 18 02:26:21 debian kernel: [    0.302083] x86/mm: Memory block size: 128MB
Jan 18 02:26:21 debian kernel: [    0.302261] clocksource: jiffies: mask: 0xffffffff max_cycles: 0xffffffff, max_idle_ns: 7645041785100000 ns
Jan 18 02:26:21 debian kernel: [    0.302269] futex hash table entries: 256 (order: 2, 16384 bytes)
Jan 18 02:26:21 debian kernel: [    0.302311] pinctrl core: initialized pinctrl subsystem
Jan 18 02:26:21 debian kernel: [    0.302420] NET: Registered protocol family 16
Jan 18 02:26:21 debian kernel: [    0.302466] audit: initializing netlink subsys (disabled)
Jan 18 02:26:21 debian kernel: [    0.302550] cpuidle: using governor ladder
Jan 18 02:26:21 debian kernel: [    0.302551] cpuidle: using governor menu
Jan 18 02:26:21 debian kernel: [    0.302573] ACPI: bus type PCI registered
Jan 18 02:26:21 debian kernel: [    0.302574] acpiphp: ACPI Hot Plug PCI Controller Driver version: 0.5
Jan 18 02:26:21 debian kernel: [    0.302645] PCI: Using configuration type 1 for base access
Jan 18 02:26:21 debian kernel: [    0.303158] audit: type=2000 audit(1610954784.345:1): state=initialized audit_enabled=0 res=1
Jan 18 02:26:21 debian kernel: [    0.303200] HugeTLB registered 2.00 MiB page size, pre-allocated 0 pages
Jan 18 02:26:21 debian kernel: [    0.303682] ACPI: Added _OSI(Module Device)
Jan 18 02:26:21 debian kernel: [    0.303682] ACPI: Added _OSI(Processor Device)
Jan 18 02:26:21 debian kernel: [    0.303683] ACPI: Added _OSI(3.0 _SCP Extensions)
Jan 18 02:26:21 debian kernel: [    0.303683] ACPI: Added _OSI(Processor Aggregator Device)
Jan 18 02:26:21 debian kernel: [    0.303684] ACPI: Added _OSI(Linux-Dell-Video)
Jan 18 02:26:21 debian kernel: [    0.303685] ACPI: Added _OSI(Linux-Lenovo-NV-HDMI-Audio)
Jan 18 02:26:21 debian kernel: [    0.303937] ACPI: 2 ACPI AML tables successfully acquired and loaded
Jan 18 02:26:21 debian kernel: [    0.304232] ACPI: Interpreter enabled
Jan 18 02:26:21 debian kernel: [    0.304239] ACPI: (supports S0 S5)
Jan 18 02:26:21 debian kernel: [    0.304240] ACPI: Using IOAPIC for interrupt routing
Jan 18 02:26:21 debian kernel: [    0.304347] PCI: Using host bridge windows from ACPI; if necessary, use "pci=nocrs" and report a bug
Jan 18 02:26:21 debian kernel: [    0.304420] ACPI: Enabled 2 GPEs in block 00 to 07
Jan 18 02:26:21 debian kernel: [    0.307336] ACPI: PCI Root Bridge [PCI0] (domain 0000 [bus 00-ff])
Jan 18 02:26:21 debian kernel: [    0.307339] acpi PNP0A03:00: _OSC: OS supports [ASPM ClockPM Segments MSI]
Jan 18 02:26:21 debian kernel: [    0.307554] acpi PNP0A03:00: _OSC: not requesting OS control; OS requires [ExtendedConfig ASPM ClockPM MSI]
Jan 18 02:26:21 debian kernel: [    0.307558] acpi PNP0A03:00: fail to add MMCONFIG information, can't access extended PCI configuration space under this bridge.
Jan 18 02:26:21 debian kernel: [    0.307781] PCI host bridge to bus 0000:00
Jan 18 02:26:21 debian kernel: [    0.307783] pci_bus 0000:00: root bus resource [io  0x0000-0x0cf7 window]
Jan 18 02:26:21 debian kernel: [    0.307784] pci_bus 0000:00: root bus resource [io  0x0d00-0xffff window]
Jan 18 02:26:21 debian kernel: [    0.307785] pci_bus 0000:00: root bus resource [mem 0x000a0000-0x000bffff window]
Jan 18 02:26:21 debian kernel: [    0.307785] pci_bus 0000:00: root bus resource [mem 0x40000000-0xfdffffff window]
Jan 18 02:26:21 debian kernel: [    0.307786] pci_bus 0000:00: root bus resource [bus 00-ff]
Jan 18 02:26:21 debian kernel: [    0.309102] pci 0000:00:01.1: legacy IDE quirk: reg 0x10: [io  0x01f0-0x01f7]
Jan 18 02:26:21 debian kernel: [    0.309103] pci 0000:00:01.1: legacy IDE quirk: reg 0x14: [io  0x03f6]
Jan 18 02:26:21 debian kernel: [    0.309104] pci 0000:00:01.1: legacy IDE quirk: reg 0x18: [io  0x0170-0x0177]
Jan 18 02:26:21 debian kernel: [    0.309104] pci 0000:00:01.1: legacy IDE quirk: reg 0x1c: [io  0x0376]
Jan 18 02:26:21 debian kernel: [    0.319582] pci 0000:00:07.0: quirk: [io  0x4000-0x403f] claimed by PIIX4 ACPI
Jan 18 02:26:21 debian kernel: [    0.319589] pci 0000:00:07.0: quirk: [io  0x4100-0x410f] claimed by PIIX4 SMB
Jan 18 02:26:21 debian kernel: [    0.326990] ACPI: PCI Interrupt Link [LNKA] (IRQs 5 9 10 *11)
Jan 18 02:26:21 debian kernel: [    0.327137] ACPI: PCI Interrupt Link [LNKB] (IRQs 5 9 *10 11)
Jan 18 02:26:21 debian kernel: [    0.327195] ACPI: PCI Interrupt Link [LNKC] (IRQs 5 *9 10 11)
Jan 18 02:26:21 debian kernel: [    0.327252] ACPI: PCI Interrupt Link [LNKD] (IRQs 5 9 10 *11)
Jan 18 02:26:21 debian kernel: [    0.327376] pci 0000:00:02.0: vgaarb: setting as boot VGA device
Jan 18 02:26:21 debian kernel: [    0.327377] pci 0000:00:02.0: vgaarb: VGA device added: decodes=io+mem,owns=io+mem,locks=none
Jan 18 02:26:21 debian kernel: [    0.327379] pci 0000:00:02.0: vgaarb: bridge control possible
Jan 18 02:26:21 debian kernel: [    0.327380] vgaarb: loaded
Jan 18 02:26:21 debian kernel: [    0.327419] pps_core: LinuxPPS API ver. 1 registered
Jan 18 02:26:21 debian kernel: [    0.327420] pps_core: Software ver. 5.3.6 - Copyright 2005-2007 Rodolfo Giometti <giometti@linux.it>
Jan 18 02:26:21 debian kernel: [    0.327421] PTP clock support registered
Jan 18 02:26:21 debian kernel: [    0.327425] EDAC MC: Ver: 3.0.0
Jan 18 02:26:21 debian kernel: [    0.327646] PCI: Using ACPI for IRQ routing
Jan 18 02:26:21 debian kernel: [    0.327936] clocksource: Switched to clocksource kvm-clock
Jan 18 02:26:21 debian kernel: [    0.330835] VFS: Disk quotas dquot_6.6.0
Jan 18 02:26:21 debian kernel: [    0.330844] VFS: Dquot-cache hash table entries: 512 (order 0, 4096 bytes)
Jan 18 02:26:21 debian kernel: [    0.330905] AppArmor: AppArmor Filesystem Enabled
Jan 18 02:26:21 debian kernel: [    0.330917] pnp: PnP ACPI init
Jan 18 02:26:21 debian kernel: [    0.331405] pnp: PnP ACPI: found 2 devices
Jan 18 02:26:21 debian kernel: [    0.336643] clocksource: acpi_pm: mask: 0xffffff max_cycles: 0xffffff, max_idle_ns: 2085701024 ns
Jan 18 02:26:21 debian kernel: [    0.336685] NET: Registered protocol family 2
Jan 18 02:26:21 debian kernel: [    0.336770] tcp_listen_portaddr_hash hash table entries: 512 (order: 1, 8192 bytes)
Jan 18 02:26:21 debian kernel: [    0.336775] TCP established hash table entries: 8192 (order: 4, 65536 bytes)
Jan 18 02:26:21 debian kernel: [    0.336785] TCP bind hash table entries: 8192 (order: 5, 131072 bytes)
Jan 18 02:26:21 debian kernel: [    0.336798] TCP: Hash tables configured (established 8192 bind 8192)
Jan 18 02:26:21 debian kernel: [    0.336813] UDP hash table entries: 512 (order: 2, 16384 bytes)
Jan 18 02:26:21 debian kernel: [    0.336816] UDP-Lite hash table entries: 512 (order: 2, 16384 bytes)
Jan 18 02:26:21 debian kernel: [    0.336837] NET: Registered protocol family 1
Jan 18 02:26:21 debian kernel: [    0.336840] NET: Registered protocol family 44
Jan 18 02:26:21 debian kernel: [    0.336855] pci 0000:00:00.0: Limiting direct PCI/PCI transfers
Jan 18 02:26:21 debian kernel: [    0.336863] pci 0000:00:01.0: Activating ISA DMA hang workarounds
Jan 18 02:26:21 debian kernel: [    0.336900] pci 0000:00:02.0: Video device with shadowed ROM at [mem 0x000c0000-0x000dffff]
Jan 18 02:26:21 debian kernel: [    0.337831] Unpacking initramfs...
Jan 18 02:26:21 debian kernel: [    0.701686] Freeing initrd memory: 25332K
Jan 18 02:26:21 debian kernel: [    0.701832] clocksource: tsc: mask: 0xffffffffffffffff max_cycles: 0x27178451938, max_idle_ns: 440795251172 ns
Jan 18 02:26:21 debian kernel: [    0.701875] platform rtc_cmos: registered platform RTC device (no PNP device found)
Jan 18 02:26:21 debian kernel: [    0.702281] Initialise system trusted keyrings
Jan 18 02:26:21 debian kernel: [    0.702294] Key type blacklist registered
Jan 18 02:26:21 debian kernel: [    0.702327] workingset: timestamp_bits=40 max_order=18 bucket_order=0
Jan 18 02:26:21 debian kernel: [    0.703280] zbud: loaded
Jan 18 02:26:21 debian kernel: [    0.813283] Key type asymmetric registered
Jan 18 02:26:21 debian kernel: [    0.813284] Asymmetric key parser 'x509' registered
Jan 18 02:26:21 debian kernel: [    0.813294] Block layer SCSI generic (bsg) driver version 0.4 loaded (major 247)
Jan 18 02:26:21 debian kernel: [    0.813308] io scheduler noop registered
Jan 18 02:26:21 debian kernel: [    0.813309] io scheduler deadline registered
Jan 18 02:26:21 debian kernel: [    0.813335] io scheduler cfq registered (default)
Jan 18 02:26:21 debian kernel: [    0.813335] io scheduler mq-deadline registered
Jan 18 02:26:21 debian kernel: [    0.813411] shpchp: Standard Hot Plug PCI Controller Driver version: 0.4
Jan 18 02:26:21 debian kernel: [    0.813558] Serial: 8250/16550 driver, 4 ports, IRQ sharing enabled
Jan 18 02:26:21 debian kernel: [    0.813763] Linux agpgart interface v0.103
Jan 18 02:26:21 debian kernel: [    0.813827] AMD IOMMUv2 driver by Joerg Roedel <jroedel@suse.de>
Jan 18 02:26:21 debian kernel: [    0.813827] AMD IOMMUv2 functionality not available on this system
Jan 18 02:26:21 debian kernel: [    0.813899] i8042: PNP: PS/2 Controller [PNP0303:PS2K,PNP0f03:PS2M] at 0x60,0x64 irq 1,12
Jan 18 02:26:21 debian kernel: [    0.814295] serio: i8042 KBD port at 0x60,0x64 irq 1
Jan 18 02:26:21 debian kernel: [    0.814298] serio: i8042 AUX port at 0x60,0x64 irq 12
Jan 18 02:26:21 debian kernel: [    0.814352] mousedev: PS/2 mouse device common for all mice
Jan 18 02:26:21 debian kernel: [    0.814698] input: AT Translated Set 2 keyboard as /devices/platform/i8042/serio0/input/input0
Jan 18 02:26:21 debian kernel: [    0.814822] rtc_cmos rtc_cmos: registered as rtc0
Jan 18 02:26:21 debian kernel: [    0.814831] rtc_cmos rtc_cmos: alarms up to one day, 114 bytes nvram
Jan 18 02:26:21 debian kernel: [    0.814840] ledtrig-cpu: registered to indicate activity on CPUs
Jan 18 02:26:21 debian kernel: [    0.815005] NET: Registered protocol family 10
Jan 18 02:26:21 debian kernel: [    0.819841] Segment Routing with IPv6
Jan 18 02:26:21 debian kernel: [    0.819874] mip6: Mobile IPv6
Jan 18 02:26:21 debian kernel: [    0.819877] NET: Registered protocol family 17
Jan 18 02:26:21 debian kernel: [    0.819902] mpls_gso: MPLS GSO support
Jan 18 02:26:21 debian kernel: [    0.819994] mce: Using 0 MCE banks
Jan 18 02:26:21 debian kernel: [    0.820024] sched_clock: Marking stable (806290462, 9809349)->(820093340, -3993529)
Jan 18 02:26:21 debian kernel: [    0.820227] registered taskstats version 1
Jan 18 02:26:21 debian kernel: [    0.820228] Loading compiled-in X.509 certificates
Jan 18 02:26:21 debian kernel: [    0.845749] Loaded X.509 cert 'Debian Secure Boot CA: 6ccece7e4c6c0d1f6149f3dd27dfcc5cbb419ea1'
Jan 18 02:26:21 debian kernel: [    0.845764] Loaded X.509 cert 'Debian Secure Boot Signer 2020: 00b55eb3b9'
Jan 18 02:26:21 debian kernel: [    0.845780] zswap: loaded using pool lzo/zbud
Jan 18 02:26:21 debian kernel: [    0.845823] AppArmor: AppArmor sha1 policy hashing enabled
Jan 18 02:26:21 debian kernel: [    0.846062] rtc_cmos rtc_cmos: setting system clock to 2021-01-18 07:26:14 UTC (1610954774)
Jan 18 02:26:21 debian kernel: [    0.847156] Freeing unused kernel image memory: 1596K
Jan 18 02:26:21 debian kernel: [    0.856046] Write protecting the kernel read-only data: 16384k
Jan 18 02:26:21 debian kernel: [    0.856355] Freeing unused kernel image memory: 2028K
Jan 18 02:26:21 debian kernel: [    0.856462] Freeing unused kernel image memory: 776K
Jan 18 02:26:21 debian kernel: [    0.862582] x86/mm: Checked W+X mappings: passed, no W+X pages found.
Jan 18 02:26:21 debian kernel: [    0.862584] x86/mm: Checking user space page tables
Jan 18 02:26:21 debian kernel: [    0.868478] x86/mm: Checked W+X mappings: passed, no W+X pages found.
Jan 18 02:26:21 debian kernel: [    0.868479] Run /init as init process
Jan 18 02:26:21 debian kernel: [    0.943001] piix4_smbus 0000:00:07.0: SMBus Host Controller at 0x4100, revision 0
Jan 18 02:26:21 debian kernel: [    0.947491] e1000: Intel(R) PRO/1000 Network Driver - version 7.3.21-k8-NAPI
Jan 18 02:26:21 debian kernel: [    0.947491] e1000: Copyright (c) 1999-2006 Intel Corporation.
Jan 18 02:26:21 debian kernel: [    0.968876] cryptd: max_cpu_qlen set to 1000
Jan 18 02:26:21 debian kernel: [    0.988662] AVX2 version of gcm_enc/dec engaged.
Jan 18 02:26:21 debian kernel: [    0.988663] AES CTR mode by8 optimization enabled
Jan 18 02:26:21 debian kernel: [    0.993084] SCSI subsystem initialized
Jan 18 02:26:21 debian kernel: [    1.009089] ACPI: bus type USB registered
Jan 18 02:26:21 debian kernel: [    1.009102] usbcore: registered new interface driver usbfs
Jan 18 02:26:21 debian kernel: [    1.009107] usbcore: registered new interface driver hub
Jan 18 02:26:21 debian kernel: [    1.013249] usbcore: registered new device driver usb
Jan 18 02:26:21 debian kernel: [    1.016211] ehci_hcd: USB 2.0 'Enhanced' Host Controller (EHCI) Driver
Jan 18 02:26:21 debian kernel: [    1.027885] ohci_hcd: USB 1.1 'Open' Host Controller (OHCI) Driver
Jan 18 02:26:21 debian kernel: [    1.032465] ehci-pci: EHCI PCI platform driver
Jan 18 02:26:21 debian kernel: [    1.033151] scsi host0: ata_piix
Jan 18 02:26:21 debian kernel: [    1.034928] ahci 0000:00:0d.0: SSS flag set, parallel bus scan disabled
Jan 18 02:26:21 debian kernel: [    1.035449] ahci 0000:00:0d.0: AHCI 0001.0100 32 slots 1 ports 3 Gbps 0x1 impl SATA mode
Jan 18 02:26:21 debian kernel: [    1.035450] ahci 0000:00:0d.0: flags: 64bit ncq stag only ccc 
Jan 18 02:26:21 debian kernel: [    1.035597] ohci-pci: OHCI PCI platform driver
Jan 18 02:26:21 debian kernel: [    1.035978] ohci-pci 0000:00:06.0: OHCI PCI host controller
Jan 18 02:26:21 debian kernel: [    1.035982] ohci-pci 0000:00:06.0: new USB bus registered, assigned bus number 1
Jan 18 02:26:21 debian kernel: [    1.036030] ohci-pci 0000:00:06.0: irq 22, io mem 0xf0804000
Jan 18 02:26:21 debian kernel: [    1.037703] scsi host1: ata_piix
Jan 18 02:26:21 debian kernel: [    1.037736] ata1: PATA max UDMA/33 cmd 0x1f0 ctl 0x3f6 bmdma 0xd000 irq 14
Jan 18 02:26:21 debian kernel: [    1.037737] ata2: PATA max UDMA/33 cmd 0x170 ctl 0x376 bmdma 0xd008 irq 15
Jan 18 02:26:21 debian kernel: [    1.038475] scsi host2: ahci
Jan 18 02:26:21 debian kernel: [    1.038734] ata3: SATA max UDMA/133 abar m8192@0xf0860000 port 0xf0860100 irq 21
Jan 18 02:26:21 debian kernel: [    1.098734] usb usb1: New USB device found, idVendor=1d6b, idProduct=0001, bcdDevice= 4.19
Jan 18 02:26:21 debian kernel: [    1.098736] usb usb1: New USB device strings: Mfr=3, Product=2, SerialNumber=1
Jan 18 02:26:21 debian kernel: [    1.098736] usb usb1: Product: OHCI PCI host controller
Jan 18 02:26:21 debian kernel: [    1.098737] usb usb1: Manufacturer: Linux 4.19.0-13-amd64 ohci_hcd
Jan 18 02:26:21 debian kernel: [    1.098738] usb usb1: SerialNumber: 0000:00:06.0
Jan 18 02:26:21 debian kernel: [    1.098957] hub 1-0:1.0: USB hub found
Jan 18 02:26:21 debian kernel: [    1.098971] hub 1-0:1.0: 12 ports detected
Jan 18 02:26:21 debian kernel: [    1.191130] input: ImExPS/2 Generic Explorer Mouse as /devices/platform/i8042/serio1/input/input2
Jan 18 02:26:21 debian kernel: [    1.209400] ata2.00: ATAPI: VBOX CD-ROM, 1.0, max UDMA/133
Jan 18 02:26:21 debian kernel: [    1.210384] scsi 1:0:0:0: CD-ROM            VBOX     CD-ROM           1.0  PQ: 0 ANSI: 5
Jan 18 02:26:21 debian kernel: [    1.359285] ata3: SATA link up 3.0 Gbps (SStatus 123 SControl 300)
Jan 18 02:26:21 debian kernel: [    1.359424] ata3.00: ATA-6: VBOX HARDDISK, 1.0, max UDMA/133
Jan 18 02:26:21 debian kernel: [    1.359426] ata3.00: 16777216 sectors, multi 128: LBA48 NCQ (depth 32)
Jan 18 02:26:21 debian kernel: [    1.359649] ata3.00: configured for UDMA/133
Jan 18 02:26:21 debian kernel: [    1.359730] scsi 2:0:0:0: Direct-Access     ATA      VBOX HARDDISK    1.0  PQ: 0 ANSI: 5
Jan 18 02:26:21 debian kernel: [    1.367038] sd 2:0:0:0: [sda] 16777216 512-byte logical blocks: (8.59 GB/8.00 GiB)
Jan 18 02:26:21 debian kernel: [    1.367041] sd 2:0:0:0: [sda] Write Protect is off
Jan 18 02:26:21 debian kernel: [    1.367047] sd 2:0:0:0: [sda] Write cache: enabled, read cache: enabled, doesn't support DPO or FUA
Jan 18 02:26:21 debian kernel: [    1.391448] e1000 0000:00:03.0 eth0: (PCI:33MHz:32-bit) 08:00:27:b3:95:26
Jan 18 02:26:21 debian kernel: [    1.391451] e1000 0000:00:03.0 eth0: Intel(R) PRO/1000 Network Connection
Jan 18 02:26:21 debian kernel: [    1.392362] sr 1:0:0:0: [sr0] scsi3-mmc drive: 32x/32x xa/form2 tray
Jan 18 02:26:21 debian kernel: [    1.392363] cdrom: Uniform CD-ROM driver Revision: 3.20
Jan 18 02:26:21 debian kernel: [    1.401269]  sda: sda1 sda2 < sda5 >
Jan 18 02:26:21 debian kernel: [    1.401702] sd 2:0:0:0: [sda] Attached SCSI disk
Jan 18 02:26:21 debian kernel: [    1.564021] usb 1-1: new full-speed USB device number 2 using ohci-pci
Jan 18 02:26:21 debian kernel: [    1.769571] e1000 0000:00:08.0 eth1: (PCI:33MHz:32-bit) 08:00:27:aa:3e:33
Jan 18 02:26:21 debian kernel: [    1.769574] e1000 0000:00:08.0 eth1: Intel(R) PRO/1000 Network Connection
Jan 18 02:26:21 debian kernel: [    1.898750] usb 1-1: New USB device found, idVendor=80ee, idProduct=0021, bcdDevice= 1.00
Jan 18 02:26:21 debian kernel: [    1.898752] usb 1-1: New USB device strings: Mfr=1, Product=3, SerialNumber=0
Jan 18 02:26:21 debian kernel: [    1.898752] usb 1-1: Product: USB Tablet
Jan 18 02:26:21 debian kernel: [    1.898753] usb 1-1: Manufacturer: VirtualBox
Jan 18 02:26:21 debian kernel: [    1.920325] hidraw: raw HID events driver (C) Jiri Kosina
Jan 18 02:26:21 debian kernel: [    1.931084] usbcore: registered new interface driver usbhid
Jan 18 02:26:21 debian kernel: [    1.931086] usbhid: USB HID core driver
Jan 18 02:26:21 debian kernel: [    1.932338] input: VirtualBox USB Tablet as /devices/pci0000:00/0000:00:06.0/usb1/1-1/1-1:1.0/0003:80EE:0021.0001/input/input3
Jan 18 02:26:21 debian kernel: [    1.932555] hid-generic 0003:80EE:0021.0001: input,hidraw0: USB HID v1.10 Mouse [VirtualBox USB Tablet] on usb-0000:00:06.0-1/input0
Jan 18 02:26:21 debian kernel: [    2.143592] e1000 0000:00:09.0 eth2: (PCI:33MHz:32-bit) 08:00:27:33:75:23
Jan 18 02:26:21 debian kernel: [    2.143594] e1000 0000:00:09.0 eth2: Intel(R) PRO/1000 Network Connection
Jan 18 02:26:21 debian kernel: [    2.144514] e1000 0000:00:09.0 enp0s9: renamed from eth2
Jan 18 02:26:21 debian kernel: [    2.145154] e1000 0000:00:03.0 enp0s3: renamed from eth0
Jan 18 02:26:21 debian kernel: [    2.147618] e1000 0000:00:08.0 enp0s8: renamed from eth1
Jan 18 02:26:21 debian kernel: [    3.320902] EXT4-fs (sda1): mounted filesystem with ordered data mode. Opts: (null)
Jan 18 02:26:21 debian kernel: [    5.509922] EXT4-fs (sda1): re-mounted. Opts: errors=remount-ro
Jan 18 02:26:21 debian kernel: [    5.657246] lp: driver loaded but no devices found
Jan 18 02:26:21 debian kernel: [    5.690980] ppdev: user-space parallel port driver
Jan 18 02:26:21 debian kernel: [    6.484256] audit: type=1400 audit(1610954780.132:2): apparmor="STATUS" operation="profile_load" profile="unconfined" name="nvidia_modprobe" pid=258 comm="apparmor_parser"
Jan 18 02:26:21 debian kernel: [    6.484262] audit: type=1400 audit(1610954780.132:3): apparmor="STATUS" operation="profile_load" profile="unconfined" name="nvidia_modprobe//kmod" pid=258 comm="apparmor_parser"
Jan 18 02:26:21 debian kernel: [    6.528689] audit: type=1400 audit(1610954780.172:4): apparmor="STATUS" operation="profile_load" profile="unconfined" name="/usr/sbin/cups-browsed" pid=262 comm="apparmor_parser"
Jan 18 02:26:21 debian kernel: [    6.551592] audit: type=1400 audit(1610954780.192:5): apparmor="STATUS" operation="profile_load" profile="unconfined" name="/usr/bin/man" pid=270 comm="apparmor_parser"
Jan 18 02:26:21 debian kernel: [    6.551594] audit: type=1400 audit(1610954780.192:6): apparmor="STATUS" operation="profile_load" profile="unconfined" name="man_filter" pid=270 comm="apparmor_parser"
Jan 18 02:26:21 debian kernel: [    6.551595] audit: type=1400 audit(1610954780.192:7): apparmor="STATUS" operation="profile_load" profile="unconfined" name="man_groff" pid=270 comm="apparmor_parser"
Jan 18 02:26:21 debian kernel: [    6.569781] audit: type=1400 audit(1610954780.208:8): apparmor="STATUS" operation="profile_load" profile="unconfined" name="/usr/lib/cups/backend/cups-pdf" pid=271 comm="apparmor_parser"
Jan 18 02:26:21 debian kernel: [    6.569784] audit: type=1400 audit(1610954780.208:9): apparmor="STATUS" operation="profile_load" profile="unconfined" name="/usr/sbin/cupsd" pid=271 comm="apparmor_parser"
Jan 18 02:26:21 debian kernel: [    6.569785] audit: type=1400 audit(1610954780.208:10): apparmor="STATUS" operation="profile_load" profile="unconfined" name="/usr/sbin/cupsd//third_party" pid=271 comm="apparmor_parser"
Jan 18 02:26:21 debian kernel: [    6.811303] input: Power Button as /devices/LNXSYSTM:00/LNXPWRBN:00/input/input4
Jan 18 02:26:21 debian kernel: [    6.812364] ACPI: Power Button [PWRF]
Jan 18 02:26:21 debian kernel: [    6.812488] input: Sleep Button as /devices/LNXSYSTM:00/LNXSLPBN:00/input/input5
Jan 18 02:26:21 debian kernel: [    6.812494] ACPI: Sleep Button [SLPF]
Jan 18 02:26:21 debian kernel: [    6.825300] ACPI: Video Device [GFX0] (multi-head: yes  rom: no  post: no)
Jan 18 02:26:21 debian kernel: [    6.825349] input: Video Bus as /devices/LNXSYSTM:00/LNXSYBUS:00/PNP0A03:00/LNXVIDEO:00/input/input6
Jan 18 02:26:21 debian kernel: [    6.882616] ACPI: AC Adapter [AC] (on-line)
Jan 18 02:26:21 debian kernel: [    6.919333] vboxguest: host-version: 6.1.16r140961 0x8000000f
Jan 18 02:26:21 debian kernel: [    6.940081] sr 1:0:0:0: Attached scsi generic sg0 type 5
Jan 18 02:26:21 debian kernel: [    6.940106] sd 2:0:0:0: Attached scsi generic sg1 type 0
Jan 18 02:26:21 debian kernel: [    7.009902] vbg_heartbeat_init: Setting up heartbeat to trigger every 2000 milliseconds
Jan 18 02:26:21 debian kernel: [    7.009984] input: VirtualBox mouse integration as /devices/pci0000:00/0000:00:04.0/input/input7
Jan 18 02:26:21 debian kernel: [    7.016980] vboxguest: misc device minor 58, IRQ 20, I/O port d040, MMIO at 0x00000000f0400000 (size 0x0000000000400000)
Jan 18 02:26:21 debian kernel: [    7.143626] input: PC Speaker as /devices/platform/pcspkr/input/input8
Jan 18 02:26:21 debian kernel: [    7.263966] RAPL PMU: API unit is 2^-32 Joules, 5 fixed counters, 10737418240 ms ovfl timer
Jan 18 02:26:21 debian kernel: [    7.263967] RAPL PMU: hw unit of domain pp0-core 2^-0 Joules
Jan 18 02:26:21 debian kernel: [    7.263968] RAPL PMU: hw unit of domain package 2^-0 Joules
Jan 18 02:26:21 debian kernel: [    7.263968] RAPL PMU: hw unit of domain dram 2^-0 Joules
Jan 18 02:26:21 debian kernel: [    7.263969] RAPL PMU: hw unit of domain pp1-gpu 2^-0 Joules
Jan 18 02:26:21 debian kernel: [    7.263969] RAPL PMU: hw unit of domain psys 2^-0 Joules
Jan 18 02:26:21 debian kernel: [    7.353638] [drm] DMA map mode: Using physical TTM page addresses.
Jan 18 02:26:21 debian kernel: [    7.353690] [drm] Capabilities:
Jan 18 02:26:21 debian kernel: [    7.353690] [drm]   Cursor.
Jan 18 02:26:21 debian kernel: [    7.353691] [drm]   Cursor bypass 2.
Jan 18 02:26:21 debian kernel: [    7.353691] [drm]   Alpha cursor.
Jan 18 02:26:21 debian kernel: [    7.353691] [drm]   3D.
Jan 18 02:26:21 debian kernel: [    7.353692] [drm]   Extended Fifo.
Jan 18 02:26:21 debian kernel: [    7.353692] [drm]   Pitchlock.
Jan 18 02:26:21 debian kernel: [    7.353692] [drm]   Irq mask.
Jan 18 02:26:21 debian kernel: [    7.353692] [drm]   GMR.
Jan 18 02:26:21 debian kernel: [    7.353693] [drm]   Traces.
Jan 18 02:26:21 debian kernel: [    7.353693] [drm]   GMR2.
Jan 18 02:26:21 debian kernel: [    7.353693] [drm]   Screen Object 2.
Jan 18 02:26:21 debian kernel: [    7.353694] [drm] Max GMR ids is 8192
Jan 18 02:26:21 debian kernel: [    7.353694] [drm] Max number of GMR pages is 1048576
Jan 18 02:26:21 debian kernel: [    7.353695] [drm] Max dedicated hypervisor surface memory is 507904 kiB
Jan 18 02:26:21 debian kernel: [    7.353695] [drm] Maximum display memory size is 16384 kiB
Jan 18 02:26:21 debian kernel: [    7.353696] [drm] VRAM at 0xe0000000 size is 16384 kiB
Jan 18 02:26:21 debian kernel: [    7.353696] [drm] MMIO at 0xf0000000 size is 2048 kiB
Jan 18 02:26:21 debian kernel: [    7.355130] [drm] global init.
Jan 18 02:26:21 debian kernel: [    7.361214] [TTM] Zone  kernel: Available graphics memory: 505530 kiB
Jan 18 02:26:21 debian kernel: [    7.361215] [TTM] Initializing pool allocator
Jan 18 02:26:21 debian kernel: [    7.361218] [TTM] Initializing DMA pool allocator
Jan 18 02:26:21 debian kernel: [    7.366909] [drm] Supports vblank timestamp caching Rev 2 (21.10.2013).
Jan 18 02:26:21 debian kernel: [    7.366913] [drm] No driver support for vblank timestamp query.
Jan 18 02:26:21 debian kernel: [    7.367333] [drm] Screen Objects Display Unit initialized
Jan 18 02:26:21 debian kernel: [    7.367375] [drm] width 720
Jan 18 02:26:21 debian kernel: [    7.367382] [drm] height 400
Jan 18 02:26:21 debian kernel: [    7.367397] [drm] bpp 32
Jan 18 02:26:21 debian kernel: [    7.367703] [drm] Fifo max 0x00200000 min 0x00001000 cap 0x00000355
Jan 18 02:26:21 debian kernel: [    7.367710] [drm] DX: no.
Jan 18 02:26:21 debian kernel: [    7.367710] [drm] Atomic: yes.
Jan 18 02:26:21 debian kernel: [    7.367711] [drm] SM4_1: no.
Jan 18 02:26:21 debian kernel: [    7.463280] fbcon: svgadrmfb (fb0) is primary device
Jan 18 02:26:21 debian kernel: [    7.484901] Adding 1046524k swap on /dev/sda5.  Priority:-2 extents:1 across:1046524k FS
Jan 18 02:26:21 debian kernel: [    7.501858] Console: switching to colour frame buffer device 100x37
Jan 18 02:26:21 debian kernel: [    7.504734] [drm] Initialized vmwgfx 2.15.0 20180704 for 0000:00:02.0 on minor 0
Jan 18 02:26:21 debian rsyslogd: imuxsock: Acquired UNIX socket '/run/systemd/journal/syslog' (fd 3) from systemd.  [v8.1901.0]
Jan 18 02:26:21 debian rsyslogd:  [origin software="rsyslogd" swVersion="8.1901.0" x-pid="332" x-info="https://www.rsyslog.com"] start
Jan 18 02:26:22 debian kernel: [    8.806467] snd_intel8x0 0000:00:05.0: white list rate for 1028:0177 is 48000
Jan 18 02:26:23 debian rsyslogd:  [origin software="rsyslogd" swVersion="8.1901.0" x-pid="332" x-info="https://www.rsyslog.com"] rsyslogd was HUPed
Jan 18 02:26:23 debian kernel: [   10.077573] IPv6: ADDRCONF(NETDEV_UP): enp0s3: link is not ready
Jan 18 02:26:23 debian kernel: [   10.084369] e1000: enp0s3 NIC Link is Up 1000 Mbps Full Duplex, Flow Control: RX
Jan 18 02:26:23 debian kernel: [   10.084633] IPv6: ADDRCONF(NETDEV_CHANGE): enp0s3: link becomes ready
Jan 18 02:26:24 debian kernel: [   11.304269] IPv6: ADDRCONF(NETDEV_UP): enp0s8: link is not ready
Jan 18 02:26:24 debian kernel: [   11.308843] e1000: enp0s8 NIC Link is Up 1000 Mbps Full Duplex, Flow Control: RX
Jan 18 02:26:24 debian kernel: [   11.309103] IPv6: ADDRCONF(NETDEV_CHANGE): enp0s8: link becomes ready
Jan 18 02:26:24 debian kernel: [   11.315231] IPv6: ADDRCONF(NETDEV_UP): enp0s9: link is not ready
Jan 18 02:26:24 debian kernel: [   11.322435] e1000: enp0s9 NIC Link is Up 1000 Mbps Full Duplex, Flow Control: RX
Jan 18 02:26:24 debian kernel: [   11.322713] IPv6: ADDRCONF(NETDEV_CHANGE): enp0s9: link becomes ready
Jan 18 02:58:28 debian rsyslogd: imuxsock: Acquired UNIX socket '/run/systemd/journal/syslog' (fd 3) from systemd.  [v8.1901.0]
Jan 18 02:58:28 debian rsyslogd:  [origin software="rsyslogd" swVersion="8.1901.0" x-pid="336" x-info="https://www.rsyslog.com"] start
Jan 18 02:58:28 debian kernel: [    0.000000] Linux version 4.19.0-13-amd64 (debian-kernel@lists.debian.org) (gcc version 8.3.0 (Debian 8.3.0-6)) #1 SMP Debian 4.19.160-2 (2020-11-28)
Jan 18 02:58:28 debian kernel: [    0.000000] Command line: BOOT_IMAGE=/boot/vmlinuz-4.19.0-13-amd64 root=UUID=b2134173-c79e-4a19-9967-b97e969e1c8e ro quiet
Jan 18 02:58:28 debian kernel: [    0.000000] x86/fpu: Supporting XSAVE feature 0x001: 'x87 floating point registers'
Jan 18 02:58:28 debian kernel: [    0.000000] x86/fpu: Supporting XSAVE feature 0x002: 'SSE registers'
Jan 18 02:58:28 debian kernel: [    0.000000] x86/fpu: Supporting XSAVE feature 0x004: 'AVX registers'
Jan 18 02:58:28 debian kernel: [    0.000000] x86/fpu: xstate_offset[2]:  576, xstate_sizes[2]:  256
Jan 18 02:58:28 debian kernel: [    0.000000] x86/fpu: Enabled xstate features 0x7, context size is 832 bytes, using 'standard' format.
Jan 18 02:58:28 debian kernel: [    0.000000] BIOS-provided physical RAM map:
Jan 18 02:58:28 debian kernel: [    0.000000] BIOS-e820: [mem 0x0000000000000000-0x000000000009fbff] usable
Jan 18 02:58:28 debian kernel: [    0.000000] BIOS-e820: [mem 0x000000000009fc00-0x000000000009ffff] reserved
Jan 18 02:58:28 debian kernel: [    0.000000] BIOS-e820: [mem 0x00000000000f0000-0x00000000000fffff] reserved
Jan 18 02:58:28 debian kernel: [    0.000000] BIOS-e820: [mem 0x0000000000100000-0x000000003ffeffff] usable
Jan 18 02:58:28 debian kernel: [    0.000000] BIOS-e820: [mem 0x000000003fff0000-0x000000003fffffff] ACPI data
Jan 18 02:58:28 debian kernel: [    0.000000] BIOS-e820: [mem 0x00000000fec00000-0x00000000fec00fff] reserved
Jan 18 02:58:28 debian kernel: [    0.000000] BIOS-e820: [mem 0x00000000fee00000-0x00000000fee00fff] reserved
Jan 18 02:58:28 debian kernel: [    0.000000] BIOS-e820: [mem 0x00000000fffc0000-0x00000000ffffffff] reserved
Jan 18 02:58:28 debian kernel: [    0.000000] NX (Execute Disable) protection: active
Jan 18 02:58:28 debian kernel: [    0.000000] SMBIOS 2.5 present.
Jan 18 02:58:28 debian kernel: [    0.000000] DMI: innotek GmbH VirtualBox/VirtualBox, BIOS VirtualBox 12/01/2006
Jan 18 02:58:28 debian kernel: [    0.000000] Hypervisor detected: KVM
Jan 18 02:58:28 debian kernel: [    0.000000] kvm-clock: Using msrs 4b564d01 and 4b564d00
Jan 18 02:58:28 debian kernel: [    0.000000] kvm-clock: cpu 0, msr 273eb001, primary cpu clock
Jan 18 02:58:28 debian kernel: [    0.000000] kvm-clock: using sched offset of 5536199106 cycles
Jan 18 02:58:28 debian kernel: [    0.000002] clocksource: kvm-clock: mask: 0xffffffffffffffff max_cycles: 0x1cd42e4dffb, max_idle_ns: 881590591483 ns
Jan 18 02:58:28 debian kernel: [    0.000003] tsc: Detected 2711.998 MHz processor
Jan 18 02:58:28 debian kernel: [    0.001337] last_pfn = 0x3fff0 max_arch_pfn = 0x400000000
Jan 18 02:58:28 debian kernel: [    0.001347] Disabled
Jan 18 02:58:28 debian kernel: [    0.001348] x86/PAT: MTRRs disabled, skipping PAT initialization too.
Jan 18 02:58:28 debian kernel: [    0.001350] CPU MTRRs all blank - virtualized system.
Jan 18 02:58:28 debian kernel: [    0.001352] x86/PAT: Configuration [0-7]: WB  WT  UC- UC  WB  WT  UC- UC  
Jan 18 02:58:28 debian kernel: [    0.001386] found SMP MP-table at [mem 0x0009fff0-0x0009ffff]
Jan 18 02:58:28 debian kernel: [    0.065787] RAMDISK: [mem 0x34e75000-0x36731fff]
Jan 18 02:58:28 debian kernel: [    0.065794] ACPI: Early table checksum verification disabled
Jan 18 02:58:28 debian kernel: [    0.065804] ACPI: RSDP 0x00000000000E0000 000024 (v02 VBOX  )
Jan 18 02:58:28 debian kernel: [    0.065807] ACPI: XSDT 0x000000003FFF0030 00003C (v01 VBOX   VBOXXSDT 00000001 ASL  00000061)
Jan 18 02:58:28 debian kernel: [    0.065810] ACPI: FACP 0x000000003FFF00F0 0000F4 (v04 VBOX   VBOXFACP 00000001 ASL  00000061)
Jan 18 02:58:28 debian kernel: [    0.065813] ACPI: DSDT 0x000000003FFF0470 002325 (v02 VBOX   VBOXBIOS 00000002 INTL 20190509)
Jan 18 02:58:28 debian kernel: [    0.065815] ACPI: FACS 0x000000003FFF0200 000040
Jan 18 02:58:28 debian kernel: [    0.065817] ACPI: FACS 0x000000003FFF0200 000040
Jan 18 02:58:28 debian kernel: [    0.065818] ACPI: APIC 0x000000003FFF0240 000054 (v02 VBOX   VBOXAPIC 00000001 ASL  00000061)
Jan 18 02:58:28 debian kernel: [    0.065820] ACPI: SSDT 0x000000003FFF02A0 0001CC (v01 VBOX   VBOXCPUT 00000002 INTL 20190509)
Jan 18 02:58:28 debian kernel: [    0.066021] No NUMA configuration found
Jan 18 02:58:28 debian kernel: [    0.066022] Faking a node at [mem 0x0000000000000000-0x000000003ffeffff]
Jan 18 02:58:28 debian kernel: [    0.066025] NODE_DATA(0) allocated [mem 0x3ffeb000-0x3ffeffff]
Jan 18 02:58:28 debian kernel: [    0.066038] Zone ranges:
Jan 18 02:58:28 debian kernel: [    0.066039]   DMA      [mem 0x0000000000001000-0x0000000000ffffff]
Jan 18 02:58:28 debian kernel: [    0.066040]   DMA32    [mem 0x0000000001000000-0x000000003ffeffff]
Jan 18 02:58:28 debian kernel: [    0.066040]   Normal   empty
Jan 18 02:58:28 debian kernel: [    0.066041]   Device   empty
Jan 18 02:58:28 debian kernel: [    0.066041] Movable zone start for each node
Jan 18 02:58:28 debian kernel: [    0.066042] Early memory node ranges
Jan 18 02:58:28 debian kernel: [    0.066042]   node   0: [mem 0x0000000000001000-0x000000000009efff]
Jan 18 02:58:28 debian kernel: [    0.066043]   node   0: [mem 0x0000000000100000-0x000000003ffeffff]
Jan 18 02:58:28 debian kernel: [    0.066045] Zeroed struct page in unavailable ranges: 114 pages
Jan 18 02:58:28 debian kernel: [    0.066046] Initmem setup node 0 [mem 0x0000000000001000-0x000000003ffeffff]
Jan 18 02:58:28 debian kernel: [    0.071048] ACPI: PM-Timer IO Port: 0x4008
Jan 18 02:58:28 debian kernel: [    0.071093] IOAPIC[0]: apic_id 1, version 32, address 0xfec00000, GSI 0-23
Jan 18 02:58:28 debian kernel: [    0.071094] ACPI: INT_SRC_OVR (bus 0 bus_irq 0 global_irq 2 dfl dfl)
Jan 18 02:58:28 debian kernel: [    0.071095] ACPI: INT_SRC_OVR (bus 0 bus_irq 9 global_irq 9 low level)
Jan 18 02:58:28 debian kernel: [    0.071098] Using ACPI (MADT) for SMP configuration information
Jan 18 02:58:28 debian kernel: [    0.071102] smpboot: Allowing 1 CPUs, 0 hotplug CPUs
Jan 18 02:58:28 debian kernel: [    0.071116] PM: Registered nosave memory: [mem 0x00000000-0x00000fff]
Jan 18 02:58:28 debian kernel: [    0.071116] PM: Registered nosave memory: [mem 0x0009f000-0x0009ffff]
Jan 18 02:58:28 debian kernel: [    0.071117] PM: Registered nosave memory: [mem 0x000a0000-0x000effff]
Jan 18 02:58:28 debian kernel: [    0.071117] PM: Registered nosave memory: [mem 0x000f0000-0x000fffff]
Jan 18 02:58:28 debian kernel: [    0.071118] [mem 0x40000000-0xfebfffff] available for PCI devices
Jan 18 02:58:28 debian kernel: [    0.071119] Booting paravirtualized kernel on KVM
Jan 18 02:58:28 debian kernel: [    0.071120] clocksource: refined-jiffies: mask: 0xffffffff max_cycles: 0xffffffff, max_idle_ns: 7645519600211568 ns
Jan 18 02:58:28 debian kernel: [    0.147806] random: get_random_bytes called from start_kernel+0x93/0x52a with crng_init=0
Jan 18 02:58:28 debian kernel: [    0.147813] setup_percpu: NR_CPUS:512 nr_cpumask_bits:512 nr_cpu_ids:1 nr_node_ids:1
Jan 18 02:58:28 debian kernel: [    0.147900] percpu: Embedded 45 pages/cpu s144536 r8192 d31592 u2097152
Jan 18 02:58:28 debian kernel: [    0.147923] Built 1 zonelists, mobility grouping on.  Total pages: 257913
Jan 18 02:58:28 debian kernel: [    0.147924] Policy zone: DMA32
Jan 18 02:58:28 debian kernel: [    0.147925] Kernel command line: BOOT_IMAGE=/boot/vmlinuz-4.19.0-13-amd64 root=UUID=b2134173-c79e-4a19-9967-b97e969e1c8e ro quiet
Jan 18 02:58:28 debian kernel: [    0.150685] Memory: 981304K/1048120K available (10252K kernel code, 1242K rwdata, 3320K rodata, 1596K init, 2264K bss, 66816K reserved, 0K cma-reserved)
Jan 18 02:58:28 debian kernel: [    0.150749] SLUB: HWalign=64, Order=0-3, MinObjects=0, CPUs=1, Nodes=1
Jan 18 02:58:28 debian kernel: [    0.150755] Kernel/User page tables isolation: enabled
Jan 18 02:58:28 debian kernel: [    0.150788] ftrace: allocating 31960 entries in 125 pages
Jan 18 02:58:28 debian kernel: [    0.161268] rcu: Hierarchical RCU implementation.
Jan 18 02:58:28 debian kernel: [    0.161269] rcu: 	RCU restricting CPUs from NR_CPUS=512 to nr_cpu_ids=1.
Jan 18 02:58:28 debian kernel: [    0.161270] rcu: Adjusting geometry for rcu_fanout_leaf=16, nr_cpu_ids=1
Jan 18 02:58:28 debian kernel: [    0.163355] NR_IRQS: 33024, nr_irqs: 256, preallocated irqs: 16
Jan 18 02:58:28 debian kernel: [    0.170953] Console: colour VGA+ 80x25
Jan 18 02:58:28 debian kernel: [    0.170956] console [tty0] enabled
Jan 18 02:58:28 debian kernel: [    0.170968] ACPI: Core revision 20180810
Jan 18 02:58:28 debian kernel: [    0.171119] APIC: Switch to symmetric I/O mode setup
Jan 18 02:58:28 debian kernel: [    0.171309] x2apic enabled
Jan 18 02:58:28 debian kernel: [    0.171554] Switched APIC routing to physical x2apic.
Jan 18 02:58:28 debian kernel: [    0.172499] ..TIMER: vector=0x30 apic1=0 pin1=2 apic2=-1 pin2=-1
Jan 18 02:58:28 debian kernel: [    0.172517] clocksource: tsc-early: mask: 0xffffffffffffffff max_cycles: 0x27178451938, max_idle_ns: 440795251172 ns
Jan 18 02:58:28 debian kernel: [    0.172527] Calibrating delay loop (skipped) preset value.. 5423.99 BogoMIPS (lpj=10847992)
Jan 18 02:58:28 debian kernel: [    0.172529] pid_max: default: 32768 minimum: 301
Jan 18 02:58:28 debian kernel: [    0.172552] Security Framework initialized
Jan 18 02:58:28 debian kernel: [    0.172553] Yama: disabled by default; enable with sysctl kernel.yama.*
Jan 18 02:58:28 debian kernel: [    0.172565] AppArmor: AppArmor initialized
Jan 18 02:58:28 debian kernel: [    0.172685] Dentry cache hash table entries: 131072 (order: 8, 1048576 bytes)
Jan 18 02:58:28 debian kernel: [    0.172755] Inode-cache hash table entries: 65536 (order: 7, 524288 bytes)
Jan 18 02:58:28 debian kernel: [    0.172761] Mount-cache hash table entries: 2048 (order: 2, 16384 bytes)
Jan 18 02:58:28 debian kernel: [    0.172764] Mountpoint-cache hash table entries: 2048 (order: 2, 16384 bytes)
Jan 18 02:58:28 debian kernel: [    0.172986] process: using mwait in idle threads
Jan 18 02:58:28 debian kernel: [    0.172990] Last level iTLB entries: 4KB 128, 2MB 8, 4MB 8
Jan 18 02:58:28 debian kernel: [    0.172991] Last level dTLB entries: 4KB 64, 2MB 0, 4MB 0, 1GB 4
Jan 18 02:58:28 debian kernel: [    0.172992] Spectre V1 : Mitigation: usercopy/swapgs barriers and __user pointer sanitization
Jan 18 02:58:28 debian kernel: [    0.172993] Spectre V2 : Mitigation: Full generic retpoline
Jan 18 02:58:28 debian kernel: [    0.172993] Spectre V2 : Spectre v2 / SpectreRSB mitigation: Filling RSB on context switch
Jan 18 02:58:28 debian kernel: [    0.172993] Speculative Store Bypass: Vulnerable
Jan 18 02:58:28 debian kernel: [    0.173013] SRBDS: Unknown: Dependent on hypervisor status
Jan 18 02:58:28 debian kernel: [    0.173013] MDS: Mitigation: Clear CPU buffers
Jan 18 02:58:28 debian kernel: [    0.177901] Freeing SMP alternatives memory: 24K
Jan 18 02:58:28 debian kernel: [    0.288519] smpboot: CPU0: Intel(R) Core(TM) i5-7500T CPU @ 2.70GHz (family: 0x6, model: 0x9e, stepping: 0x9)
Jan 18 02:58:28 debian kernel: [    0.288519] Performance Events: unsupported p6 CPU model 158 no PMU driver, software events only.
Jan 18 02:58:28 debian kernel: [    0.288519] rcu: Hierarchical SRCU implementation.
Jan 18 02:58:28 debian kernel: [    0.288519] random: crng done (trusting CPU's manufacturer)
Jan 18 02:58:28 debian kernel: [    0.288519] NMI watchdog: Perf NMI watchdog permanently disabled
Jan 18 02:58:28 debian kernel: [    0.288519] smp: Bringing up secondary CPUs ...
Jan 18 02:58:28 debian kernel: [    0.288519] smp: Brought up 1 node, 1 CPU
Jan 18 02:58:28 debian kernel: [    0.288519] smpboot: Max logical packages: 1
Jan 18 02:58:28 debian kernel: [    0.288519] smpboot: Total of 1 processors activated (5423.99 BogoMIPS)
Jan 18 02:58:28 debian kernel: [    0.288519] devtmpfs: initialized
Jan 18 02:58:28 debian kernel: [    0.288519] x86/mm: Memory block size: 128MB
Jan 18 02:58:28 debian kernel: [    0.288519] clocksource: jiffies: mask: 0xffffffff max_cycles: 0xffffffff, max_idle_ns: 7645041785100000 ns
Jan 18 02:58:28 debian kernel: [    0.288519] futex hash table entries: 256 (order: 2, 16384 bytes)
Jan 18 02:58:28 debian kernel: [    0.288519] pinctrl core: initialized pinctrl subsystem
Jan 18 02:58:28 debian kernel: [    0.288519] NET: Registered protocol family 16
Jan 18 02:58:28 debian kernel: [    0.288519] audit: initializing netlink subsys (disabled)
Jan 18 02:58:28 debian kernel: [    0.288519] cpuidle: using governor ladder
Jan 18 02:58:28 debian kernel: [    0.288519] cpuidle: using governor menu
Jan 18 02:58:28 debian kernel: [    0.288519] ACPI: bus type PCI registered
Jan 18 02:58:28 debian kernel: [    0.288519] acpiphp: ACPI Hot Plug PCI Controller Driver version: 0.5
Jan 18 02:58:28 debian kernel: [    0.288519] PCI: Using configuration type 1 for base access
Jan 18 02:58:28 debian kernel: [    0.288519] audit: type=2000 audit(1610956703.179:1): state=initialized audit_enabled=0 res=1
Jan 18 02:58:28 debian kernel: [    0.288519] HugeTLB registered 2.00 MiB page size, pre-allocated 0 pages
Jan 18 02:58:28 debian kernel: [    0.288519] ACPI: Added _OSI(Module Device)
Jan 18 02:58:28 debian kernel: [    0.288519] ACPI: Added _OSI(Processor Device)
Jan 18 02:58:28 debian kernel: [    0.288519] ACPI: Added _OSI(3.0 _SCP Extensions)
Jan 18 02:58:28 debian kernel: [    0.288519] ACPI: Added _OSI(Processor Aggregator Device)
Jan 18 02:58:28 debian kernel: [    0.288519] ACPI: Added _OSI(Linux-Dell-Video)
Jan 18 02:58:28 debian kernel: [    0.288519] ACPI: Added _OSI(Linux-Lenovo-NV-HDMI-Audio)
Jan 18 02:58:28 debian kernel: [    0.288519] ACPI: 2 ACPI AML tables successfully acquired and loaded
Jan 18 02:58:28 debian kernel: [    0.288519] ACPI: Interpreter enabled
Jan 18 02:58:28 debian kernel: [    0.288519] ACPI: (supports S0 S5)
Jan 18 02:58:28 debian kernel: [    0.288519] ACPI: Using IOAPIC for interrupt routing
Jan 18 02:58:28 debian kernel: [    0.288519] PCI: Using host bridge windows from ACPI; if necessary, use "pci=nocrs" and report a bug
Jan 18 02:58:28 debian kernel: [    0.288519] ACPI: Enabled 2 GPEs in block 00 to 07
Jan 18 02:58:28 debian kernel: [    0.291199] ACPI: PCI Root Bridge [PCI0] (domain 0000 [bus 00-ff])
Jan 18 02:58:28 debian kernel: [    0.291202] acpi PNP0A03:00: _OSC: OS supports [ASPM ClockPM Segments MSI]
Jan 18 02:58:28 debian kernel: [    0.291418] acpi PNP0A03:00: _OSC: not requesting OS control; OS requires [ExtendedConfig ASPM ClockPM MSI]
Jan 18 02:58:28 debian kernel: [    0.291422] acpi PNP0A03:00: fail to add MMCONFIG information, can't access extended PCI configuration space under this bridge.
Jan 18 02:58:28 debian kernel: [    0.291649] PCI host bridge to bus 0000:00
Jan 18 02:58:28 debian kernel: [    0.291650] pci_bus 0000:00: root bus resource [io  0x0000-0x0cf7 window]
Jan 18 02:58:28 debian kernel: [    0.291651] pci_bus 0000:00: root bus resource [io  0x0d00-0xffff window]
Jan 18 02:58:28 debian kernel: [    0.291652] pci_bus 0000:00: root bus resource [mem 0x000a0000-0x000bffff window]
Jan 18 02:58:28 debian kernel: [    0.291653] pci_bus 0000:00: root bus resource [mem 0x40000000-0xfdffffff window]
Jan 18 02:58:28 debian kernel: [    0.291654] pci_bus 0000:00: root bus resource [bus 00-ff]
Jan 18 02:58:28 debian kernel: [    0.293912] pci 0000:00:01.1: legacy IDE quirk: reg 0x10: [io  0x01f0-0x01f7]
Jan 18 02:58:28 debian kernel: [    0.293912] pci 0000:00:01.1: legacy IDE quirk: reg 0x14: [io  0x03f6]
Jan 18 02:58:28 debian kernel: [    0.293913] pci 0000:00:01.1: legacy IDE quirk: reg 0x18: [io  0x0170-0x0177]
Jan 18 02:58:28 debian kernel: [    0.293914] pci 0000:00:01.1: legacy IDE quirk: reg 0x1c: [io  0x0376]
Jan 18 02:58:28 debian kernel: [    0.304796] pci 0000:00:07.0: quirk: [io  0x4000-0x403f] claimed by PIIX4 ACPI
Jan 18 02:58:28 debian kernel: [    0.304803] pci 0000:00:07.0: quirk: [io  0x4100-0x410f] claimed by PIIX4 SMB
Jan 18 02:58:28 debian kernel: [    0.312174] ACPI: PCI Interrupt Link [LNKA] (IRQs 5 9 10 *11)
Jan 18 02:58:28 debian kernel: [    0.312319] ACPI: PCI Interrupt Link [LNKB] (IRQs 5 9 *10 11)
Jan 18 02:58:28 debian kernel: [    0.312376] ACPI: PCI Interrupt Link [LNKC] (IRQs 5 *9 10 11)
Jan 18 02:58:28 debian kernel: [    0.312433] ACPI: PCI Interrupt Link [LNKD] (IRQs 5 9 10 *11)
Jan 18 02:58:28 debian kernel: [    0.312519] pci 0000:00:02.0: vgaarb: setting as boot VGA device
Jan 18 02:58:28 debian kernel: [    0.312519] pci 0000:00:02.0: vgaarb: VGA device added: decodes=io+mem,owns=io+mem,locks=none
Jan 18 02:58:28 debian kernel: [    0.312522] pci 0000:00:02.0: vgaarb: bridge control possible
Jan 18 02:58:28 debian kernel: [    0.312522] vgaarb: loaded
Jan 18 02:58:28 debian kernel: [    0.312562] pps_core: LinuxPPS API ver. 1 registered
Jan 18 02:58:28 debian kernel: [    0.312562] pps_core: Software ver. 5.3.6 - Copyright 2005-2007 Rodolfo Giometti <giometti@linux.it>
Jan 18 02:58:28 debian kernel: [    0.312564] PTP clock support registered
Jan 18 02:58:28 debian kernel: [    0.312567] EDAC MC: Ver: 3.0.0
Jan 18 02:58:28 debian kernel: [    0.312782] PCI: Using ACPI for IRQ routing
Jan 18 02:58:28 debian kernel: [    0.313070] clocksource: Switched to clocksource kvm-clock
Jan 18 02:58:28 debian kernel: [    0.319251] VFS: Disk quotas dquot_6.6.0
Jan 18 02:58:28 debian kernel: [    0.319260] VFS: Dquot-cache hash table entries: 512 (order 0, 4096 bytes)
Jan 18 02:58:28 debian kernel: [    0.319321] AppArmor: AppArmor Filesystem Enabled
Jan 18 02:58:28 debian kernel: [    0.319333] pnp: PnP ACPI init
Jan 18 02:58:28 debian kernel: [    0.319843] pnp: PnP ACPI: found 2 devices
Jan 18 02:58:28 debian kernel: [    0.325103] clocksource: acpi_pm: mask: 0xffffff max_cycles: 0xffffff, max_idle_ns: 2085701024 ns
Jan 18 02:58:28 debian kernel: [    0.325144] NET: Registered protocol family 2
Jan 18 02:58:28 debian kernel: [    0.325230] tcp_listen_portaddr_hash hash table entries: 512 (order: 1, 8192 bytes)
Jan 18 02:58:28 debian kernel: [    0.325235] TCP established hash table entries: 8192 (order: 4, 65536 bytes)
Jan 18 02:58:28 debian kernel: [    0.325246] TCP bind hash table entries: 8192 (order: 5, 131072 bytes)
Jan 18 02:58:28 debian kernel: [    0.325259] TCP: Hash tables configured (established 8192 bind 8192)
Jan 18 02:58:28 debian kernel: [    0.325274] UDP hash table entries: 512 (order: 2, 16384 bytes)
Jan 18 02:58:28 debian kernel: [    0.325277] UDP-Lite hash table entries: 512 (order: 2, 16384 bytes)
Jan 18 02:58:28 debian kernel: [    0.325298] NET: Registered protocol family 1
Jan 18 02:58:28 debian kernel: [    0.325301] NET: Registered protocol family 44
Jan 18 02:58:28 debian kernel: [    0.325317] pci 0000:00:00.0: Limiting direct PCI/PCI transfers
Jan 18 02:58:28 debian kernel: [    0.325326] pci 0000:00:01.0: Activating ISA DMA hang workarounds
Jan 18 02:58:28 debian kernel: [    0.325364] pci 0000:00:02.0: Video device with shadowed ROM at [mem 0x000c0000-0x000dffff]
Jan 18 02:58:28 debian kernel: [    0.326284] Unpacking initramfs...
Jan 18 02:58:28 debian kernel: [    0.670608] Freeing initrd memory: 25332K
Jan 18 02:58:28 debian kernel: [    0.670608] clocksource: tsc: mask: 0xffffffffffffffff max_cycles: 0x27178451938, max_idle_ns: 440795251172 ns
Jan 18 02:58:28 debian kernel: [    0.670608] platform rtc_cmos: registered platform RTC device (no PNP device found)
Jan 18 02:58:28 debian kernel: [    0.683117] Initialise system trusted keyrings
Jan 18 02:58:28 debian kernel: [    0.683131] Key type blacklist registered
Jan 18 02:58:28 debian kernel: [    0.683175] workingset: timestamp_bits=40 max_order=18 bucket_order=0
Jan 18 02:58:28 debian kernel: [    0.683986] zbud: loaded
Jan 18 02:58:28 debian kernel: [    0.787670] Key type asymmetric registered
Jan 18 02:58:28 debian kernel: [    0.787671] Asymmetric key parser 'x509' registered
Jan 18 02:58:28 debian kernel: [    0.787680] Block layer SCSI generic (bsg) driver version 0.4 loaded (major 247)
Jan 18 02:58:28 debian kernel: [    0.787694] io scheduler noop registered
Jan 18 02:58:28 debian kernel: [    0.787694] io scheduler deadline registered
Jan 18 02:58:28 debian kernel: [    0.787718] io scheduler cfq registered (default)
Jan 18 02:58:28 debian kernel: [    0.787718] io scheduler mq-deadline registered
Jan 18 02:58:28 debian kernel: [    0.787790] shpchp: Standard Hot Plug PCI Controller Driver version: 0.4
Jan 18 02:58:28 debian kernel: [    0.787886] Serial: 8250/16550 driver, 4 ports, IRQ sharing enabled
Jan 18 02:58:28 debian kernel: [    0.788087] Linux agpgart interface v0.103
Jan 18 02:58:28 debian kernel: [    0.788160] AMD IOMMUv2 driver by Joerg Roedel <jroedel@suse.de>
Jan 18 02:58:28 debian kernel: [    0.788160] AMD IOMMUv2 functionality not available on this system
Jan 18 02:58:28 debian kernel: [    0.788232] i8042: PNP: PS/2 Controller [PNP0303:PS2K,PNP0f03:PS2M] at 0x60,0x64 irq 1,12
Jan 18 02:58:28 debian kernel: [    0.788665] serio: i8042 KBD port at 0x60,0x64 irq 1
Jan 18 02:58:28 debian kernel: [    0.788669] serio: i8042 AUX port at 0x60,0x64 irq 12
Jan 18 02:58:28 debian kernel: [    0.788721] mousedev: PS/2 mouse device common for all mice
Jan 18 02:58:28 debian kernel: [    0.789116] input: AT Translated Set 2 keyboard as /devices/platform/i8042/serio0/input/input0
Jan 18 02:58:28 debian kernel: [    0.789249] rtc_cmos rtc_cmos: registered as rtc0
Jan 18 02:58:28 debian kernel: [    0.789257] rtc_cmos rtc_cmos: alarms up to one day, 114 bytes nvram
Jan 18 02:58:28 debian kernel: [    0.789266] ledtrig-cpu: registered to indicate activity on CPUs
Jan 18 02:58:28 debian kernel: [    0.789429] NET: Registered protocol family 10
Jan 18 02:58:28 debian kernel: [    0.793788] Segment Routing with IPv6
Jan 18 02:58:28 debian kernel: [    0.793802] mip6: Mobile IPv6
Jan 18 02:58:28 debian kernel: [    0.793803] NET: Registered protocol family 17
Jan 18 02:58:28 debian kernel: [    0.793817] mpls_gso: MPLS GSO support
Jan 18 02:58:28 debian kernel: [    0.793854] mce: Using 0 MCE banks
Jan 18 02:58:28 debian kernel: [    0.793864] sched_clock: Marking stable (783975833, 8829106)->(795683611, -2878672)
Jan 18 02:58:28 debian kernel: [    0.793939] registered taskstats version 1
Jan 18 02:58:28 debian kernel: [    0.793940] Loading compiled-in X.509 certificates
Jan 18 02:58:28 debian kernel: [    0.817866] Loaded X.509 cert 'Debian Secure Boot CA: 6ccece7e4c6c0d1f6149f3dd27dfcc5cbb419ea1'
Jan 18 02:58:28 debian kernel: [    0.817883] Loaded X.509 cert 'Debian Secure Boot Signer 2020: 00b55eb3b9'
Jan 18 02:58:28 debian kernel: [    0.817892] zswap: loaded using pool lzo/zbud
Jan 18 02:58:28 debian kernel: [    0.817928] AppArmor: AppArmor sha1 policy hashing enabled
Jan 18 02:58:28 debian kernel: [    0.818157] rtc_cmos rtc_cmos: setting system clock to 2021-01-18 07:58:16 UTC (1610956696)
Jan 18 02:58:28 debian kernel: [    0.819231] Freeing unused kernel image memory: 1596K
Jan 18 02:58:28 debian kernel: [    0.824576] Write protecting the kernel read-only data: 16384k
Jan 18 02:58:28 debian kernel: [    0.824862] Freeing unused kernel image memory: 2028K
Jan 18 02:58:28 debian kernel: [    0.824951] Freeing unused kernel image memory: 776K
Jan 18 02:58:28 debian kernel: [    0.830611] x86/mm: Checked W+X mappings: passed, no W+X pages found.
Jan 18 02:58:28 debian kernel: [    0.830612] x86/mm: Checking user space page tables
Jan 18 02:58:28 debian kernel: [    0.836314] x86/mm: Checked W+X mappings: passed, no W+X pages found.
Jan 18 02:58:28 debian kernel: [    0.836315] Run /init as init process
Jan 18 02:58:28 debian kernel: [    0.899802] e1000: Intel(R) PRO/1000 Network Driver - version 7.3.21-k8-NAPI
Jan 18 02:58:28 debian kernel: [    0.899803] e1000: Copyright (c) 1999-2006 Intel Corporation.
Jan 18 02:58:28 debian kernel: [    0.910498] ACPI: bus type USB registered
Jan 18 02:58:28 debian kernel: [    0.910510] usbcore: registered new interface driver usbfs
Jan 18 02:58:28 debian kernel: [    0.910514] usbcore: registered new interface driver hub
Jan 18 02:58:28 debian kernel: [    0.913200] piix4_smbus 0000:00:07.0: SMBus Host Controller at 0x4100, revision 0
Jan 18 02:58:28 debian kernel: [    0.935702] cryptd: max_cpu_qlen set to 1000
Jan 18 02:58:28 debian kernel: [    0.948153] AVX2 version of gcm_enc/dec engaged.
Jan 18 02:58:28 debian kernel: [    0.948154] AES CTR mode by8 optimization enabled
Jan 18 02:58:28 debian kernel: [    0.955663] SCSI subsystem initialized
Jan 18 02:58:28 debian kernel: [    0.971953] usbcore: registered new device driver usb
Jan 18 02:58:28 debian kernel: [    0.975140] ehci_hcd: USB 2.0 'Enhanced' Host Controller (EHCI) Driver
Jan 18 02:58:28 debian kernel: [    0.978335] ohci_hcd: USB 1.1 'Open' Host Controller (OHCI) Driver
Jan 18 02:58:28 debian kernel: [    0.978921] ehci-pci: EHCI PCI platform driver
Jan 18 02:58:28 debian kernel: [    0.979536] ohci-pci: OHCI PCI platform driver
Jan 18 02:58:28 debian kernel: [    0.979943] ohci-pci 0000:00:06.0: OHCI PCI host controller
Jan 18 02:58:28 debian kernel: [    0.979947] ohci-pci 0000:00:06.0: new USB bus registered, assigned bus number 1
Jan 18 02:58:28 debian kernel: [    0.979998] ohci-pci 0000:00:06.0: irq 22, io mem 0xf0804000
Jan 18 02:58:28 debian kernel: [    0.986464] ahci 0000:00:0d.0: SSS flag set, parallel bus scan disabled
Jan 18 02:58:28 debian kernel: [    0.986852] ahci 0000:00:0d.0: AHCI 0001.0100 32 slots 1 ports 3 Gbps 0x1 impl SATA mode
Jan 18 02:58:28 debian kernel: [    0.986853] ahci 0000:00:0d.0: flags: 64bit ncq stag only ccc 
Jan 18 02:58:28 debian kernel: [    0.987213] scsi host0: ata_piix
Jan 18 02:58:28 debian kernel: [    0.987428] scsi host1: ahci
Jan 18 02:58:28 debian kernel: [    0.987472] ata3: SATA max UDMA/133 abar m8192@0xf0860000 port 0xf0860100 irq 21
Jan 18 02:58:28 debian kernel: [    0.987967] scsi host2: ata_piix
Jan 18 02:58:28 debian kernel: [    0.987993] ata1: PATA max UDMA/33 cmd 0x1f0 ctl 0x3f6 bmdma 0xd000 irq 14
Jan 18 02:58:28 debian kernel: [    0.987993] ata2: PATA max UDMA/33 cmd 0x170 ctl 0x376 bmdma 0xd008 irq 15
Jan 18 02:58:28 debian kernel: [    1.040566] usb usb1: New USB device found, idVendor=1d6b, idProduct=0001, bcdDevice= 4.19
Jan 18 02:58:28 debian kernel: [    1.040567] usb usb1: New USB device strings: Mfr=3, Product=2, SerialNumber=1
Jan 18 02:58:28 debian kernel: [    1.040568] usb usb1: Product: OHCI PCI host controller
Jan 18 02:58:28 debian kernel: [    1.040569] usb usb1: Manufacturer: Linux 4.19.0-13-amd64 ohci_hcd
Jan 18 02:58:28 debian kernel: [    1.040570] usb usb1: SerialNumber: 0000:00:06.0
Jan 18 02:58:28 debian kernel: [    1.040781] hub 1-0:1.0: USB hub found
Jan 18 02:58:28 debian kernel: [    1.040795] hub 1-0:1.0: 12 ports detected
Jan 18 02:58:28 debian kernel: [    1.160009] input: ImExPS/2 Generic Explorer Mouse as /devices/platform/i8042/serio1/input/input2
Jan 18 02:58:28 debian kernel: [    1.160628] ata2.00: ATAPI: VBOX CD-ROM, 1.0, max UDMA/133
Jan 18 02:58:28 debian kernel: [    1.303130] ata3: SATA link up 3.0 Gbps (SStatus 123 SControl 300)
Jan 18 02:58:28 debian kernel: [    1.303323] ata3.00: ATA-6: VBOX HARDDISK, 1.0, max UDMA/133
Jan 18 02:58:28 debian kernel: [    1.303325] ata3.00: 16777216 sectors, multi 128: LBA48 NCQ (depth 32)
Jan 18 02:58:28 debian kernel: [    1.303615] ata3.00: configured for UDMA/133
Jan 18 02:58:28 debian kernel: [    1.303729] scsi 1:0:0:0: Direct-Access     ATA      VBOX HARDDISK    1.0  PQ: 0 ANSI: 5
Jan 18 02:58:28 debian kernel: [    1.304360] scsi 2:0:0:0: CD-ROM            VBOX     CD-ROM           1.0  PQ: 0 ANSI: 5
Jan 18 02:58:28 debian kernel: [    1.314463] sd 1:0:0:0: [sda] 16777216 512-byte logical blocks: (8.59 GB/8.00 GiB)
Jan 18 02:58:28 debian kernel: [    1.314467] sd 1:0:0:0: [sda] Write Protect is off
Jan 18 02:58:28 debian kernel: [    1.314473] sd 1:0:0:0: [sda] Write cache: enabled, read cache: enabled, doesn't support DPO or FUA
Jan 18 02:58:28 debian kernel: [    1.315603]  sda: sda1 sda2 < sda5 >
Jan 18 02:58:28 debian kernel: [    1.315758] sd 1:0:0:0: [sda] Attached SCSI disk
Jan 18 02:58:28 debian kernel: [    1.338881] sr 2:0:0:0: [sr0] scsi3-mmc drive: 32x/32x xa/form2 tray
Jan 18 02:58:28 debian kernel: [    1.338883] cdrom: Uniform CD-ROM driver Revision: 3.20
Jan 18 02:58:28 debian kernel: [    1.349021] e1000 0000:00:03.0 eth0: (PCI:33MHz:32-bit) 08:00:27:b3:95:26
Jan 18 02:58:28 debian kernel: [    1.349024] e1000 0000:00:03.0 eth0: Intel(R) PRO/1000 Network Connection
Jan 18 02:58:28 debian kernel: [    1.515705] usb 1-1: new full-speed USB device number 2 using ohci-pci
Jan 18 02:58:28 debian kernel: [    1.714691] e1000 0000:00:08.0 eth1: (PCI:33MHz:32-bit) 08:00:27:aa:3e:33
Jan 18 02:58:28 debian kernel: [    1.714695] e1000 0000:00:08.0 eth1: Intel(R) PRO/1000 Network Connection
Jan 18 02:58:28 debian kernel: [    1.837702] usb 1-1: New USB device found, idVendor=80ee, idProduct=0021, bcdDevice= 1.00
Jan 18 02:58:28 debian kernel: [    1.837704] usb 1-1: New USB device strings: Mfr=1, Product=3, SerialNumber=0
Jan 18 02:58:28 debian kernel: [    1.837705] usb 1-1: Product: USB Tablet
Jan 18 02:58:28 debian kernel: [    1.837705] usb 1-1: Manufacturer: VirtualBox
Jan 18 02:58:28 debian kernel: [    1.846517] hidraw: raw HID events driver (C) Jiri Kosina
Jan 18 02:58:28 debian kernel: [    1.861054] usbcore: registered new interface driver usbhid
Jan 18 02:58:28 debian kernel: [    1.861055] usbhid: USB HID core driver
Jan 18 02:58:28 debian kernel: [    1.862287] input: VirtualBox USB Tablet as /devices/pci0000:00/0000:00:06.0/usb1/1-1/1-1:1.0/0003:80EE:0021.0001/input/input3
Jan 18 02:58:28 debian kernel: [    1.862417] hid-generic 0003:80EE:0021.0001: input,hidraw0: USB HID v1.10 Mouse [VirtualBox USB Tablet] on usb-0000:00:06.0-1/input0
Jan 18 02:58:28 debian kernel: [    2.079972] e1000 0000:00:09.0 eth2: (PCI:33MHz:32-bit) 08:00:27:33:75:23
Jan 18 02:58:28 debian kernel: [    2.079973] e1000 0000:00:09.0 eth2: Intel(R) PRO/1000 Network Connection
Jan 18 02:58:28 debian kernel: [    2.080944] e1000 0000:00:09.0 enp0s9: renamed from eth2
Jan 18 02:58:28 debian kernel: [    2.081577] e1000 0000:00:08.0 enp0s8: renamed from eth1
Jan 18 02:58:28 debian kernel: [    2.083773] e1000 0000:00:03.0 enp0s3: renamed from eth0
Jan 18 02:58:28 debian kernel: [    5.058072] EXT4-fs (sda1): mounted filesystem with ordered data mode. Opts: (null)
Jan 18 02:58:28 debian kernel: [    9.916838] EXT4-fs (sda1): re-mounted. Opts: errors=remount-ro
Jan 18 02:58:28 debian kernel: [   10.256714] lp: driver loaded but no devices found
Jan 18 02:58:28 debian kernel: [   10.329081] ppdev: user-space parallel port driver
Jan 18 02:58:28 debian kernel: [   11.285404] audit: type=1400 audit(1610956706.964:2): apparmor="STATUS" operation="profile_load" profile="unconfined" name="nvidia_modprobe" pid=258 comm="apparmor_parser"
Jan 18 02:58:28 debian kernel: [   11.285406] audit: type=1400 audit(1610956706.964:3): apparmor="STATUS" operation="profile_load" profile="unconfined" name="nvidia_modprobe//kmod" pid=258 comm="apparmor_parser"
Jan 18 02:58:28 debian kernel: [   11.560564] input: Power Button as /devices/LNXSYSTM:00/LNXPWRBN:00/input/input4
Jan 18 02:58:28 debian kernel: [   11.561741] ACPI: Power Button [PWRF]
Jan 18 02:58:28 debian kernel: [   11.562331] input: Sleep Button as /devices/LNXSYSTM:00/LNXSLPBN:00/input/input5
Jan 18 02:58:28 debian kernel: [   11.562344] ACPI: Sleep Button [SLPF]
Jan 18 02:58:28 debian kernel: [   11.562744] ACPI: Video Device [GFX0] (multi-head: yes  rom: no  post: no)
Jan 18 02:58:28 debian kernel: [   11.562841] input: Video Bus as /devices/LNXSYSTM:00/LNXSYBUS:00/PNP0A03:00/LNXVIDEO:00/input/input6
Jan 18 02:58:28 debian kernel: [   11.600036] ACPI: AC Adapter [AC] (on-line)
Jan 18 02:58:28 debian kernel: [   11.638701] vboxguest: host-version: 6.1.16r140961 0x8000000f
Jan 18 02:58:28 debian kernel: [   11.640081] vbg_heartbeat_init: Setting up heartbeat to trigger every 2000 milliseconds
Jan 18 02:58:28 debian kernel: [   11.640161] input: VirtualBox mouse integration as /devices/pci0000:00/0000:00:04.0/input/input7
Jan 18 02:58:28 debian kernel: [   11.650153] vboxguest: misc device minor 58, IRQ 20, I/O port d040, MMIO at 0x00000000f0400000 (size 0x0000000000400000)
Jan 18 02:58:28 debian kernel: [   11.658161] sd 1:0:0:0: Attached scsi generic sg0 type 0
Jan 18 02:58:28 debian kernel: [   11.658184] sr 2:0:0:0: Attached scsi generic sg1 type 5
Jan 18 02:58:28 debian kernel: [   11.690699] audit: type=1400 audit(1610956707.360:4): apparmor="STATUS" operation="profile_load" profile="unconfined" name="/usr/sbin/cups-browsed" pid=269 comm="apparmor_parser"
Jan 18 02:58:28 debian kernel: [   11.816124] input: PC Speaker as /devices/platform/pcspkr/input/input8
Jan 18 02:58:28 debian kernel: [   11.818515] audit: type=1400 audit(1610956707.496:5): apparmor="STATUS" operation="profile_load" profile="unconfined" name="/usr/bin/man" pid=283 comm="apparmor_parser"
Jan 18 02:58:28 debian kernel: [   11.818517] audit: type=1400 audit(1610956707.496:6): apparmor="STATUS" operation="profile_load" profile="unconfined" name="man_filter" pid=283 comm="apparmor_parser"
Jan 18 02:58:28 debian kernel: [   11.818518] audit: type=1400 audit(1610956707.496:7): apparmor="STATUS" operation="profile_load" profile="unconfined" name="man_groff" pid=283 comm="apparmor_parser"
Jan 18 02:58:28 debian kernel: [   11.981023] RAPL PMU: API unit is 2^-32 Joules, 5 fixed counters, 10737418240 ms ovfl timer
Jan 18 02:58:28 debian kernel: [   11.981026] RAPL PMU: hw unit of domain pp0-core 2^-0 Joules
Jan 18 02:58:28 debian kernel: [   11.981027] RAPL PMU: hw unit of domain package 2^-0 Joules
Jan 18 02:58:28 debian kernel: [   11.981028] RAPL PMU: hw unit of domain dram 2^-0 Joules
Jan 18 02:58:28 debian kernel: [   11.981029] RAPL PMU: hw unit of domain pp1-gpu 2^-0 Joules
Jan 18 02:58:28 debian kernel: [   11.981030] RAPL PMU: hw unit of domain psys 2^-0 Joules
Jan 18 02:58:28 debian kernel: [   12.033511] audit: type=1400 audit(1610956707.712:8): apparmor="STATUS" operation="profile_load" profile="unconfined" name="/usr/lib/cups/backend/cups-pdf" pid=288 comm="apparmor_parser"
Jan 18 02:58:28 debian kernel: [   12.033513] audit: type=1400 audit(1610956707.712:9): apparmor="STATUS" operation="profile_load" profile="unconfined" name="/usr/sbin/cupsd" pid=288 comm="apparmor_parser"
Jan 18 02:58:28 debian kernel: [   12.033515] audit: type=1400 audit(1610956707.712:10): apparmor="STATUS" operation="profile_load" profile="unconfined" name="/usr/sbin/cupsd//third_party" pid=288 comm="apparmor_parser"
Jan 18 02:58:28 debian kernel: [   12.105199] [drm] DMA map mode: Using physical TTM page addresses.
Jan 18 02:58:28 debian kernel: [   12.105230] [drm] Capabilities:
Jan 18 02:58:28 debian kernel: [   12.105230] [drm]   Cursor.
Jan 18 02:58:28 debian kernel: [   12.105230] [drm]   Cursor bypass 2.
Jan 18 02:58:28 debian kernel: [   12.105230] [drm]   Alpha cursor.
Jan 18 02:58:28 debian kernel: [   12.105231] [drm]   3D.
Jan 18 02:58:28 debian kernel: [   12.105231] [drm]   Extended Fifo.
Jan 18 02:58:28 debian kernel: [   12.105231] [drm]   Pitchlock.
Jan 18 02:58:28 debian kernel: [   12.105231] [drm]   Irq mask.
Jan 18 02:58:28 debian kernel: [   12.105231] [drm]   GMR.
Jan 18 02:58:28 debian kernel: [   12.105232] [drm]   Traces.
Jan 18 02:58:28 debian kernel: [   12.105232] [drm]   GMR2.
Jan 18 02:58:28 debian kernel: [   12.105232] [drm]   Screen Object 2.
Jan 18 02:58:28 debian kernel: [   12.105233] [drm] Max GMR ids is 8192
Jan 18 02:58:28 debian kernel: [   12.105233] [drm] Max number of GMR pages is 1048576
Jan 18 02:58:28 debian kernel: [   12.105234] [drm] Max dedicated hypervisor surface memory is 507904 kiB
Jan 18 02:58:28 debian kernel: [   12.105234] [drm] Maximum display memory size is 16384 kiB
Jan 18 02:58:28 debian kernel: [   12.105234] [drm] VRAM at 0xe0000000 size is 16384 kiB
Jan 18 02:58:28 debian kernel: [   12.105235] [drm] MMIO at 0xf0000000 size is 2048 kiB
Jan 18 02:58:28 debian kernel: [   12.105236] [drm] global init.
Jan 18 02:58:28 debian kernel: [   12.106354] [TTM] Zone  kernel: Available graphics memory: 505530 kiB
Jan 18 02:58:28 debian kernel: [   12.106355] [TTM] Initializing pool allocator
Jan 18 02:58:28 debian kernel: [   12.106357] [TTM] Initializing DMA pool allocator
Jan 18 02:58:28 debian kernel: [   12.125464] [drm] Supports vblank timestamp caching Rev 2 (21.10.2013).
Jan 18 02:58:28 debian kernel: [   12.125465] [drm] No driver support for vblank timestamp query.
Jan 18 02:58:28 debian kernel: [   12.126077] [drm] Screen Objects Display Unit initialized
Jan 18 02:58:28 debian kernel: [   12.126154] [drm] width 720
Jan 18 02:58:28 debian kernel: [   12.126162] [drm] height 400
Jan 18 02:58:28 debian kernel: [   12.126169] [drm] bpp 32
Jan 18 02:58:28 debian kernel: [   12.126478] [drm] Fifo max 0x00200000 min 0x00001000 cap 0x00000355
Jan 18 02:58:28 debian kernel: [   12.127903] [drm] DX: no.
Jan 18 02:58:28 debian kernel: [   12.127903] [drm] Atomic: yes.
Jan 18 02:58:28 debian kernel: [   12.127904] [drm] SM4_1: no.
Jan 18 02:58:28 debian kernel: [   12.156524] fbcon: svgadrmfb (fb0) is primary device
Jan 18 02:58:28 debian kernel: [   12.157969] Console: switching to colour frame buffer device 100x37
Jan 18 02:58:28 debian kernel: [   12.162643] [drm] Initialized vmwgfx 2.15.0 20180704 for 0000:00:02.0 on minor 0
Jan 18 02:58:28 debian kernel: [   12.200448] Adding 1046524k swap on /dev/sda5.  Priority:-2 extents:1 across:1046524k FS
Jan 18 02:58:28 debian kernel: [   12.949173] snd_intel8x0 0000:00:05.0: white list rate for 1028:0177 is 48000
Jan 18 02:58:30 debian kernel: [   14.349104] IPv6: ADDRCONF(NETDEV_UP): enp0s3: link is not ready
Jan 18 02:58:30 debian kernel: [   14.352977] e1000: enp0s3 NIC Link is Up 1000 Mbps Full Duplex, Flow Control: RX
Jan 18 02:58:30 debian kernel: [   14.353314] IPv6: ADDRCONF(NETDEV_CHANGE): enp0s3: link becomes ready
Jan 18 02:58:31 debian kernel: [   15.737065] IPv6: ADDRCONF(NETDEV_UP): enp0s8: link is not ready
Jan 18 02:58:31 debian kernel: [   15.742648] e1000: enp0s8 NIC Link is Up 1000 Mbps Full Duplex, Flow Control: RX
Jan 18 02:58:31 debian kernel: [   15.743121] IPv6: ADDRCONF(NETDEV_CHANGE): enp0s8: link becomes ready
Jan 18 02:58:31 debian kernel: [   15.754663] IPv6: ADDRCONF(NETDEV_UP): enp0s9: link is not ready
Jan 18 02:58:31 debian kernel: [   15.763670] e1000: enp0s9 NIC Link is Up 1000 Mbps Full Duplex, Flow Control: RX
Jan 18 02:58:31 debian kernel: [   15.763945] IPv6: ADDRCONF(NETDEV_CHANGE): enp0s9: link becomes ready
Jan 18 03:08:32 debian kernel: [    0.000000] Linux version 4.19.0-13-amd64 (debian-kernel@lists.debian.org) (gcc version 8.3.0 (Debian 8.3.0-6)) #1 SMP Debian 4.19.160-2 (2020-11-28)
Jan 18 03:08:32 debian kernel: [    0.000000] Command line: BOOT_IMAGE=/boot/vmlinuz-4.19.0-13-amd64 root=UUID=b2134173-c79e-4a19-9967-b97e969e1c8e ro quiet
Jan 18 03:08:32 debian kernel: [    0.000000] x86/fpu: Supporting XSAVE feature 0x001: 'x87 floating point registers'
Jan 18 03:08:32 debian kernel: [    0.000000] x86/fpu: Supporting XSAVE feature 0x002: 'SSE registers'
Jan 18 03:08:32 debian kernel: [    0.000000] x86/fpu: Supporting XSAVE feature 0x004: 'AVX registers'
Jan 18 03:08:32 debian kernel: [    0.000000] x86/fpu: xstate_offset[2]:  576, xstate_sizes[2]:  256
Jan 18 03:08:32 debian kernel: [    0.000000] x86/fpu: Enabled xstate features 0x7, context size is 832 bytes, using 'standard' format.
Jan 18 03:08:32 debian kernel: [    0.000000] BIOS-provided physical RAM map:
Jan 18 03:08:32 debian kernel: [    0.000000] BIOS-e820: [mem 0x0000000000000000-0x000000000009fbff] usable
Jan 18 03:08:32 debian kernel: [    0.000000] BIOS-e820: [mem 0x000000000009fc00-0x000000000009ffff] reserved
Jan 18 03:08:32 debian kernel: [    0.000000] BIOS-e820: [mem 0x00000000000f0000-0x00000000000fffff] reserved
Jan 18 03:08:32 debian kernel: [    0.000000] BIOS-e820: [mem 0x0000000000100000-0x000000003ffeffff] usable
Jan 18 03:08:32 debian kernel: [    0.000000] BIOS-e820: [mem 0x000000003fff0000-0x000000003fffffff] ACPI data
Jan 18 03:08:32 debian kernel: [    0.000000] BIOS-e820: [mem 0x00000000fec00000-0x00000000fec00fff] reserved
Jan 18 03:08:32 debian kernel: [    0.000000] BIOS-e820: [mem 0x00000000fee00000-0x00000000fee00fff] reserved
Jan 18 03:08:32 debian kernel: [    0.000000] BIOS-e820: [mem 0x00000000fffc0000-0x00000000ffffffff] reserved
Jan 18 03:08:32 debian kernel: [    0.000000] NX (Execute Disable) protection: active
Jan 18 03:08:32 debian kernel: [    0.000000] SMBIOS 2.5 present.
Jan 18 03:08:32 debian kernel: [    0.000000] DMI: innotek GmbH VirtualBox/VirtualBox, BIOS VirtualBox 12/01/2006
Jan 18 03:08:32 debian kernel: [    0.000000] Hypervisor detected: KVM
Jan 18 03:08:32 debian kernel: [    0.000000] kvm-clock: Using msrs 4b564d01 and 4b564d00
Jan 18 03:08:32 debian kernel: [    0.000000] kvm-clock: cpu 0, msr 325eb001, primary cpu clock
Jan 18 03:08:32 debian kernel: [    0.000000] kvm-clock: using sched offset of 5339137598 cycles
Jan 18 03:08:32 debian kernel: [    0.000001] clocksource: kvm-clock: mask: 0xffffffffffffffff max_cycles: 0x1cd42e4dffb, max_idle_ns: 881590591483 ns
Jan 18 03:08:32 debian kernel: [    0.000003] tsc: Detected 2711.998 MHz processor
Jan 18 03:08:32 debian kernel: [    0.001490] last_pfn = 0x3fff0 max_arch_pfn = 0x400000000
Jan 18 03:08:32 debian kernel: [    0.001500] Disabled
Jan 18 03:08:32 debian kernel: [    0.001501] x86/PAT: MTRRs disabled, skipping PAT initialization too.
Jan 18 03:08:32 debian kernel: [    0.001502] CPU MTRRs all blank - virtualized system.
Jan 18 03:08:32 debian kernel: [    0.001504] x86/PAT: Configuration [0-7]: WB  WT  UC- UC  WB  WT  UC- UC  
Jan 18 03:08:32 debian kernel: [    0.001538] found SMP MP-table at [mem 0x0009fff0-0x0009ffff]
Jan 18 03:08:32 debian kernel: [    0.066938] RAMDISK: [mem 0x34e75000-0x36731fff]
Jan 18 03:08:32 debian kernel: [    0.066945] ACPI: Early table checksum verification disabled
Jan 18 03:08:32 debian kernel: [    0.066955] ACPI: RSDP 0x00000000000E0000 000024 (v02 VBOX  )
Jan 18 03:08:32 debian kernel: [    0.066958] ACPI: XSDT 0x000000003FFF0030 00003C (v01 VBOX   VBOXXSDT 00000001 ASL  00000061)
Jan 18 03:08:32 debian kernel: [    0.066962] ACPI: FACP 0x000000003FFF00F0 0000F4 (v04 VBOX   VBOXFACP 00000001 ASL  00000061)
Jan 18 03:08:32 debian kernel: [    0.066965] ACPI: DSDT 0x000000003FFF0470 002325 (v02 VBOX   VBOXBIOS 00000002 INTL 20190509)
Jan 18 03:08:32 debian kernel: [    0.066967] ACPI: FACS 0x000000003FFF0200 000040
Jan 18 03:08:32 debian kernel: [    0.066968] ACPI: FACS 0x000000003FFF0200 000040
Jan 18 03:08:32 debian kernel: [    0.066970] ACPI: APIC 0x000000003FFF0240 000054 (v02 VBOX   VBOXAPIC 00000001 ASL  00000061)
Jan 18 03:08:32 debian kernel: [    0.066971] ACPI: SSDT 0x000000003FFF02A0 0001CC (v01 VBOX   VBOXCPUT 00000002 INTL 20190509)
Jan 18 03:08:32 debian kernel: [    0.067172] No NUMA configuration found
Jan 18 03:08:32 debian kernel: [    0.067173] Faking a node at [mem 0x0000000000000000-0x000000003ffeffff]
Jan 18 03:08:32 debian kernel: [    0.067175] NODE_DATA(0) allocated [mem 0x3ffeb000-0x3ffeffff]
Jan 18 03:08:32 debian kernel: [    0.067189] Zone ranges:
Jan 18 03:08:32 debian kernel: [    0.067190]   DMA      [mem 0x0000000000001000-0x0000000000ffffff]
Jan 18 03:08:32 debian kernel: [    0.067191]   DMA32    [mem 0x0000000001000000-0x000000003ffeffff]
Jan 18 03:08:32 debian kernel: [    0.067191]   Normal   empty
Jan 18 03:08:32 debian kernel: [    0.067192]   Device   empty
Jan 18 03:08:32 debian kernel: [    0.067193] Movable zone start for each node
Jan 18 03:08:32 debian kernel: [    0.067193] Early memory node ranges
Jan 18 03:08:32 debian kernel: [    0.067194]   node   0: [mem 0x0000000000001000-0x000000000009efff]
Jan 18 03:08:32 debian kernel: [    0.067194]   node   0: [mem 0x0000000000100000-0x000000003ffeffff]
Jan 18 03:08:32 debian kernel: [    0.067196] Zeroed struct page in unavailable ranges: 114 pages
Jan 18 03:08:32 debian kernel: [    0.067197] Initmem setup node 0 [mem 0x0000000000001000-0x000000003ffeffff]
Jan 18 03:08:32 debian kernel: [    0.071993] ACPI: PM-Timer IO Port: 0x4008
Jan 18 03:08:32 debian kernel: [    0.072036] IOAPIC[0]: apic_id 1, version 32, address 0xfec00000, GSI 0-23
Jan 18 03:08:32 debian kernel: [    0.072037] ACPI: INT_SRC_OVR (bus 0 bus_irq 0 global_irq 2 dfl dfl)
Jan 18 03:08:32 debian kernel: [    0.072038] ACPI: INT_SRC_OVR (bus 0 bus_irq 9 global_irq 9 low level)
Jan 18 03:08:32 debian kernel: [    0.072041] Using ACPI (MADT) for SMP configuration information
Jan 18 03:08:32 debian kernel: [    0.072045] smpboot: Allowing 1 CPUs, 0 hotplug CPUs
Jan 18 03:08:32 debian kernel: [    0.072074] PM: Registered nosave memory: [mem 0x00000000-0x00000fff]
Jan 18 03:08:32 debian kernel: [    0.072074] PM: Registered nosave memory: [mem 0x0009f000-0x0009ffff]
Jan 18 03:08:32 debian kernel: [    0.072075] PM: Registered nosave memory: [mem 0x000a0000-0x000effff]
Jan 18 03:08:32 debian kernel: [    0.072075] PM: Registered nosave memory: [mem 0x000f0000-0x000fffff]
Jan 18 03:08:32 debian kernel: [    0.072077] [mem 0x40000000-0xfebfffff] available for PCI devices
Jan 18 03:08:32 debian kernel: [    0.072077] Booting paravirtualized kernel on KVM
Jan 18 03:08:32 debian kernel: [    0.072079] clocksource: refined-jiffies: mask: 0xffffffff max_cycles: 0xffffffff, max_idle_ns: 7645519600211568 ns
Jan 18 03:08:32 debian kernel: [    0.149805] random: get_random_bytes called from start_kernel+0x93/0x52a with crng_init=0
Jan 18 03:08:32 debian kernel: [    0.149812] setup_percpu: NR_CPUS:512 nr_cpumask_bits:512 nr_cpu_ids:1 nr_node_ids:1
Jan 18 03:08:32 debian kernel: [    0.149896] percpu: Embedded 45 pages/cpu s144536 r8192 d31592 u2097152
Jan 18 03:08:32 debian kernel: [    0.149917] Built 1 zonelists, mobility grouping on.  Total pages: 257913
Jan 18 03:08:32 debian kernel: [    0.149917] Policy zone: DMA32
Jan 18 03:08:32 debian kernel: [    0.149919] Kernel command line: BOOT_IMAGE=/boot/vmlinuz-4.19.0-13-amd64 root=UUID=b2134173-c79e-4a19-9967-b97e969e1c8e ro quiet
Jan 18 03:08:32 debian kernel: [    0.152868] Memory: 981304K/1048120K available (10252K kernel code, 1242K rwdata, 3320K rodata, 1596K init, 2264K bss, 66816K reserved, 0K cma-reserved)
Jan 18 03:08:32 debian kernel: [    0.152931] SLUB: HWalign=64, Order=0-3, MinObjects=0, CPUs=1, Nodes=1
Jan 18 03:08:32 debian kernel: [    0.152936] Kernel/User page tables isolation: enabled
Jan 18 03:08:32 debian kernel: [    0.152969] ftrace: allocating 31960 entries in 125 pages
Jan 18 03:08:32 debian kernel: [    0.163167] rcu: Hierarchical RCU implementation.
Jan 18 03:08:32 debian kernel: [    0.163168] rcu: 	RCU restricting CPUs from NR_CPUS=512 to nr_cpu_ids=1.
Jan 18 03:08:32 debian kernel: [    0.163168] rcu: Adjusting geometry for rcu_fanout_leaf=16, nr_cpu_ids=1
Jan 18 03:08:32 debian kernel: [    0.165264] NR_IRQS: 33024, nr_irqs: 256, preallocated irqs: 16
Jan 18 03:08:32 debian kernel: [    0.173017] Console: colour VGA+ 80x25
Jan 18 03:08:32 debian kernel: [    0.173019] console [tty0] enabled
Jan 18 03:08:32 debian kernel: [    0.173031] ACPI: Core revision 20180810
Jan 18 03:08:32 debian kernel: [    0.173191] APIC: Switch to symmetric I/O mode setup
Jan 18 03:08:32 debian kernel: [    0.173395] x2apic enabled
Jan 18 03:08:32 debian kernel: [    0.173575] Switched APIC routing to physical x2apic.
Jan 18 03:08:32 debian kernel: [    0.174464] ..TIMER: vector=0x30 apic1=0 pin1=2 apic2=-1 pin2=-1
Jan 18 03:08:32 debian kernel: [    0.174482] clocksource: tsc-early: mask: 0xffffffffffffffff max_cycles: 0x27178451938, max_idle_ns: 440795251172 ns
Jan 18 03:08:32 debian kernel: [    0.174492] Calibrating delay loop (skipped) preset value.. 5423.99 BogoMIPS (lpj=10847992)
Jan 18 03:08:32 debian kernel: [    0.174493] pid_max: default: 32768 minimum: 301
Jan 18 03:08:32 debian kernel: [    0.174515] Security Framework initialized
Jan 18 03:08:32 debian kernel: [    0.174515] Yama: disabled by default; enable with sysctl kernel.yama.*
Jan 18 03:08:32 debian kernel: [    0.174528] AppArmor: AppArmor initialized
Jan 18 03:08:32 debian kernel: [    0.174652] Dentry cache hash table entries: 131072 (order: 8, 1048576 bytes)
Jan 18 03:08:32 debian kernel: [    0.174757] Inode-cache hash table entries: 65536 (order: 7, 524288 bytes)
Jan 18 03:08:32 debian kernel: [    0.174763] Mount-cache hash table entries: 2048 (order: 2, 16384 bytes)
Jan 18 03:08:32 debian kernel: [    0.174766] Mountpoint-cache hash table entries: 2048 (order: 2, 16384 bytes)
Jan 18 03:08:32 debian kernel: [    0.174987] process: using mwait in idle threads
Jan 18 03:08:32 debian kernel: [    0.174991] Last level iTLB entries: 4KB 128, 2MB 8, 4MB 8
Jan 18 03:08:32 debian kernel: [    0.174992] Last level dTLB entries: 4KB 64, 2MB 0, 4MB 0, 1GB 4
Jan 18 03:08:32 debian kernel: [    0.174993] Spectre V1 : Mitigation: usercopy/swapgs barriers and __user pointer sanitization
Jan 18 03:08:32 debian kernel: [    0.174994] Spectre V2 : Mitigation: Full generic retpoline
Jan 18 03:08:32 debian kernel: [    0.174994] Spectre V2 : Spectre v2 / SpectreRSB mitigation: Filling RSB on context switch
Jan 18 03:08:32 debian kernel: [    0.174994] Speculative Store Bypass: Vulnerable
Jan 18 03:08:32 debian kernel: [    0.175014] SRBDS: Unknown: Dependent on hypervisor status
Jan 18 03:08:32 debian kernel: [    0.175014] MDS: Mitigation: Clear CPU buffers
Jan 18 03:08:32 debian kernel: [    0.179613] Freeing SMP alternatives memory: 24K
Jan 18 03:08:32 debian kernel: [    0.288815] smpboot: CPU0: Intel(R) Core(TM) i5-7500T CPU @ 2.70GHz (family: 0x6, model: 0x9e, stepping: 0x9)
Jan 18 03:08:32 debian kernel: [    0.288898] Performance Events: unsupported p6 CPU model 158 no PMU driver, software events only.
Jan 18 03:08:32 debian kernel: [    0.288919] rcu: Hierarchical SRCU implementation.
Jan 18 03:08:32 debian kernel: [    0.289340] random: crng done (trusting CPU's manufacturer)
Jan 18 03:08:32 debian kernel: [    0.289352] NMI watchdog: Perf NMI watchdog permanently disabled
Jan 18 03:08:32 debian kernel: [    0.289394] smp: Bringing up secondary CPUs ...
Jan 18 03:08:32 debian kernel: [    0.289395] smp: Brought up 1 node, 1 CPU
Jan 18 03:08:32 debian kernel: [    0.289396] smpboot: Max logical packages: 1
Jan 18 03:08:32 debian kernel: [    0.289397] smpboot: Total of 1 processors activated (5423.99 BogoMIPS)
Jan 18 03:08:32 debian kernel: [    0.289489] devtmpfs: initialized
Jan 18 03:08:32 debian kernel: [    0.289525] x86/mm: Memory block size: 128MB
Jan 18 03:08:32 debian kernel: [    0.289667] clocksource: jiffies: mask: 0xffffffff max_cycles: 0xffffffff, max_idle_ns: 7645041785100000 ns
Jan 18 03:08:32 debian kernel: [    0.289670] futex hash table entries: 256 (order: 2, 16384 bytes)
Jan 18 03:08:32 debian kernel: [    0.289692] pinctrl core: initialized pinctrl subsystem
Jan 18 03:08:32 debian kernel: [    0.289785] NET: Registered protocol family 16
Jan 18 03:08:32 debian kernel: [    0.289830] audit: initializing netlink subsys (disabled)
Jan 18 03:08:32 debian kernel: [    0.289900] cpuidle: using governor ladder
Jan 18 03:08:32 debian kernel: [    0.289901] cpuidle: using governor menu
Jan 18 03:08:32 debian kernel: [    0.289923] ACPI: bus type PCI registered
Jan 18 03:08:32 debian kernel: [    0.289924] acpiphp: ACPI Hot Plug PCI Controller Driver version: 0.5
Jan 18 03:08:32 debian kernel: [    0.289993] PCI: Using configuration type 1 for base access
Jan 18 03:08:32 debian kernel: [    0.290483] audit: type=2000 audit(1610957313.186:1): state=initialized audit_enabled=0 res=1
Jan 18 03:08:32 debian kernel: [    0.290483] HugeTLB registered 2.00 MiB page size, pre-allocated 0 pages
Jan 18 03:08:32 debian kernel: [    0.290483] ACPI: Added _OSI(Module Device)
Jan 18 03:08:32 debian kernel: [    0.290483] ACPI: Added _OSI(Processor Device)
Jan 18 03:08:32 debian kernel: [    0.290483] ACPI: Added _OSI(3.0 _SCP Extensions)
Jan 18 03:08:32 debian kernel: [    0.290483] ACPI: Added _OSI(Processor Aggregator Device)
Jan 18 03:08:32 debian kernel: [    0.290483] ACPI: Added _OSI(Linux-Dell-Video)
Jan 18 03:08:32 debian kernel: [    0.290483] ACPI: Added _OSI(Linux-Lenovo-NV-HDMI-Audio)
Jan 18 03:08:32 debian kernel: [    0.290483] ACPI: 2 ACPI AML tables successfully acquired and loaded
Jan 18 03:08:32 debian kernel: [    0.290767] ACPI: Interpreter enabled
Jan 18 03:08:32 debian kernel: [    0.290773] ACPI: (supports S0 S5)
Jan 18 03:08:32 debian kernel: [    0.290774] ACPI: Using IOAPIC for interrupt routing
Jan 18 03:08:32 debian kernel: [    0.290876] PCI: Using host bridge windows from ACPI; if necessary, use "pci=nocrs" and report a bug
Jan 18 03:08:32 debian kernel: [    0.290945] ACPI: Enabled 2 GPEs in block 00 to 07
Jan 18 03:08:32 debian kernel: [    0.293682] ACPI: PCI Root Bridge [PCI0] (domain 0000 [bus 00-ff])
Jan 18 03:08:32 debian kernel: [    0.293685] acpi PNP0A03:00: _OSC: OS supports [ASPM ClockPM Segments MSI]
Jan 18 03:08:32 debian kernel: [    0.293936] acpi PNP0A03:00: _OSC: not requesting OS control; OS requires [ExtendedConfig ASPM ClockPM MSI]
Jan 18 03:08:32 debian kernel: [    0.293940] acpi PNP0A03:00: fail to add MMCONFIG information, can't access extended PCI configuration space under this bridge.
Jan 18 03:08:32 debian kernel: [    0.294199] PCI host bridge to bus 0000:00
Jan 18 03:08:32 debian kernel: [    0.294201] pci_bus 0000:00: root bus resource [io  0x0000-0x0cf7 window]
Jan 18 03:08:32 debian kernel: [    0.294202] pci_bus 0000:00: root bus resource [io  0x0d00-0xffff window]
Jan 18 03:08:32 debian kernel: [    0.294203] pci_bus 0000:00: root bus resource [mem 0x000a0000-0x000bffff window]
Jan 18 03:08:32 debian kernel: [    0.294203] pci_bus 0000:00: root bus resource [mem 0x40000000-0xfdffffff window]
Jan 18 03:08:32 debian kernel: [    0.294204] pci_bus 0000:00: root bus resource [bus 00-ff]
Jan 18 03:08:32 debian kernel: [    0.295579] pci 0000:00:01.1: legacy IDE quirk: reg 0x10: [io  0x01f0-0x01f7]
Jan 18 03:08:32 debian kernel: [    0.295580] pci 0000:00:01.1: legacy IDE quirk: reg 0x14: [io  0x03f6]
Jan 18 03:08:32 debian kernel: [    0.295581] pci 0000:00:01.1: legacy IDE quirk: reg 0x18: [io  0x0170-0x0177]
Jan 18 03:08:32 debian kernel: [    0.295581] pci 0000:00:01.1: legacy IDE quirk: reg 0x1c: [io  0x0376]
Jan 18 03:08:32 debian kernel: [    0.307541] pci 0000:00:07.0: quirk: [io  0x4000-0x403f] claimed by PIIX4 ACPI
Jan 18 03:08:32 debian kernel: [    0.307548] pci 0000:00:07.0: quirk: [io  0x4100-0x410f] claimed by PIIX4 SMB
Jan 18 03:08:32 debian kernel: [    0.315098] ACPI: PCI Interrupt Link [LNKA] (IRQs 5 9 10 *11)
Jan 18 03:08:32 debian kernel: [    0.315241] ACPI: PCI Interrupt Link [LNKB] (IRQs 5 9 *10 11)
Jan 18 03:08:32 debian kernel: [    0.315297] ACPI: PCI Interrupt Link [LNKC] (IRQs 5 *9 10 11)
Jan 18 03:08:32 debian kernel: [    0.315353] ACPI: PCI Interrupt Link [LNKD] (IRQs 5 9 10 *11)
Jan 18 03:08:32 debian kernel: [    0.315469] pci 0000:00:02.0: vgaarb: setting as boot VGA device
Jan 18 03:08:32 debian kernel: [    0.315470] pci 0000:00:02.0: vgaarb: VGA device added: decodes=io+mem,owns=io+mem,locks=none
Jan 18 03:08:32 debian kernel: [    0.315472] pci 0000:00:02.0: vgaarb: bridge control possible
Jan 18 03:08:32 debian kernel: [    0.315472] vgaarb: loaded
Jan 18 03:08:32 debian kernel: [    0.315511] pps_core: LinuxPPS API ver. 1 registered
Jan 18 03:08:32 debian kernel: [    0.315512] pps_core: Software ver. 5.3.6 - Copyright 2005-2007 Rodolfo Giometti <giometti@linux.it>
Jan 18 03:08:32 debian kernel: [    0.315513] PTP clock support registered
Jan 18 03:08:32 debian kernel: [    0.315517] EDAC MC: Ver: 3.0.0
Jan 18 03:08:32 debian kernel: [    0.315732] PCI: Using ACPI for IRQ routing
Jan 18 03:08:32 debian kernel: [    0.316012] clocksource: Switched to clocksource kvm-clock
Jan 18 03:08:32 debian kernel: [    0.321043] VFS: Disk quotas dquot_6.6.0
Jan 18 03:08:32 debian kernel: [    0.321043] VFS: Dquot-cache hash table entries: 512 (order 0, 4096 bytes)
Jan 18 03:08:32 debian kernel: [    0.321043] AppArmor: AppArmor Filesystem Enabled
Jan 18 03:08:32 debian kernel: [    0.321043] pnp: PnP ACPI init
Jan 18 03:08:32 debian kernel: [    0.321678] pnp: PnP ACPI: found 2 devices
Jan 18 03:08:32 debian kernel: [    0.326832] clocksource: acpi_pm: mask: 0xffffff max_cycles: 0xffffff, max_idle_ns: 2085701024 ns
Jan 18 03:08:32 debian kernel: [    0.326872] NET: Registered protocol family 2
Jan 18 03:08:32 debian kernel: [    0.326982] tcp_listen_portaddr_hash hash table entries: 512 (order: 1, 8192 bytes)
