Jan 20 04:12:28 debian rsyslogd:  [origin software="rsyslogd" swVersion="8.1901.0" x-pid="329" x-info="https://www.rsyslog.com"] rsyslogd was HUPed
Jan 20 04:12:28 debian systemd[1]: logrotate.service: Succeeded.
Jan 20 04:12:28 debian systemd[1]: Started Rotate log files.
Jan 20 04:12:29 debian dhclient[404]: Internet Systems Consortium DHCP Client 4.4.1
Jan 20 04:12:29 debian ifup[372]: Internet Systems Consortium DHCP Client 4.4.1
Jan 20 04:12:29 debian ifup[372]: Copyright 2004-2018 Internet Systems Consortium.
Jan 20 04:12:29 debian ifup[372]: All rights reserved.
Jan 20 04:12:29 debian ifup[372]: For info, please visit https://www.isc.org/software/dhcp/
Jan 20 04:12:29 debian dhclient[404]: Copyright 2004-2018 Internet Systems Consortium.
Jan 20 04:12:29 debian dhclient[404]: All rights reserved.
Jan 20 04:12:29 debian dhclient[404]: For info, please visit https://www.isc.org/software/dhcp/
Jan 20 04:12:29 debian dhclient[404]: 
Jan 20 04:12:29 debian kernel: [   10.597097] IPv6: ADDRCONF(NETDEV_UP): enp0s3: link is not ready
Jan 20 04:12:29 debian kernel: [   10.601869] e1000: enp0s3 NIC Link is Up 1000 Mbps Full Duplex, Flow Control: RX
Jan 20 04:12:29 debian kernel: [   10.602236] IPv6: ADDRCONF(NETDEV_CHANGE): enp0s3: link becomes ready
Jan 20 04:12:29 debian dhclient[404]: Listening on LPF/enp0s3/08:00:27:b3:95:26
Jan 20 04:12:29 debian ifup[372]: Listening on LPF/enp0s3/08:00:27:b3:95:26
Jan 20 04:12:29 debian ifup[372]: Sending on   LPF/enp0s3/08:00:27:b3:95:26
Jan 20 04:12:29 debian ifup[372]: Sending on   Socket/fallback
Jan 20 04:12:29 debian ifup[372]: DHCPREQUEST for 10.0.2.15 on enp0s3 to 255.255.255.255 port 67
Jan 20 04:12:29 debian dhclient[404]: Sending on   LPF/enp0s3/08:00:27:b3:95:26
Jan 20 04:12:29 debian dhclient[404]: Sending on   Socket/fallback
Jan 20 04:12:29 debian dhclient[404]: DHCPREQUEST for 10.0.2.15 on enp0s3 to 255.255.255.255 port 67
Jan 20 04:12:29 debian dhclient[404]: DHCPACK of 10.0.2.15 from 10.0.2.2
Jan 20 04:12:29 debian ifup[372]: DHCPACK of 10.0.2.15 from 10.0.2.2
Jan 20 04:12:29 debian avahi-daemon[344]: Joining mDNS multicast group on interface enp0s3.IPv4 with address 10.0.2.15.
Jan 20 04:12:29 debian avahi-daemon[344]: New relevant interface enp0s3.IPv4 for mDNS.
Jan 20 04:12:29 debian avahi-daemon[344]: Registering new address record for 10.0.2.15 on enp0s3.IPv4.
Jan 20 04:12:29 debian dhclient[404]: bound to 10.0.2.15 -- renewal in 37491 seconds.
Jan 20 04:12:29 debian ifup[372]: bound to 10.0.2.15 -- renewal in 37491 seconds.
Jan 20 04:12:29 debian avahi-daemon[344]: Joining mDNS multicast group on interface enp0s8.IPv4 with address 192.168.81.10.
Jan 20 04:12:29 debian avahi-daemon[344]: New relevant interface enp0s8.IPv4 for mDNS.
Jan 20 04:12:29 debian avahi-daemon[344]: Registering new address record for 192.168.81.10 on enp0s8.IPv4.
Jan 20 04:12:29 debian kernel: [   11.100575] IPv6: ADDRCONF(NETDEV_UP): enp0s8: link is not ready
Jan 20 04:12:29 debian kernel: [   11.106020] e1000: enp0s8 NIC Link is Up 1000 Mbps Full Duplex, Flow Control: RX
Jan 20 04:12:29 debian kernel: [   11.106321] IPv6: ADDRCONF(NETDEV_CHANGE): enp0s8: link becomes ready
Jan 20 04:12:30 debian avahi-daemon[344]: Joining mDNS multicast group on interface enp0s9.IPv4 with address 192.168.83.10.
Jan 20 04:12:30 debian avahi-daemon[344]: New relevant interface enp0s9.IPv4 for mDNS.
Jan 20 04:12:30 debian avahi-daemon[344]: Registering new address record for 192.168.83.10 on enp0s9.IPv4.
Jan 20 04:12:30 debian kernel: [   11.525706] IPv6: ADDRCONF(NETDEV_UP): enp0s9: link is not ready
Jan 20 04:12:30 debian kernel: [   11.532183] e1000: enp0s9 NIC Link is Up 1000 Mbps Full Duplex, Flow Control: RX
Jan 20 04:12:30 debian kernel: [   11.532438] IPv6: ADDRCONF(NETDEV_CHANGE): enp0s9: link becomes ready
Jan 20 04:12:30 debian systemd[1]: Started Raise network interfaces.
Jan 20 04:12:30 debian systemd[1]: Reached target Network.
Jan 20 04:12:30 debian systemd[1]: Reached target Network is Online.
Jan 20 04:12:30 debian systemd[1]: Starting OpenBSD Secure Shell server...
Jan 20 04:12:30 debian systemd[1]: Starting Permit User Sessions...
Jan 20 04:12:30 debian systemd[1]: Starting BIND Domain Name Server...
Jan 20 04:12:30 debian systemd[1]: Starting Daily apt download activities...
Jan 20 04:12:30 debian systemd[1]: Started Permit User Sessions.
Jan 20 04:12:30 debian systemd[1]: Started Getty on tty1.
Jan 20 04:12:30 debian systemd[1]: Reached target Login Prompts.
Jan 20 04:12:30 debian avahi-daemon[344]: Joining mDNS multicast group on interface enp0s3.IPv6 with address fe80::a00:27ff:feb3:9526.
Jan 20 04:12:30 debian avahi-daemon[344]: New relevant interface enp0s3.IPv6 for mDNS.
Jan 20 04:12:30 debian avahi-daemon[344]: Registering new address record for fe80::a00:27ff:feb3:9526 on enp0s3.*.
Jan 20 04:12:30 debian named[540]: starting BIND 9.11.5-P4-5.1+deb10u2-Debian (Extended Support Version) <id:998753c>
Jan 20 04:12:30 debian named[540]: running on Linux x86_64 4.19.0-13-amd64 #1 SMP Debian 4.19.160-2 (2020-11-28)
Jan 20 04:12:30 debian named[540]: built with '--build=x86_64-linux-gnu' '--prefix=/usr' '--includedir=/usr/include' '--mandir=/usr/share/man' '--infodir=/usr/share/info' '--sysconfdir=/etc' '--localstatedir=/var' '--disable-silent-rules' '--libdir=/usr/lib/x86_64-linux-gnu' '--libexecdir=/usr/lib/x86_64-linux-gnu' '--disable-maintainer-mode' '--disable-dependency-tracking' '--libdir=/usr/lib/x86_64-linux-gnu' '--sysconfdir=/etc/bind' '--with-python=python3' '--localstatedir=/' '--enable-threads' '--enable-largefile' '--with-libtool' '--enable-shared' '--enable-static' '--with-gost=no' '--with-openssl=/usr' '--with-gssapi=/usr' '--with-libidn2' '--with-libjson=/usr' '--with-lmdb=/usr' '--with-gnu-ld' '--with-geoip=/usr' '--with-atf=no' '--enable-ipv6' '--enable-rrl' '--enable-filter-aaaa' '--enable-native-pkcs11' '--with-pkcs11=/usr/lib/softhsm/libsofthsm2.so' '--with-randomdev=/dev/urandom' '--enable-dnstap' 'build_alias=x86_64-linux-gnu' 'CFLAGS=-g -O2 -fdebug-prefix-map=/build/bind9-pbRECD/bind9-9.11.5.P4+dfsg=. -fstack-protector-strong -Wformat -Werror=format-security -fno-strict-aliasing -fno-delete-null-pointer-checks -DNO_VERSION_DATE -DDIG_SIGCHASE' 'LDFLAGS=-Wl,-z,relro -Wl,-z,now' 'CPPFLAGS=-Wdate-time -D_FORTIFY_SOURCE=2'
Jan 20 04:12:30 debian named[540]: running as: named -u bind
Jan 20 04:12:30 debian named[540]: compiled by GCC 8.3.0
Jan 20 04:12:30 debian named[540]: compiled with OpenSSL version: OpenSSL 1.1.1d  10 Sep 2019
Jan 20 04:12:30 debian named[540]: linked to OpenSSL version: OpenSSL 1.1.1d  10 Sep 2019
Jan 20 04:12:30 debian named[540]: compiled with libxml2 version: 2.9.4
Jan 20 04:12:30 debian named[540]: linked to libxml2 version: 20904
Jan 20 04:12:30 debian named[540]: compiled with libjson-c version: 0.12.1
Jan 20 04:12:30 debian named[540]: linked to libjson-c version: 0.12.1
Jan 20 04:12:30 debian named[540]: threads support is enabled
Jan 20 04:12:30 debian named[540]: ----------------------------------------------------
Jan 20 04:12:30 debian named[540]: BIND 9 is maintained by Internet Systems Consortium,
Jan 20 04:12:30 debian named[540]: Inc. (ISC), a non-profit 501(c)(3) public-benefit 
Jan 20 04:12:30 debian named[540]: corporation.  Support and training for BIND 9 are 
Jan 20 04:12:30 debian named[540]: available at https://www.isc.org/support
Jan 20 04:12:30 debian named[540]: ----------------------------------------------------
Jan 20 04:12:30 debian named[540]: adjusted limit on open files from 524288 to 1048576
Jan 20 04:12:30 debian named[540]: found 1 CPU, using 1 worker thread
Jan 20 04:12:30 debian named[540]: using 1 UDP listener per interface
Jan 20 04:12:30 debian named[540]: using up to 4096 sockets
Jan 20 04:12:30 debian named[540]: loading configuration from '/etc/bind/named.conf'
Jan 20 04:12:31 debian avahi-daemon[344]: Joining mDNS multicast group on interface enp0s8.IPv6 with address fe80::a00:27ff:feaa:3e33.
Jan 20 04:12:31 debian avahi-daemon[344]: New relevant interface enp0s8.IPv6 for mDNS.
Jan 20 04:12:31 debian avahi-daemon[344]: Registering new address record for fe80::a00:27ff:feaa:3e33 on enp0s8.*.
Jan 20 04:12:31 debian named[540]: reading built-in trust anchors from file '/etc/bind/bind.keys'
Jan 20 04:12:31 debian named[540]: initializing GeoIP Country (IPv4) (type 1) DB
Jan 20 04:12:31 debian named[540]: GEO-106FREE 20181108 Build
Jan 20 04:12:31 debian named[540]: initializing GeoIP Country (IPv6) (type 12) DB
Jan 20 04:12:31 debian systemd[1]: Started OpenBSD Secure Shell server.
Jan 20 04:12:31 debian named[540]: GEO-106FREE 20181108 Build
Jan 20 04:12:31 debian named[540]: GeoIP City (IPv4) (type 2) DB not available
Jan 20 04:12:31 debian named[540]: GeoIP City (IPv4) (type 6) DB not available
Jan 20 04:12:31 debian named[540]: GeoIP City (IPv6) (type 30) DB not available
Jan 20 04:12:31 debian named[540]: GeoIP City (IPv6) (type 31) DB not available
Jan 20 04:12:31 debian named[540]: GeoIP Region (type 3) DB not available
Jan 20 04:12:31 debian named[540]: GeoIP Region (type 7) DB not available
Jan 20 04:12:31 debian named[540]: GeoIP ISP (type 4) DB not available
Jan 20 04:12:31 debian named[540]: GeoIP Org (type 5) DB not available
Jan 20 04:12:31 debian named[540]: GeoIP AS (type 9) DB not available
Jan 20 04:12:31 debian named[540]: GeoIP Domain (type 11) DB not available
Jan 20 04:12:31 debian named[540]: GeoIP NetSpeed (type 10) DB not available
Jan 20 04:12:31 debian named[540]: using default UDP/IPv4 port range: [32768, 60999]
Jan 20 04:12:31 debian named[540]: using default UDP/IPv6 port range: [32768, 60999]
Jan 20 04:12:31 debian named[540]: listening on IPv6 interfaces, port 53
Jan 20 04:12:31 debian named[540]: listening on IPv4 interface lo, 127.0.0.1#53
Jan 20 04:12:31 debian named[540]: listening on IPv4 interface enp0s3, 10.0.2.15#53
Jan 20 04:12:31 debian named[540]: listening on IPv4 interface enp0s8, 192.168.81.10#53
Jan 20 04:12:31 debian named[540]: listening on IPv4 interface enp0s9, 192.168.83.10#53
Jan 20 04:12:31 debian named[540]: generating session key for dynamic DNS
Jan 20 04:12:31 debian named[540]: sizing zone task pool based on 6 zones
Jan 20 04:12:31 debian named[540]: none:106: 'max-cache-size 90%' - setting to 888MB (out of 987MB)
Jan 20 04:12:31 debian avahi-daemon[344]: Joining mDNS multicast group on interface enp0s9.IPv6 with address fe80::a00:27ff:fe33:7523.
Jan 20 04:12:31 debian avahi-daemon[344]: New relevant interface enp0s9.IPv6 for mDNS.
Jan 20 04:12:31 debian avahi-daemon[344]: Registering new address record for fe80::a00:27ff:fe33:7523 on enp0s9.*.
Jan 20 04:12:31 debian named[540]: obtaining root key for view _default from '/etc/bind/bind.keys'
Jan 20 04:12:31 debian named[540]: set up managed keys zone for view _default, file 'managed-keys.bind'
Jan 20 04:12:31 debian named[540]: automatic empty zone: 10.IN-ADDR.ARPA
Jan 20 04:12:31 debian named[540]: automatic empty zone: 16.172.IN-ADDR.ARPA
Jan 20 04:12:31 debian named[540]: automatic empty zone: 17.172.IN-ADDR.ARPA
Jan 20 04:12:31 debian named[540]: automatic empty zone: 18.172.IN-ADDR.ARPA
Jan 20 04:12:31 debian named[540]: automatic empty zone: 19.172.IN-ADDR.ARPA
Jan 20 04:12:31 debian named[540]: automatic empty zone: 20.172.IN-ADDR.ARPA
Jan 20 04:12:31 debian named[540]: automatic empty zone: 21.172.IN-ADDR.ARPA
Jan 20 04:12:31 debian named[540]: automatic empty zone: 22.172.IN-ADDR.ARPA
Jan 20 04:12:31 debian named[540]: automatic empty zone: 23.172.IN-ADDR.ARPA
Jan 20 04:12:31 debian named[540]: automatic empty zone: 24.172.IN-ADDR.ARPA
Jan 20 04:12:31 debian named[540]: automatic empty zone: 25.172.IN-ADDR.ARPA
Jan 20 04:12:31 debian named[540]: automatic empty zone: 26.172.IN-ADDR.ARPA
Jan 20 04:12:31 debian named[540]: automatic empty zone: 27.172.IN-ADDR.ARPA
Jan 20 04:12:31 debian named[540]: automatic empty zone: 28.172.IN-ADDR.ARPA
Jan 20 04:12:31 debian named[540]: automatic empty zone: 29.172.IN-ADDR.ARPA
Jan 20 04:12:31 debian named[540]: automatic empty zone: 30.172.IN-ADDR.ARPA
Jan 20 04:12:31 debian named[540]: automatic empty zone: 31.172.IN-ADDR.ARPA
Jan 20 04:12:31 debian named[540]: automatic empty zone: 168.192.IN-ADDR.ARPA
Jan 20 04:12:31 debian named[540]: automatic empty zone: 64.100.IN-ADDR.ARPA
Jan 20 04:12:31 debian named[540]: automatic empty zone: 65.100.IN-ADDR.ARPA
Jan 20 04:12:31 debian named[540]: automatic empty zone: 66.100.IN-ADDR.ARPA
Jan 20 04:12:31 debian named[540]: automatic empty zone: 67.100.IN-ADDR.ARPA
Jan 20 04:12:31 debian named[540]: automatic empty zone: 68.100.IN-ADDR.ARPA
Jan 20 04:12:31 debian named[540]: automatic empty zone: 69.100.IN-ADDR.ARPA
Jan 20 04:12:31 debian named[540]: automatic empty zone: 70.100.IN-ADDR.ARPA
Jan 20 04:12:31 debian named[540]: automatic empty zone: 71.100.IN-ADDR.ARPA
Jan 20 04:12:31 debian named[540]: automatic empty zone: 72.100.IN-ADDR.ARPA
Jan 20 04:12:31 debian named[540]: automatic empty zone: 73.100.IN-ADDR.ARPA
Jan 20 04:12:31 debian named[540]: automatic empty zone: 74.100.IN-ADDR.ARPA
Jan 20 04:12:31 debian named[540]: automatic empty zone: 75.100.IN-ADDR.ARPA
Jan 20 04:12:31 debian named[540]: automatic empty zone: 76.100.IN-ADDR.ARPA
Jan 20 04:12:31 debian named[540]: automatic empty zone: 77.100.IN-ADDR.ARPA
Jan 20 04:12:31 debian named[540]: automatic empty zone: 78.100.IN-ADDR.ARPA
Jan 20 04:12:31 debian named[540]: automatic empty zone: 79.100.IN-ADDR.ARPA
Jan 20 04:12:31 debian named[540]: automatic empty zone: 80.100.IN-ADDR.ARPA
Jan 20 04:12:31 debian named[540]: automatic empty zone: 81.100.IN-ADDR.ARPA
Jan 20 04:12:31 debian named[540]: automatic empty zone: 82.100.IN-ADDR.ARPA
Jan 20 04:12:31 debian named[540]: automatic empty zone: 83.100.IN-ADDR.ARPA
Jan 20 04:12:31 debian named[540]: automatic empty zone: 84.100.IN-ADDR.ARPA
Jan 20 04:12:31 debian named[540]: automatic empty zone: 85.100.IN-ADDR.ARPA
Jan 20 04:12:31 debian named[540]: automatic empty zone: 86.100.IN-ADDR.ARPA
Jan 20 04:12:31 debian named[540]: automatic empty zone: 87.100.IN-ADDR.ARPA
Jan 20 04:12:31 debian named[540]: automatic empty zone: 88.100.IN-ADDR.ARPA
Jan 20 04:12:31 debian named[540]: automatic empty zone: 89.100.IN-ADDR.ARPA
Jan 20 04:12:31 debian named[540]: automatic empty zone: 90.100.IN-ADDR.ARPA
Jan 20 04:12:31 debian named[540]: automatic empty zone: 91.100.IN-ADDR.ARPA
Jan 20 04:12:31 debian named[540]: automatic empty zone: 92.100.IN-ADDR.ARPA
Jan 20 04:12:31 debian named[540]: automatic empty zone: 93.100.IN-ADDR.ARPA
Jan 20 04:12:31 debian named[540]: automatic empty zone: 94.100.IN-ADDR.ARPA
Jan 20 04:12:31 debian named[540]: automatic empty zone: 95.100.IN-ADDR.ARPA
Jan 20 04:12:31 debian named[540]: automatic empty zone: 96.100.IN-ADDR.ARPA
Jan 20 04:12:31 debian named[540]: automatic empty zone: 97.100.IN-ADDR.ARPA
Jan 20 04:12:31 debian named[540]: automatic empty zone: 98.100.IN-ADDR.ARPA
Jan 20 04:12:31 debian named[540]: automatic empty zone: 99.100.IN-ADDR.ARPA
Jan 20 04:12:31 debian named[540]: automatic empty zone: 100.100.IN-ADDR.ARPA
Jan 20 04:12:31 debian named[540]: automatic empty zone: 101.100.IN-ADDR.ARPA
Jan 20 04:12:31 debian named[540]: automatic empty zone: 102.100.IN-ADDR.ARPA
Jan 20 04:12:31 debian named[540]: automatic empty zone: 103.100.IN-ADDR.ARPA
Jan 20 04:12:31 debian named[540]: automatic empty zone: 104.100.IN-ADDR.ARPA
Jan 20 04:12:31 debian named[540]: automatic empty zone: 105.100.IN-ADDR.ARPA
Jan 20 04:12:31 debian named[540]: automatic empty zone: 106.100.IN-ADDR.ARPA
Jan 20 04:12:31 debian named[540]: automatic empty zone: 107.100.IN-ADDR.ARPA
Jan 20 04:12:31 debian named[540]: automatic empty zone: 108.100.IN-ADDR.ARPA
Jan 20 04:12:31 debian named[540]: automatic empty zone: 109.100.IN-ADDR.ARPA
Jan 20 04:12:31 debian named[540]: automatic empty zone: 110.100.IN-ADDR.ARPA
Jan 20 04:12:31 debian named[540]: automatic empty zone: 111.100.IN-ADDR.ARPA
Jan 20 04:12:31 debian named[540]: automatic empty zone: 112.100.IN-ADDR.ARPA
Jan 20 04:12:31 debian named[540]: automatic empty zone: 113.100.IN-ADDR.ARPA
Jan 20 04:12:31 debian named[540]: automatic empty zone: 114.100.IN-ADDR.ARPA
Jan 20 04:12:31 debian named[540]: automatic empty zone: 115.100.IN-ADDR.ARPA
Jan 20 04:12:31 debian named[540]: automatic empty zone: 116.100.IN-ADDR.ARPA
Jan 20 04:12:31 debian named[540]: automatic empty zone: 117.100.IN-ADDR.ARPA
Jan 20 04:12:31 debian named[540]: automatic empty zone: 118.100.IN-ADDR.ARPA
Jan 20 04:12:31 debian named[540]: automatic empty zone: 119.100.IN-ADDR.ARPA
Jan 20 04:12:31 debian named[540]: automatic empty zone: 120.100.IN-ADDR.ARPA
Jan 20 04:12:31 debian named[540]: automatic empty zone: 121.100.IN-ADDR.ARPA
Jan 20 04:12:31 debian named[540]: automatic empty zone: 122.100.IN-ADDR.ARPA
Jan 20 04:12:31 debian named[540]: automatic empty zone: 123.100.IN-ADDR.ARPA
Jan 20 04:12:31 debian named[540]: automatic empty zone: 124.100.IN-ADDR.ARPA
Jan 20 04:12:31 debian named[540]: automatic empty zone: 125.100.IN-ADDR.ARPA
Jan 20 04:12:31 debian named[540]: automatic empty zone: 126.100.IN-ADDR.ARPA
Jan 20 04:12:31 debian named[540]: automatic empty zone: 127.100.IN-ADDR.ARPA
Jan 20 04:12:31 debian named[540]: automatic empty zone: 254.169.IN-ADDR.ARPA
Jan 20 04:12:31 debian named[540]: automatic empty zone: 2.0.192.IN-ADDR.ARPA
Jan 20 04:12:31 debian named[540]: automatic empty zone: 100.51.198.IN-ADDR.ARPA
Jan 20 04:12:31 debian named[540]: automatic empty zone: 113.0.203.IN-ADDR.ARPA
Jan 20 04:12:31 debian named[540]: automatic empty zone: 255.255.255.255.IN-ADDR.ARPA
Jan 20 04:12:31 debian named[540]: automatic empty zone: 0.0.0.0.0.0.0.0.0.0.0.0.0.0.0.0.0.0.0.0.0.0.0.0.0.0.0.0.0.0.0.0.IP6.ARPA
Jan 20 04:12:31 debian named[540]: automatic empty zone: 1.0.0.0.0.0.0.0.0.0.0.0.0.0.0.0.0.0.0.0.0.0.0.0.0.0.0.0.0.0.0.0.IP6.ARPA
Jan 20 04:12:31 debian named[540]: automatic empty zone: D.F.IP6.ARPA
Jan 20 04:12:31 debian named[540]: automatic empty zone: 8.E.F.IP6.ARPA
Jan 20 04:12:31 debian named[540]: automatic empty zone: 9.E.F.IP6.ARPA
Jan 20 04:12:31 debian named[540]: automatic empty zone: A.E.F.IP6.ARPA
Jan 20 04:12:31 debian named[540]: automatic empty zone: B.E.F.IP6.ARPA
Jan 20 04:12:31 debian named[540]: automatic empty zone: 8.B.D.0.1.0.0.2.IP6.ARPA
Jan 20 04:12:31 debian named[540]: automatic empty zone: EMPTY.AS112.ARPA
Jan 20 04:12:31 debian named[540]: automatic empty zone: HOME.ARPA
Jan 20 04:12:31 debian named[540]: none:106: 'max-cache-size 90%' - setting to 888MB (out of 987MB)
Jan 20 04:12:31 debian named[540]: configuring command channel from '/etc/bind/rndc.key'
Jan 20 04:12:31 debian named[540]: command channel listening on 127.0.0.1#953
Jan 20 04:12:31 debian named[540]: configuring command channel from '/etc/bind/rndc.key'
Jan 20 04:12:31 debian named[540]: command channel listening on ::1#953
Jan 20 04:12:31 debian named[540]: managed-keys-zone: journal file is out of date: removing journal file
Jan 20 04:12:31 debian named[540]: managed-keys-zone: loaded serial 7
Jan 20 04:12:31 debian named[540]: zone 0.in-addr.arpa/IN: loaded serial 1
Jan 20 04:12:31 debian named[540]: zone localhost/IN: loaded serial 2
Jan 20 04:12:31 debian named[540]: zone 127.in-addr.arpa/IN: loaded serial 1
Jan 20 04:12:31 debian named[540]: zone ejemplo.com/IN: loaded serial 2
Jan 20 04:12:31 debian named[540]: zone 255.in-addr.arpa/IN: loaded serial 1
Jan 20 04:12:31 debian named[540]: all zones loaded
Jan 20 04:12:31 debian systemd[1]: Started BIND Domain Name Server.
Jan 20 04:12:31 debian named[540]: running
Jan 20 04:12:31 debian named[540]: zone ejemplo.com/IN: sending notifies (serial 2)
Jan 20 04:12:31 debian systemd[1]: Reached target Host and Network Name Lookups.
Jan 20 04:12:31 debian named[540]: network unreachable resolving './DNSKEY/IN': 2001:500:9f::42#53
Jan 20 04:12:31 debian named[540]: network unreachable resolving './NS/IN': 2001:500:9f::42#53
Jan 20 04:12:31 debian named[540]: network unreachable resolving './DNSKEY/IN': 2001:7fd::1#53
Jan 20 04:12:31 debian named[540]: network unreachable resolving './NS/IN': 2001:7fd::1#53
Jan 20 04:12:31 debian named[540]: network unreachable resolving './DNSKEY/IN': 2001:500:2f::f#53
Jan 20 04:12:31 debian named[540]: network unreachable resolving './NS/IN': 2001:500:2f::f#53
Jan 20 04:12:31 debian named[540]: network unreachable resolving './DNSKEY/IN': 2001:500:2d::d#53
Jan 20 04:12:31 debian named[540]: network unreachable resolving './NS/IN': 2001:500:2d::d#53
Jan 20 04:12:31 debian systemd[1]: Starting LSB: DHCP server...
Jan 20 04:12:31 debian named[540]: network unreachable resolving './DNSKEY/IN': 2001:500:2::c#53
Jan 20 04:12:31 debian named[540]: network unreachable resolving './NS/IN': 2001:500:2::c#53
Jan 20 04:12:31 debian named[540]: network unreachable resolving './DNSKEY/IN': 2001:503:c27::2:30#53
Jan 20 04:12:31 debian named[540]: network unreachable resolving './NS/IN': 2001:503:c27::2:30#53
Jan 20 04:12:31 debian named[540]: network unreachable resolving './DNSKEY/IN': 2001:503:ba3e::2:30#53
Jan 20 04:12:31 debian named[540]: network unreachable resolving './NS/IN': 2001:503:ba3e::2:30#53
Jan 20 04:12:31 debian named[540]: network unreachable resolving './DNSKEY/IN': 2001:500:12::d0d#53
Jan 20 04:12:31 debian named[540]: network unreachable resolving './NS/IN': 2001:500:12::d0d#53
Jan 20 04:12:31 debian named[540]: network unreachable resolving './DNSKEY/IN': 2001:7fe::53#53
Jan 20 04:12:31 debian named[540]: network unreachable resolving './NS/IN': 2001:7fe::53#53
Jan 20 04:12:31 debian named[540]: network unreachable resolving './DNSKEY/IN': 2001:500:200::b#53
Jan 20 04:12:31 debian named[540]: network unreachable resolving './NS/IN': 2001:500:200::b#53
Jan 20 04:12:31 debian named[540]: network unreachable resolving './DNSKEY/IN': 2001:dc3::35#53
Jan 20 04:12:31 debian named[540]: network unreachable resolving './NS/IN': 2001:dc3::35#53
Jan 20 04:12:31 debian named[540]: network unreachable resolving './DNSKEY/IN': 2001:500:a8::e#53
Jan 20 04:12:31 debian named[540]: network unreachable resolving './NS/IN': 2001:500:a8::e#53
Jan 20 04:12:31 debian named[540]: network unreachable resolving './DNSKEY/IN': 2001:500:1::53#53
Jan 20 04:12:31 debian named[540]: network unreachable resolving './NS/IN': 2001:500:1::53#53
Jan 20 04:12:31 debian named[540]: managed-keys-zone: Key 20326 for zone . acceptance timer complete: key now trusted
Jan 20 04:12:32 debian named[540]: resolver priming query complete
Jan 20 04:12:32 debian isc-dhcp-server[550]: Launching both IPv4 and IPv6 servers (please configure INTERFACES in /etc/default/isc-dhcp-server if you only want one or the other).
Jan 20 04:12:32 debian dhcpd[581]: Wrote 0 leases to leases file.
Jan 20 04:12:32 debian dhcpd[581]: 
Jan 20 04:12:32 debian dhcpd[581]: No subnet declaration for enp0s9 (192.168.83.10).
Jan 20 04:12:32 debian dhcpd[581]: ** Ignoring requests on enp0s9.  If this is not what
Jan 20 04:12:32 debian dhcpd[581]:    you want, please write a subnet declaration
Jan 20 04:12:32 debian dhcpd[581]:    in your dhcpd.conf file for the network segment
Jan 20 04:12:32 debian dhcpd[581]:    to which interface enp0s9 is attached. **
Jan 20 04:12:32 debian dhcpd[581]: 
Jan 20 04:12:32 debian dhcpd[581]: 
Jan 20 04:12:32 debian dhcpd[581]: No subnet declaration for enp0s8 (192.168.81.10).
Jan 20 04:12:32 debian dhcpd[581]: ** Ignoring requests on enp0s8.  If this is not what
Jan 20 04:12:32 debian dhcpd[581]:    you want, please write a subnet declaration
Jan 20 04:12:32 debian dhcpd[581]:    in your dhcpd.conf file for the network segment
Jan 20 04:12:32 debian dhcpd[581]:    to which interface enp0s8 is attached. **
Jan 20 04:12:32 debian dhcpd[581]: 
Jan 20 04:12:32 debian dhcpd[581]: 
Jan 20 04:12:32 debian dhcpd[581]: No subnet declaration for enp0s3 (10.0.2.15).
Jan 20 04:12:32 debian dhcpd[581]: ** Ignoring requests on enp0s3.  If this is not what
Jan 20 04:12:32 debian dhcpd[581]:    you want, please write a subnet declaration
Jan 20 04:12:32 debian dhcpd[581]:    in your dhcpd.conf file for the network segment
Jan 20 04:12:32 debian dhcpd[581]:    to which interface enp0s3 is attached. **
Jan 20 04:12:32 debian dhcpd[581]: 
Jan 20 04:12:32 debian dhcpd[581]: 
Jan 20 04:12:32 debian dhcpd[581]: Not configured to listen on any interfaces!
Jan 20 04:12:32 debian dhcpd[581]: 
Jan 20 04:12:32 debian dhcpd[581]: If you think you have received this message due to a bug rather
Jan 20 04:12:32 debian dhcpd[581]: than a configuration issue please read the section on submitting
Jan 20 04:12:32 debian dhcpd[581]: bugs on either our web page at www.isc.org or in the README file
Jan 20 04:12:32 debian dhcpd[581]: before submitting a bug.  These pages explain the proper
Jan 20 04:12:32 debian dhcpd[581]: process and the information we find helpful for debugging.
Jan 20 04:12:32 debian dhcpd[581]: 
Jan 20 04:12:32 debian dhcpd[581]: exiting.
Jan 20 04:12:34 debian isc-dhcp-server[550]: Starting ISC DHCPv4 server: dhcpdcheck syslog for diagnostics. ... failed!
Jan 20 04:12:34 debian isc-dhcp-server[550]:  failed!
Jan 20 04:12:34 debian systemd[1]: isc-dhcp-server.service: Control process exited, code=exited, status=1/FAILURE
Jan 20 04:12:34 debian systemd[1]: isc-dhcp-server.service: Failed with result 'exit-code'.
Jan 20 04:12:34 debian systemd[1]: Failed to start LSB: DHCP server.
Jan 20 04:12:34 debian systemd[1]: Reached target Multi-User System.
Jan 20 04:12:34 debian systemd[1]: Reached target Graphical Interface.
Jan 20 04:12:34 debian systemd[1]: Starting Update UTMP about System Runlevel Changes...
Jan 20 04:12:34 debian systemd[1]: systemd-update-utmp-runlevel.service: Succeeded.
Jan 20 04:12:34 debian systemd[1]: Started Update UTMP about System Runlevel Changes.
Jan 20 04:12:36 debian systemd[1]: apt-daily.service: Succeeded.
Jan 20 04:12:36 debian systemd[1]: Started Daily apt download activities.
Jan 20 04:12:37 debian systemd[1]: man-db.service: Succeeded.
Jan 20 04:12:37 debian systemd[1]: Started Daily man-db regeneration.
Jan 20 04:12:37 debian systemd[1]: Startup finished in 3.623s (kernel) + 15.320s (userspace) = 18.944s.
Jan 20 04:12:56 debian systemd-timesyncd[254]: Synchronized to time server for the first time 51.38.162.10:123 (2.debian.pool.ntp.org).
Jan 20 04:13:07 debian systemd[1]: Created slice User Slice of UID 1000.
Jan 20 04:13:07 debian systemd[1]: Starting User Runtime Directory /run/user/1000...
Jan 20 04:13:07 debian systemd[1]: Started User Runtime Directory /run/user/1000.
Jan 20 04:13:07 debian systemd[1]: Starting User Manager for UID 1000...
Jan 20 04:13:08 debian systemd[631]: Starting D-Bus User Message Bus Socket.
Jan 20 04:13:08 debian systemd[631]: Reached target Paths.
Jan 20 04:13:08 debian systemd[631]: Reached target Timers.
Jan 20 04:13:08 debian systemd[631]: Listening on D-Bus User Message Bus Socket.
Jan 20 04:13:08 debian systemd[631]: Reached target Sockets.
Jan 20 04:13:08 debian systemd[631]: Reached target Basic System.
Jan 20 04:13:08 debian systemd[1]: Started User Manager for UID 1000.
Jan 20 04:13:08 debian systemd[1]: Started Session 1 of user usuario.
Jan 20 04:13:08 debian systemd[631]: Reached target Default.
Jan 20 04:13:08 debian systemd[631]: Startup finished in 124ms.
Jan 20 04:17:01 debian CRON[642]: (root) CMD (   cd / && run-parts --report /etc/cron.hourly)
Jan 20 04:18:19 debian systemd[1]: Started Session 4 of user usuario.
Jan 20 04:27:14 debian systemd-modules-load[217]: Inserted module 'lp'
Jan 20 04:27:14 debian systemd-modules-load[217]: Inserted module 'ppdev'
Jan 20 04:27:14 debian systemd-modules-load[217]: Inserted module 'parport_pc'
Jan 20 04:27:14 debian systemd[1]: Starting Flush Journal to Persistent Storage...
Jan 20 04:27:14 debian systemd[1]: Started udev Kernel Device Manager.
Jan 20 04:27:14 debian systemd[1]: Started Flush Journal to Persistent Storage.
Jan 20 04:27:14 debian systemd[1]: Started Set the console keyboard layout.
Jan 20 04:27:14 debian systemd[1]: Reached target Local File Systems (Pre).
Jan 20 04:27:14 debian systemd[1]: Reached target Local File Systems.
Jan 20 04:27:14 debian systemd[1]: Starting Create Volatile Files and Directories...
Jan 20 04:27:14 debian systemd[1]: Starting Load AppArmor profiles...
Jan 20 04:27:14 debian systemd[1]: Starting Set console font and keymap...
Jan 20 04:27:14 debian systemd[1]: Condition check resulted in Commit a transient machine-id on disk being skipped.
Jan 20 04:27:14 debian systemd[1]: Condition check resulted in Mark the need to relabel after reboot being skipped.
Jan 20 04:27:14 debian systemd[1]: Started Set console font and keymap.
Jan 20 04:27:14 debian systemd[1]: Started Create Volatile Files and Directories.
Jan 20 04:27:14 debian systemd[1]: Starting Update UTMP about System Boot/Shutdown...
Jan 20 04:27:14 debian systemd[1]: Starting Network Time Synchronization...
Jan 20 04:27:14 debian apparmor.systemd[257]: Restarting AppArmor
Jan 20 04:27:14 debian apparmor.systemd[257]: Reloading AppArmor profiles
Jan 20 04:27:14 debian systemd[1]: Started Update UTMP about System Boot/Shutdown.
Jan 20 04:27:14 debian systemd-udevd[251]: Using default interface naming scheme 'v240'.
Jan 20 04:27:14 debian systemd-udevd[251]: link_config: autonegotiation is unset or enabled, the speed and duplex are not writable.
Jan 20 04:27:14 debian systemd-udevd[252]: Using default interface naming scheme 'v240'.
Jan 20 04:27:14 debian systemd-udevd[252]: link_config: autonegotiation is unset or enabled, the speed and duplex are not writable.
Jan 20 04:27:14 debian systemd-udevd[253]: Using default interface naming scheme 'v240'.
Jan 20 04:27:14 debian systemd-udevd[253]: link_config: autonegotiation is unset or enabled, the speed and duplex are not writable.
Jan 20 04:27:14 debian systemd[1]: Started Network Time Synchronization.
Jan 20 04:27:14 debian systemd[1]: Reached target System Time Synchronized.
Jan 20 04:27:14 debian systemd[1]: Started Load AppArmor profiles.
Jan 20 04:27:14 debian systemd-udevd[255]: link_config: autonegotiation is unset or enabled, the speed and duplex are not writable.
Jan 20 04:27:14 debian systemd[1]: Found device VBOX_HARDDISK 5.
Jan 20 04:27:14 debian systemd[1]: Activating swap /dev/disk/by-uuid/3ecaff2c-12c4-409a-8e81-3ccae7a5c9dd...
Jan 20 04:27:14 debian systemd[1]: Activated swap /dev/disk/by-uuid/3ecaff2c-12c4-409a-8e81-3ccae7a5c9dd.
Jan 20 04:27:14 debian systemd[1]: Reached target Swap.
Jan 20 04:27:14 debian systemd[1]: Reached target System Initialization.
Jan 20 04:27:14 debian systemd[1]: Started Daily Cleanup of Temporary Directories.
Jan 20 04:27:14 debian systemd[1]: Started Daily rotation of log files.
Jan 20 04:27:14 debian systemd[1]: Started CUPS Scheduler.
Jan 20 04:27:14 debian systemd[1]: Reached target Paths.
Jan 20 04:27:14 debian systemd[1]: Listening on CUPS Scheduler.
Jan 20 04:27:14 debian systemd[1]: Started Daily apt download activities.
Jan 20 04:27:14 debian systemd[1]: Started Daily apt upgrade and clean activities.
Jan 20 04:27:14 debian systemd[1]: Listening on Avahi mDNS/DNS-SD Stack Activation Socket.
Jan 20 04:27:14 debian systemd[1]: Started Daily man-db regeneration.
Jan 20 04:27:14 debian systemd[1]: Reached target Timers.
Jan 20 04:27:14 debian systemd[1]: Listening on D-Bus System Message Bus Socket.
Jan 20 04:27:14 debian systemd[1]: Reached target Sockets.
Jan 20 04:27:14 debian systemd[1]: Reached target Basic System.
Jan 20 04:27:14 debian systemd[1]: Starting System Logging Service...
Jan 20 04:27:14 debian systemd[1]: Started CUPS Scheduler.
Jan 20 04:27:14 debian systemd[1]: Condition check resulted in getty on tty2-tty6 if dbus and logind are not available being skipped.
Jan 20 04:27:14 debian systemd[1]: Starting Login Service...
Jan 20 04:27:14 debian systemd[1]: Started D-Bus System Message Bus.
Jan 20 04:27:14 debian systemd[1]: Starting Avahi mDNS/DNS-SD Stack...
Jan 20 04:27:14 debian systemd[1]: Started Regular background program processing daemon.
Jan 20 04:27:14 debian rsyslogd: imuxsock: Acquired UNIX socket '/run/systemd/journal/syslog' (fd 3) from systemd.  [v8.1901.0]
Jan 20 04:27:14 debian rsyslogd:  [origin software="rsyslogd" swVersion="8.1901.0" x-pid="348" x-info="https://www.rsyslog.com"] start
Jan 20 04:27:14 debian avahi-daemon[357]: Found user 'avahi' (UID 105) and group 'avahi' (GID 115).
Jan 20 04:27:14 debian cron[362]: (CRON) INFO (pidfile fd = 3)
Jan 20 04:27:14 debian kernel: [    0.000000] Linux version 4.19.0-13-amd64 (debian-kernel@lists.debian.org) (gcc version 8.3.0 (Debian 8.3.0-6)) #1 SMP Debian 4.19.160-2 (2020-11-28)
Jan 20 04:27:14 debian kernel: [    0.000000] Command line: BOOT_IMAGE=/boot/vmlinuz-4.19.0-13-amd64 root=UUID=b2134173-c79e-4a19-9967-b97e969e1c8e ro quiet
Jan 20 04:27:14 debian kernel: [    0.000000] x86/fpu: Supporting XSAVE feature 0x001: 'x87 floating point registers'
Jan 20 04:27:14 debian kernel: [    0.000000] x86/fpu: Supporting XSAVE feature 0x002: 'SSE registers'
Jan 20 04:27:14 debian kernel: [    0.000000] x86/fpu: Supporting XSAVE feature 0x004: 'AVX registers'
Jan 20 04:27:14 debian kernel: [    0.000000] x86/fpu: xstate_offset[2]:  576, xstate_sizes[2]:  256
Jan 20 04:27:14 debian kernel: [    0.000000] x86/fpu: Enabled xstate features 0x7, context size is 832 bytes, using 'standard' format.
Jan 20 04:27:14 debian kernel: [    0.000000] BIOS-provided physical RAM map:
Jan 20 04:27:14 debian kernel: [    0.000000] BIOS-e820: [mem 0x0000000000000000-0x000000000009fbff] usable
Jan 20 04:27:14 debian kernel: [    0.000000] BIOS-e820: [mem 0x000000000009fc00-0x000000000009ffff] reserved
Jan 20 04:27:14 debian kernel: [    0.000000] BIOS-e820: [mem 0x00000000000f0000-0x00000000000fffff] reserved
Jan 20 04:27:14 debian kernel: [    0.000000] BIOS-e820: [mem 0x0000000000100000-0x000000003ffeffff] usable
Jan 20 04:27:14 debian kernel: [    0.000000] BIOS-e820: [mem 0x000000003fff0000-0x000000003fffffff] ACPI data
Jan 20 04:27:14 debian kernel: [    0.000000] BIOS-e820: [mem 0x00000000fec00000-0x00000000fec00fff] reserved
Jan 20 04:27:14 debian kernel: [    0.000000] BIOS-e820: [mem 0x00000000fee00000-0x00000000fee00fff] reserved
Jan 20 04:27:14 debian kernel: [    0.000000] BIOS-e820: [mem 0x00000000fffc0000-0x00000000ffffffff] reserved
Jan 20 04:27:14 debian kernel: [    0.000000] NX (Execute Disable) protection: active
Jan 20 04:27:14 debian kernel: [    0.000000] SMBIOS 2.5 present.
Jan 20 04:27:14 debian kernel: [    0.000000] DMI: innotek GmbH VirtualBox/VirtualBox, BIOS VirtualBox 12/01/2006
Jan 20 04:27:14 debian kernel: [    0.000000] Hypervisor detected: KVM
Jan 20 04:27:14 debian kernel: [    0.000000] kvm-clock: Using msrs 4b564d01 and 4b564d00
Jan 20 04:27:14 debian kernel: [    0.000000] kvm-clock: cpu 0, msr 293eb001, primary cpu clock
Jan 20 04:27:14 debian kernel: [    0.000000] kvm-clock: using sched offset of 5301416908 cycles
Jan 20 04:27:14 debian kernel: [    0.000001] clocksource: kvm-clock: mask: 0xffffffffffffffff max_cycles: 0x1cd42e4dffb, max_idle_ns: 881590591483 ns
Jan 20 04:27:14 debian kernel: [    0.000003] tsc: Detected 2711.998 MHz processor
Jan 20 04:27:14 debian kernel: [    0.001359] e820: update [mem 0x00000000-0x00000fff] usable ==> reserved
Jan 20 04:27:14 debian kernel: [    0.001360] e820: remove [mem 0x000a0000-0x000fffff] usable
Jan 20 04:27:14 debian kernel: [    0.001363] last_pfn = 0x3fff0 max_arch_pfn = 0x400000000
Jan 20 04:27:14 debian kernel: [    0.001372] MTRR default type: uncachable
Jan 20 04:27:14 debian kernel: [    0.001373] MTRR variable ranges disabled:
Jan 20 04:27:14 debian kernel: [    0.001373] Disabled
Jan 20 04:27:14 debian kernel: [    0.001374] x86/PAT: MTRRs disabled, skipping PAT initialization too.
Jan 20 04:27:14 debian kernel: [    0.001376] CPU MTRRs all blank - virtualized system.
Jan 20 04:27:14 debian kernel: [    0.001378] x86/PAT: Configuration [0-7]: WB  WT  UC- UC  WB  WT  UC- UC  
Jan 20 04:27:14 debian kernel: [    0.001412] found SMP MP-table at [mem 0x0009fff0-0x0009ffff]
Jan 20 04:27:14 debian kernel: [    0.066904] RAMDISK: [mem 0x34e75000-0x36731fff]
Jan 20 04:27:14 debian kernel: [    0.066911] ACPI: Early table checksum verification disabled
Jan 20 04:27:14 debian kernel: [    0.066921] ACPI: RSDP 0x00000000000E0000 000024 (v02 VBOX  )
Jan 20 04:27:14 debian kernel: [    0.066924] ACPI: XSDT 0x000000003FFF0030 00003C (v01 VBOX   VBOXXSDT 00000001 ASL  00000061)
Jan 20 04:27:14 debian kernel: [    0.066928] ACPI: FACP 0x000000003FFF00F0 0000F4 (v04 VBOX   VBOXFACP 00000001 ASL  00000061)
Jan 20 04:27:14 debian kernel: [    0.066931] ACPI: DSDT 0x000000003FFF0470 002325 (v02 VBOX   VBOXBIOS 00000002 INTL 20190509)
Jan 20 04:27:14 debian kernel: [    0.066933] ACPI: FACS 0x000000003FFF0200 000040
Jan 20 04:27:14 debian kernel: [    0.066934] ACPI: FACS 0x000000003FFF0200 000040
Jan 20 04:27:14 debian kernel: [    0.066936] ACPI: APIC 0x000000003FFF0240 000054 (v02 VBOX   VBOXAPIC 00000001 ASL  00000061)
Jan 20 04:27:14 debian kernel: [    0.066937] ACPI: SSDT 0x000000003FFF02A0 0001CC (v01 VBOX   VBOXCPUT 00000002 INTL 20190509)
Jan 20 04:27:14 debian kernel: [    0.066943] ACPI: Local APIC address 0xfee00000
Jan 20 04:27:14 debian kernel: [    0.067139] No NUMA configuration found
Jan 20 04:27:14 debian kernel: [    0.067140] Faking a node at [mem 0x0000000000000000-0x000000003ffeffff]
Jan 20 04:27:14 debian kernel: [    0.067142] NODE_DATA(0) allocated [mem 0x3ffeb000-0x3ffeffff]
Jan 20 04:27:14 debian kernel: [    0.067156] Zone ranges:
Jan 20 04:27:14 debian kernel: [    0.067157]   DMA      [mem 0x0000000000001000-0x0000000000ffffff]
Jan 20 04:27:14 debian kernel: [    0.067157]   DMA32    [mem 0x0000000001000000-0x000000003ffeffff]
Jan 20 04:27:14 debian kernel: [    0.067158]   Normal   empty
Jan 20 04:27:14 debian kernel: [    0.067159]   Device   empty
Jan 20 04:27:14 debian kernel: [    0.067159] Movable zone start for each node
Jan 20 04:27:14 debian kernel: [    0.067160] Early memory node ranges
Jan 20 04:27:14 debian kernel: [    0.067160]   node   0: [mem 0x0000000000001000-0x000000000009efff]
Jan 20 04:27:14 debian kernel: [    0.067161]   node   0: [mem 0x0000000000100000-0x000000003ffeffff]
Jan 20 04:27:14 debian kernel: [    0.067163] Zeroed struct page in unavailable ranges: 114 pages
Jan 20 04:27:14 debian kernel: [    0.067164] Initmem setup node 0 [mem 0x0000000000001000-0x000000003ffeffff]
Jan 20 04:27:14 debian kernel: [    0.067165] On node 0 totalpages: 262030
Jan 20 04:27:14 debian kernel: [    0.067165]   DMA zone: 64 pages used for memmap
Jan 20 04:27:14 debian kernel: [    0.067166]   DMA zone: 21 pages reserved
Jan 20 04:27:14 debian kernel: [    0.067166]   DMA zone: 3998 pages, LIFO batch:0
Jan 20 04:27:14 debian kernel: [    0.067237]   DMA32 zone: 4032 pages used for memmap
Jan 20 04:27:14 debian kernel: [    0.067238]   DMA32 zone: 258032 pages, LIFO batch:63
Jan 20 04:27:14 debian kernel: [    0.071983] ACPI: PM-Timer IO Port: 0x4008
Jan 20 04:27:14 debian kernel: [    0.071984] ACPI: Local APIC address 0xfee00000
Jan 20 04:27:14 debian kernel: [    0.072026] IOAPIC[0]: apic_id 1, version 32, address 0xfec00000, GSI 0-23
Jan 20 04:27:14 debian kernel: [    0.072027] ACPI: INT_SRC_OVR (bus 0 bus_irq 0 global_irq 2 dfl dfl)
Jan 20 04:27:14 debian kernel: [    0.072028] ACPI: INT_SRC_OVR (bus 0 bus_irq 9 global_irq 9 low level)
Jan 20 04:27:14 debian kernel: [    0.072029] ACPI: IRQ0 used by override.
Jan 20 04:27:14 debian kernel: [    0.072030] ACPI: IRQ9 used by override.
Jan 20 04:27:14 debian kernel: [    0.072031] Using ACPI (MADT) for SMP configuration information
Jan 20 04:27:14 debian kernel: [    0.072035] smpboot: Allowing 1 CPUs, 0 hotplug CPUs
Jan 20 04:27:14 debian kernel: [    0.072049] PM: Registered nosave memory: [mem 0x00000000-0x00000fff]
Jan 20 04:27:14 debian kernel: [    0.072050] PM: Registered nosave memory: [mem 0x0009f000-0x0009ffff]
Jan 20 04:27:14 debian kernel: [    0.072050] PM: Registered nosave memory: [mem 0x000a0000-0x000effff]
Jan 20 04:27:14 debian kernel: [    0.072050] PM: Registered nosave memory: [mem 0x000f0000-0x000fffff]
Jan 20 04:27:14 debian kernel: [    0.072051] [mem 0x40000000-0xfebfffff] available for PCI devices
Jan 20 04:27:14 debian kernel: [    0.072052] Booting paravirtualized kernel on KVM
Jan 20 04:27:14 debian kernel: [    0.072054] clocksource: refined-jiffies: mask: 0xffffffff max_cycles: 0xffffffff, max_idle_ns: 7645519600211568 ns
Jan 20 04:27:14 debian kernel: [    0.148604] random: get_random_bytes called from start_kernel+0x93/0x52a with crng_init=0
Jan 20 04:27:14 debian kernel: [    0.148611] setup_percpu: NR_CPUS:512 nr_cpumask_bits:512 nr_cpu_ids:1 nr_node_ids:1
Jan 20 04:27:14 debian kernel: [    0.148700] percpu: Embedded 45 pages/cpu s144536 r8192 d31592 u2097152
Jan 20 04:27:14 debian kernel: [    0.148703] pcpu-alloc: s144536 r8192 d31592 u2097152 alloc=1*2097152
Jan 20 04:27:14 debian kernel: [    0.148704] pcpu-alloc: [0] 0 
Jan 20 04:27:14 debian kernel: [    0.148722] Built 1 zonelists, mobility grouping on.  Total pages: 257913
Jan 20 04:27:14 debian kernel: [    0.148723] Policy zone: DMA32
Jan 20 04:27:14 debian kernel: [    0.148724] Kernel command line: BOOT_IMAGE=/boot/vmlinuz-4.19.0-13-amd64 root=UUID=b2134173-c79e-4a19-9967-b97e969e1c8e ro quiet
Jan 20 04:27:14 debian kernel: [    0.148780] Calgary: detecting Calgary via BIOS EBDA area
Jan 20 04:27:14 debian kernel: [    0.148781] Calgary: Unable to locate Rio Grande table in EBDA - bailing!
Jan 20 04:27:14 debian kernel: [    0.151496] Memory: 981304K/1048120K available (10252K kernel code, 1242K rwdata, 3320K rodata, 1596K init, 2264K bss, 66816K reserved, 0K cma-reserved)
Jan 20 04:27:14 debian kernel: [    0.151573] SLUB: HWalign=64, Order=0-3, MinObjects=0, CPUs=1, Nodes=1
Jan 20 04:27:14 debian kernel: [    0.151579] Kernel/User page tables isolation: enabled
Jan 20 04:27:14 debian kernel: [    0.151611] ftrace: allocating 31960 entries in 125 pages
Jan 20 04:27:14 debian kernel: [    0.161726] rcu: Hierarchical RCU implementation.
Jan 20 04:27:14 debian kernel: [    0.161728] rcu: 	RCU restricting CPUs from NR_CPUS=512 to nr_cpu_ids=1.
Jan 20 04:27:14 debian kernel: [    0.161729] rcu: Adjusting geometry for rcu_fanout_leaf=16, nr_cpu_ids=1
Jan 20 04:27:14 debian kernel: [    0.164045] NR_IRQS: 33024, nr_irqs: 256, preallocated irqs: 16
Jan 20 04:27:14 debian kernel: [    0.171816] Console: colour VGA+ 80x25
Jan 20 04:27:14 debian kernel: [    0.171819] console [tty0] enabled
Jan 20 04:27:14 debian kernel: [    0.171832] ACPI: Core revision 20180810
Jan 20 04:27:14 debian kernel: [    0.171982] APIC: Switch to symmetric I/O mode setup
Jan 20 04:27:14 debian kernel: [    0.172205] x2apic enabled
Jan 20 04:27:14 debian kernel: [    0.172386] Switched APIC routing to physical x2apic.
Jan 20 04:27:14 debian kernel: [    0.173274] ..TIMER: vector=0x30 apic1=0 pin1=2 apic2=-1 pin2=-1
Jan 20 04:27:14 debian kernel: [    0.173292] clocksource: tsc-early: mask: 0xffffffffffffffff max_cycles: 0x27178451938, max_idle_ns: 440795251172 ns
Jan 20 04:27:14 debian kernel: [    0.173302] Calibrating delay loop (skipped) preset value.. 5423.99 BogoMIPS (lpj=10847992)
Jan 20 04:27:14 debian kernel: [    0.173303] pid_max: default: 32768 minimum: 301
Jan 20 04:27:14 debian kernel: [    0.173325] Security Framework initialized
Jan 20 04:27:14 debian kernel: [    0.173326] Yama: disabled by default; enable with sysctl kernel.yama.*
Jan 20 04:27:14 debian kernel: [    0.173338] AppArmor: AppArmor initialized
Jan 20 04:27:14 debian kernel: [    0.173451] Dentry cache hash table entries: 131072 (order: 8, 1048576 bytes)
Jan 20 04:27:14 debian kernel: [    0.173520] Inode-cache hash table entries: 65536 (order: 7, 524288 bytes)
Jan 20 04:27:14 debian kernel: [    0.173526] Mount-cache hash table entries: 2048 (order: 2, 16384 bytes)
Jan 20 04:27:14 debian kernel: [    0.173528] Mountpoint-cache hash table entries: 2048 (order: 2, 16384 bytes)
Jan 20 04:27:14 debian kernel: [    0.173751] process: using mwait in idle threads
Jan 20 04:27:14 debian kernel: [    0.173755] Last level iTLB entries: 4KB 128, 2MB 8, 4MB 8
Jan 20 04:27:14 debian kernel: [    0.173756] Last level dTLB entries: 4KB 64, 2MB 0, 4MB 0, 1GB 4
Jan 20 04:27:14 debian kernel: [    0.173757] Spectre V1 : Mitigation: usercopy/swapgs barriers and __user pointer sanitization
Jan 20 04:27:14 debian kernel: [    0.173758] Spectre V2 : Mitigation: Full generic retpoline
Jan 20 04:27:14 debian kernel: [    0.173758] Spectre V2 : Spectre v2 / SpectreRSB mitigation: Filling RSB on context switch
Jan 20 04:27:14 debian kernel: [    0.173759] Speculative Store Bypass: Vulnerable
Jan 20 04:27:14 debian kernel: [    0.173778] SRBDS: Unknown: Dependent on hypervisor status
Jan 20 04:27:14 debian kernel: [    0.173778] MDS: Mitigation: Clear CPU buffers
Jan 20 04:27:14 debian kernel: [    0.178403] Freeing SMP alternatives memory: 24K
Jan 20 04:27:14 debian kernel: [    0.289763] smpboot: CPU0: Intel(R) Core(TM) i5-7500T CPU @ 2.70GHz (family: 0x6, model: 0x9e, stepping: 0x9)
Jan 20 04:27:14 debian kernel: [    0.289847] Performance Events: unsupported p6 CPU model 158 no PMU driver, software events only.
Jan 20 04:27:14 debian kernel: [    0.289883] rcu: Hierarchical SRCU implementation.
Jan 20 04:27:14 debian kernel: [    0.290308] random: crng done (trusting CPU's manufacturer)
Jan 20 04:27:14 debian kernel: [    0.290320] NMI watchdog: Perf NMI watchdog permanently disabled
Jan 20 04:27:14 debian kernel: [    0.290362] smp: Bringing up secondary CPUs ...
Jan 20 04:27:14 debian kernel: [    0.290363] smp: Brought up 1 node, 1 CPU
Jan 20 04:27:14 debian kernel: [    0.290364] smpboot: Max logical packages: 1
Jan 20 04:27:14 debian kernel: [    0.290364] smpboot: Total of 1 processors activated (5423.99 BogoMIPS)
Jan 20 04:27:14 debian kernel: [    0.290456] devtmpfs: initialized
Jan 20 04:27:14 debian kernel: [    0.290492] x86/mm: Memory block size: 128MB
Jan 20 04:27:14 debian kernel: [    0.290637] clocksource: jiffies: mask: 0xffffffff max_cycles: 0xffffffff, max_idle_ns: 7645041785100000 ns
Jan 20 04:27:14 debian kernel: [    0.290640] futex hash table entries: 256 (order: 2, 16384 bytes)
Jan 20 04:27:14 debian kernel: [    0.290663] pinctrl core: initialized pinctrl subsystem
Jan 20 04:27:14 debian kernel: [    0.290757] NET: Registered protocol family 16
Jan 20 04:27:14 debian kernel: [    0.290801] audit: initializing netlink subsys (disabled)
Jan 20 04:27:14 debian kernel: [    0.290871] cpuidle: using governor ladder
Jan 20 04:27:14 debian kernel: [    0.290872] cpuidle: using governor menu
Jan 20 04:27:14 debian kernel: [    0.290894] ACPI: bus type PCI registered
Jan 20 04:27:14 debian kernel: [    0.290895] acpiphp: ACPI Hot Plug PCI Controller Driver version: 0.5
Jan 20 04:27:14 debian kernel: [    0.290963] PCI: Using configuration type 1 for base access
Jan 20 04:27:14 debian kernel: [    0.291417] audit: type=2000 audit(1611134834.949:1): state=initialized audit_enabled=0 res=1
Jan 20 04:27:14 debian kernel: [    0.291458] HugeTLB registered 2.00 MiB page size, pre-allocated 0 pages
Jan 20 04:27:14 debian kernel: [    0.291577] ACPI: Added _OSI(Module Device)
Jan 20 04:27:14 debian kernel: [    0.291578] ACPI: Added _OSI(Processor Device)
Jan 20 04:27:14 debian kernel: [    0.291578] ACPI: Added _OSI(3.0 _SCP Extensions)
Jan 20 04:27:14 debian kernel: [    0.291579] ACPI: Added _OSI(Processor Aggregator Device)
Jan 20 04:27:14 debian kernel: [    0.291580] ACPI: Added _OSI(Linux-Dell-Video)
Jan 20 04:27:14 debian kernel: [    0.291580] ACPI: Added _OSI(Linux-Lenovo-NV-HDMI-Audio)
Jan 20 04:27:14 debian kernel: [    0.292586] ACPI: 2 ACPI AML tables successfully acquired and loaded
Jan 20 04:27:14 debian kernel: [    0.293294] ACPI: Interpreter enabled
Jan 20 04:27:14 debian kernel: [    0.293294] ACPI: (supports S0 S5)
Jan 20 04:27:14 debian kernel: [    0.293294] ACPI: Using IOAPIC for interrupt routing
Jan 20 04:27:14 debian kernel: [    0.293294] PCI: Using host bridge windows from ACPI; if necessary, use "pci=nocrs" and report a bug
Jan 20 04:27:14 debian kernel: [    0.293294] ACPI: Enabled 2 GPEs in block 00 to 07
Jan 20 04:27:14 debian kernel: [    0.295900] ACPI: PCI Root Bridge [PCI0] (domain 0000 [bus 00-ff])
Jan 20 04:27:14 debian kernel: [    0.295903] acpi PNP0A03:00: _OSC: OS supports [ASPM ClockPM Segments MSI]
Jan 20 04:27:14 debian kernel: [    0.296117] acpi PNP0A03:00: _OSC: not requesting OS control; OS requires [ExtendedConfig ASPM ClockPM MSI]
Jan 20 04:27:14 debian kernel: [    0.296122] acpi PNP0A03:00: fail to add MMCONFIG information, can't access extended PCI configuration space under this bridge.
Jan 20 04:27:14 debian kernel: [    0.296344] PCI host bridge to bus 0000:00
Jan 20 04:27:14 debian kernel: [    0.296345] pci_bus 0000:00: root bus resource [io  0x0000-0x0cf7 window]
Jan 20 04:27:14 debian kernel: [    0.296346] pci_bus 0000:00: root bus resource [io  0x0d00-0xffff window]
Jan 20 04:27:14 debian kernel: [    0.296347] pci_bus 0000:00: root bus resource [mem 0x000a0000-0x000bffff window]
Jan 20 04:27:14 debian kernel: [    0.296348] pci_bus 0000:00: root bus resource [mem 0x40000000-0xfdffffff window]
Jan 20 04:27:14 debian kernel: [    0.296349] pci_bus 0000:00: root bus resource [bus 00-ff]
Jan 20 04:27:14 debian kernel: [    0.296378] pci 0000:00:00.0: [8086:1237] type 00 class 0x060000
Jan 20 04:27:14 debian kernel: [    0.296834] pci 0000:00:01.0: [8086:7000] type 00 class 0x060100
Jan 20 04:27:14 debian kernel: [    0.297335] pci 0000:00:01.1: [8086:7111] type 00 class 0x01018a
Jan 20 04:27:14 debian kernel: [    0.297593] pci 0000:00:01.1: reg 0x20: [io  0xd000-0xd00f]
Jan 20 04:27:14 debian kernel: [    0.297699] pci 0000:00:01.1: legacy IDE quirk: reg 0x10: [io  0x01f0-0x01f7]
Jan 20 04:27:14 debian kernel: [    0.297700] pci 0000:00:01.1: legacy IDE quirk: reg 0x14: [io  0x03f6]
Jan 20 04:27:14 debian kernel: [    0.297701] pci 0000:00:01.1: legacy IDE quirk: reg 0x18: [io  0x0170-0x0177]
Jan 20 04:27:14 debian kernel: [    0.297701] pci 0000:00:01.1: legacy IDE quirk: reg 0x1c: [io  0x0376]
Jan 20 04:27:14 debian kernel: [    0.297871] pci 0000:00:02.0: [15ad:0405] type 00 class 0x030000
Jan 20 04:27:14 debian kernel: [    0.298721] pci 0000:00:02.0: reg 0x10: [io  0xd010-0xd01f]
Jan 20 04:27:14 debian kernel: [    0.299370] pci 0000:00:02.0: reg 0x14: [mem 0xe0000000-0xe0ffffff pref]
Jan 20 04:27:14 debian kernel: [    0.299814] pci 0000:00:02.0: reg 0x18: [mem 0xf0000000-0xf01fffff]
Jan 20 04:27:14 debian kernel: [    0.301525] pci 0000:00:03.0: [8086:100e] type 00 class 0x020000
Jan 20 04:27:14 debian kernel: [    0.301819] pci 0000:00:03.0: reg 0x10: [mem 0xf0200000-0xf021ffff]
Jan 20 04:27:14 debian kernel: [    0.302242] pci 0000:00:03.0: reg 0x18: [io  0xd020-0xd027]
Jan 20 04:27:14 debian kernel: [    0.303394] pci 0000:00:04.0: [80ee:cafe] type 00 class 0x088000
Jan 20 04:27:14 debian kernel: [    0.303650] pci 0000:00:04.0: reg 0x10: [io  0xd040-0xd05f]
Jan 20 04:27:14 debian kernel: [    0.303860] pci 0000:00:04.0: reg 0x14: [mem 0xf0400000-0xf07fffff]
Jan 20 04:27:14 debian kernel: [    0.304068] pci 0000:00:04.0: reg 0x18: [mem 0xf0800000-0xf0803fff pref]
Jan 20 04:27:14 debian kernel: [    0.305099] pci 0000:00:05.0: [8086:2415] type 00 class 0x040100
Jan 20 04:27:14 debian kernel: [    0.305241] pci 0000:00:05.0: reg 0x10: [io  0xd100-0xd1ff]
Jan 20 04:27:14 debian kernel: [    0.305294] pci 0000:00:05.0: reg 0x14: [io  0xd200-0xd23f]
Jan 20 04:27:14 debian kernel: [    0.305663] pci 0000:00:06.0: [106b:003f] type 00 class 0x0c0310
Jan 20 04:27:14 debian kernel: [    0.305934] pci 0000:00:06.0: reg 0x10: [mem 0xf0804000-0xf0804fff]
Jan 20 04:27:14 debian kernel: [    0.307416] pci 0000:00:07.0: [8086:7113] type 00 class 0x068000
Jan 20 04:27:14 debian kernel: [    0.307698] pci 0000:00:07.0: quirk: [io  0x4000-0x403f] claimed by PIIX4 ACPI
Jan 20 04:27:14 debian kernel: [    0.307705] pci 0000:00:07.0: quirk: [io  0x4100-0x410f] claimed by PIIX4 SMB
Jan 20 04:27:14 debian kernel: [    0.307921] pci 0000:00:08.0: [8086:100e] type 00 class 0x020000
Jan 20 04:27:14 debian kernel: [    0.308206] pci 0000:00:08.0: reg 0x10: [mem 0xf0820000-0xf083ffff]
Jan 20 04:27:14 debian kernel: [    0.308655] pci 0000:00:08.0: reg 0x18: [io  0xd240-0xd247]
Jan 20 04:27:14 debian kernel: [    0.309928] pci 0000:00:09.0: [8086:100e] type 00 class 0x020000
Jan 20 04:27:14 debian kernel: [    0.310217] pci 0000:00:09.0: reg 0x10: [mem 0xf0840000-0xf085ffff]
Jan 20 04:27:14 debian kernel: [    0.310632] pci 0000:00:09.0: reg 0x18: [io  0xd248-0xd24f]
Jan 20 04:27:14 debian kernel: [    0.311804] pci 0000:00:0d.0: [8086:2829] type 00 class 0x010601
Jan 20 04:27:14 debian kernel: [    0.312078] pci 0000:00:0d.0: reg 0x10: [io  0xd250-0xd257]
Jan 20 04:27:14 debian kernel: [    0.312304] pci 0000:00:0d.0: reg 0x14: [io  0xd258-0xd25b]
Jan 20 04:27:14 debian kernel: [    0.312530] pci 0000:00:0d.0: reg 0x18: [io  0xd260-0xd267]
Jan 20 04:27:14 debian kernel: [    0.312741] pci 0000:00:0d.0: reg 0x1c: [io  0xd268-0xd26b]
Jan 20 04:27:14 debian kernel: [    0.312986] pci 0000:00:0d.0: reg 0x20: [io  0xd270-0xd27f]
Jan 20 04:27:14 debian kernel: [    0.313297] pci 0000:00:0d.0: reg 0x24: [mem 0xf0860000-0xf0861fff]
Jan 20 04:27:14 debian kernel: [    0.314613] ACPI: PCI Interrupt Link [LNKA] (IRQs 5 9 10 *11)
Jan 20 04:27:14 debian kernel: [    0.314757] ACPI: PCI Interrupt Link [LNKB] (IRQs 5 9 *10 11)
Jan 20 04:27:14 debian kernel: [    0.314813] ACPI: PCI Interrupt Link [LNKC] (IRQs 5 *9 10 11)
Jan 20 04:27:14 debian kernel: [    0.314869] ACPI: PCI Interrupt Link [LNKD] (IRQs 5 9 10 *11)
Jan 20 04:27:14 debian kernel: [    0.314990] pci 0000:00:02.0: vgaarb: setting as boot VGA device
Jan 20 04:27:14 debian kernel: [    0.314991] pci 0000:00:02.0: vgaarb: VGA device added: decodes=io+mem,owns=io+mem,locks=none
Jan 20 04:27:14 debian kernel: [    0.314993] pci 0000:00:02.0: vgaarb: bridge control possible
Jan 20 04:27:14 debian kernel: [    0.314993] vgaarb: loaded
Jan 20 04:27:14 debian kernel: [    0.315033] pps_core: LinuxPPS API ver. 1 registered
Jan 20 04:27:14 debian kernel: [    0.315034] pps_core: Software ver. 5.3.6 - Copyright 2005-2007 Rodolfo Giometti <giometti@linux.it>
Jan 20 04:27:14 debian kernel: [    0.315035] PTP clock support registered
Jan 20 04:27:14 debian kernel: [    0.315039] EDAC MC: Ver: 3.0.0
Jan 20 04:27:14 debian kernel: [    0.315255] PCI: Using ACPI for IRQ routing
Jan 20 04:27:14 debian kernel: [    0.315256] PCI: pci_cache_line_size set to 64 bytes
Jan 20 04:27:14 debian kernel: [    0.315411] e820: reserve RAM buffer [mem 0x0009fc00-0x0009ffff]
Jan 20 04:27:14 debian kernel: [    0.315412] e820: reserve RAM buffer [mem 0x3fff0000-0x3fffffff]
Jan 20 04:27:14 debian kernel: [    0.315518] clocksource: Switched to clocksource kvm-clock
Jan 20 04:27:14 debian kernel: [    0.319658] VFS: Disk quotas dquot_6.6.0
Jan 20 04:27:14 debian kernel: [    0.319668] VFS: Dquot-cache hash table entries: 512 (order 0, 4096 bytes)
Jan 20 04:27:14 debian kernel: [    0.319729] AppArmor: AppArmor Filesystem Enabled
Jan 20 04:27:14 debian kernel: [    0.319739] pnp: PnP ACPI init
Jan 20 04:27:14 debian kernel: [    0.319778] pnp 00:00: Plug and Play ACPI device, IDs PNP0303 (active)
Jan 20 04:27:14 debian kernel: [    0.319816] pnp 00:01: Plug and Play ACPI device, IDs PNP0f03 (active)
Jan 20 04:27:14 debian kernel: [    0.320216] pnp: PnP ACPI: found 2 devices
Jan 20 04:27:14 debian kernel: [    0.325372] clocksource: acpi_pm: mask: 0xffffff max_cycles: 0xffffff, max_idle_ns: 2085701024 ns
Jan 20 04:27:14 debian kernel: [    0.325379] pci_bus 0000:00: resource 4 [io  0x0000-0x0cf7 window]
Jan 20 04:27:14 debian kernel: [    0.325380] pci_bus 0000:00: resource 5 [io  0x0d00-0xffff window]
Jan 20 04:27:14 debian kernel: [    0.325381] pci_bus 0000:00: resource 6 [mem 0x000a0000-0x000bffff window]
Jan 20 04:27:14 debian kernel: [    0.325382] pci_bus 0000:00: resource 7 [mem 0x40000000-0xfdffffff window]
Jan 20 04:27:14 debian kernel: [    0.325413] NET: Registered protocol family 2
Jan 20 04:27:14 debian kernel: [    0.325500] tcp_listen_portaddr_hash hash table entries: 512 (order: 1, 8192 bytes)
Jan 20 04:27:14 debian kernel: [    0.325504] TCP established hash table entries: 8192 (order: 4, 65536 bytes)
Jan 20 04:27:14 debian kernel: [    0.325515] TCP bind hash table entries: 8192 (order: 5, 131072 bytes)
Jan 20 04:27:14 debian kernel: [    0.325530] TCP: Hash tables configured (established 8192 bind 8192)
Jan 20 04:27:14 debian kernel: [    0.325546] UDP hash table entries: 512 (order: 2, 16384 bytes)
Jan 20 04:27:14 debian kernel: [    0.325549] UDP-Lite hash table entries: 512 (order: 2, 16384 bytes)
Jan 20 04:27:14 debian kernel: [    0.325571] NET: Registered protocol family 1
Jan 20 04:27:14 debian kernel: [    0.325574] NET: Registered protocol family 44
Jan 20 04:27:14 debian kernel: [    0.325589] pci 0000:00:00.0: Limiting direct PCI/PCI transfers
Jan 20 04:27:14 debian kernel: [    0.325598] pci 0000:00:01.0: Activating ISA DMA hang workarounds
Jan 20 04:27:14 debian kernel: [    0.325636] pci 0000:00:02.0: Video device with shadowed ROM at [mem 0x000c0000-0x000dffff]
Jan 20 04:27:14 debian kernel: [    0.326486] PCI: CLS 0 bytes, default 64
Jan 20 04:27:14 debian kernel: [    0.326507] Unpacking initramfs...
Jan 20 04:27:14 debian kernel: [    0.666793] Freeing initrd memory: 25332K
Jan 20 04:27:14 debian kernel: [    0.666793] clocksource: tsc: mask: 0xffffffffffffffff max_cycles: 0x27178451938, max_idle_ns: 440795251172 ns
Jan 20 04:27:14 debian kernel: [    0.666793] platform rtc_cmos: registered platform RTC device (no PNP device found)
Jan 20 04:27:14 debian kernel: [    0.666793] Initialise system trusted keyrings
Jan 20 04:27:14 debian kernel: [    0.666793] Key type blacklist registered
Jan 20 04:27:14 debian kernel: [    0.666793] workingset: timestamp_bits=40 max_order=18 bucket_order=0
Jan 20 04:27:14 debian kernel: [    0.666793] zbud: loaded
Jan 20 04:27:14 debian kernel: [    0.778229] Key type asymmetric registered
Jan 20 04:27:14 debian kernel: [    0.778229] Asymmetric key parser 'x509' registered
Jan 20 04:27:14 debian kernel: [    0.778229] Block layer SCSI generic (bsg) driver version 0.4 loaded (major 247)
Jan 20 04:27:14 debian kernel: [    0.778229] io scheduler noop registered
Jan 20 04:27:14 debian kernel: [    0.778229] io scheduler deadline registered
Jan 20 04:27:14 debian kernel: [    0.778229] io scheduler cfq registered (default)
Jan 20 04:27:14 debian kernel: [    0.778229] io scheduler mq-deadline registered
Jan 20 04:27:14 debian kernel: [    0.778229] shpchp: Standard Hot Plug PCI Controller Driver version: 0.4
Jan 20 04:27:14 debian kernel: [    0.778229] Serial: 8250/16550 driver, 4 ports, IRQ sharing enabled
Jan 20 04:27:14 debian kernel: [    0.778229] Linux agpgart interface v0.103
Jan 20 04:27:14 debian kernel: [    0.779066] AMD IOMMUv2 driver by Joerg Roedel <jroedel@suse.de>
Jan 20 04:27:14 debian kernel: [    0.779067] AMD IOMMUv2 functionality not available on this system
Jan 20 04:27:14 debian kernel: [    0.779137] i8042: PNP: PS/2 Controller [PNP0303:PS2K,PNP0f03:PS2M] at 0x60,0x64 irq 1,12
Jan 20 04:27:14 debian kernel: [    0.779521] serio: i8042 KBD port at 0x60,0x64 irq 1
Jan 20 04:27:14 debian kernel: [    0.779539] serio: i8042 AUX port at 0x60,0x64 irq 12
Jan 20 04:27:14 debian kernel: [    0.779577] mousedev: PS/2 mouse device common for all mice
Jan 20 04:27:14 debian kernel: [    0.779756] input: AT Translated Set 2 keyboard as /devices/platform/i8042/serio0/input/input0
Jan 20 04:27:14 debian kernel: [    0.780078] rtc_cmos rtc_cmos: registered as rtc0
Jan 20 04:27:14 debian kernel: [    0.780087] rtc_cmos rtc_cmos: alarms up to one day, 114 bytes nvram
Jan 20 04:27:14 debian kernel: [    0.780095] ledtrig-cpu: registered to indicate activity on CPUs
Jan 20 04:27:14 debian kernel: [    0.780258] NET: Registered protocol family 10
Jan 20 04:27:14 debian kernel: [    0.784692] Segment Routing with IPv6
Jan 20 04:27:14 debian kernel: [    0.784707] mip6: Mobile IPv6
Jan 20 04:27:14 debian kernel: [    0.784708] NET: Registered protocol family 17
Jan 20 04:27:14 debian kernel: [    0.784723] mpls_gso: MPLS GSO support
Jan 20 04:27:14 debian kernel: [    0.784760] mce: Using 0 MCE banks
Jan 20 04:27:14 debian kernel: [    0.784771] sched_clock: Marking stable (772453222, 8935414)->(782719803, -1331167)
Jan 20 04:27:14 debian kernel: [    0.784849] registered taskstats version 1
Jan 20 04:27:14 debian kernel: [    0.784849] Loading compiled-in X.509 certificates
Jan 20 04:27:14 debian kernel: [    0.809495] Loaded X.509 cert 'Debian Secure Boot CA: 6ccece7e4c6c0d1f6149f3dd27dfcc5cbb419ea1'
Jan 20 04:27:14 debian kernel: [    0.809508] Loaded X.509 cert 'Debian Secure Boot Signer 2020: 00b55eb3b9'
Jan 20 04:27:14 debian kernel: [    0.809519] zswap: loaded using pool lzo/zbud
Jan 20 04:27:14 debian kernel: [    0.809560] AppArmor: AppArmor sha1 policy hashing enabled
Jan 20 04:27:14 debian kernel: [    0.809787] rtc_cmos rtc_cmos: setting system clock to 2021-01-20 09:27:11 UTC (1611134831)
Jan 20 04:27:14 debian kernel: [    0.810943] Freeing unused kernel image memory: 1596K
Jan 20 04:27:14 debian kernel: [    0.817626] Write protecting the kernel read-only data: 16384k
Jan 20 04:27:14 debian kernel: [    0.817893] Freeing unused kernel image memory: 2028K
Jan 20 04:27:14 debian kernel: [    0.817993] Freeing unused kernel image memory: 776K
Jan 20 04:27:14 debian kernel: [    0.823884] x86/mm: Checked W+X mappings: passed, no W+X pages found.
Jan 20 04:27:14 debian kernel: [    0.823885] x86/mm: Checking user space page tables
Jan 20 04:27:14 debian kernel: [    0.829831] x86/mm: Checked W+X mappings: passed, no W+X pages found.
Jan 20 04:27:14 debian kernel: [    0.829832] Run /init as init process
Jan 20 04:27:14 debian kernel: [    0.888665] e1000: Intel(R) PRO/1000 Network Driver - version 7.3.21-k8-NAPI
Jan 20 04:27:14 debian kernel: [    0.888666] e1000: Copyright (c) 1999-2006 Intel Corporation.
Jan 20 04:27:14 debian kernel: [    0.900265] piix4_smbus 0000:00:07.0: SMBus Host Controller at 0x4100, revision 0
Jan 20 04:27:14 debian kernel: [    0.916542] SCSI subsystem initialized
Jan 20 04:27:14 debian kernel: [    0.926118] cryptd: max_cpu_qlen set to 1000
Jan 20 04:27:14 debian kernel: [    0.935377] AVX2 version of gcm_enc/dec engaged.
Jan 20 04:27:14 debian kernel: [    0.935377] AES CTR mode by8 optimization enabled
Jan 20 04:27:14 debian kernel: [    0.964912] ACPI: bus type USB registered
Jan 20 04:27:14 debian kernel: [    0.965086] usbcore: registered new interface driver usbfs
Jan 20 04:27:14 debian kernel: [    0.965164] usbcore: registered new interface driver hub
Jan 20 04:27:14 debian kernel: [    0.965177] usbcore: registered new device driver usb
Jan 20 04:27:14 debian kernel: [    0.968433] ehci_hcd: USB 2.0 'Enhanced' Host Controller (EHCI) Driver
Jan 20 04:27:14 debian kernel: [    0.971471] ohci_hcd: USB 1.1 'Open' Host Controller (OHCI) Driver
Jan 20 04:27:14 debian kernel: [    0.972039] ehci-pci: EHCI PCI platform driver
Jan 20 04:27:14 debian kernel: [    0.972673] ohci-pci: OHCI PCI platform driver
Jan 20 04:27:14 debian kernel: [    0.973178] ohci-pci 0000:00:06.0: OHCI PCI host controller
Jan 20 04:27:14 debian kernel: [    0.973182] ohci-pci 0000:00:06.0: new USB bus registered, assigned bus number 1
Jan 20 04:27:14 debian kernel: [    0.973233] ohci-pci 0000:00:06.0: irq 22, io mem 0xf0804000
Jan 20 04:27:14 debian kernel: [    0.974964] libata version 3.00 loaded.
Jan 20 04:27:14 debian kernel: [    0.979129] ahci 0000:00:0d.0: version 3.0
Jan 20 04:27:14 debian kernel: [    0.983030] ata_piix 0000:00:01.1: version 2.13
Jan 20 04:27:14 debian kernel: [    0.983555] ahci 0000:00:0d.0: SSS flag set, parallel bus scan disabled
Jan 20 04:27:14 debian kernel: [    0.984021] ahci 0000:00:0d.0: AHCI 0001.0100 32 slots 1 ports 3 Gbps 0x1 impl SATA mode
Jan 20 04:27:14 debian kernel: [    0.984022] ahci 0000:00:0d.0: flags: 64bit ncq stag only ccc 
Jan 20 04:27:14 debian kernel: [    0.992636] scsi host0: ata_piix
Jan 20 04:27:14 debian kernel: [    0.997023] scsi host1: ahci
Jan 20 04:27:14 debian kernel: [    0.997136] ata3: SATA max UDMA/133 abar m8192@0xf0860000 port 0xf0860100 irq 21
Jan 20 04:27:14 debian kernel: [    1.001689] scsi host2: ata_piix
Jan 20 04:27:14 debian kernel: [    1.001719] ata1: PATA max UDMA/33 cmd 0x1f0 ctl 0x3f6 bmdma 0xd000 irq 14
Jan 20 04:27:14 debian kernel: [    1.001720] ata2: PATA max UDMA/33 cmd 0x170 ctl 0x376 bmdma 0xd008 irq 15
Jan 20 04:27:14 debian kernel: [    1.034418] usb usb1: New USB device found, idVendor=1d6b, idProduct=0001, bcdDevice= 4.19
Jan 20 04:27:14 debian kernel: [    1.034420] usb usb1: New USB device strings: Mfr=3, Product=2, SerialNumber=1
Jan 20 04:27:14 debian kernel: [    1.034421] usb usb1: Product: OHCI PCI host controller
Jan 20 04:27:14 debian kernel: [    1.034422] usb usb1: Manufacturer: Linux 4.19.0-13-amd64 ohci_hcd
Jan 20 04:27:14 debian kernel: [    1.034422] usb usb1: SerialNumber: 0000:00:06.0
Jan 20 04:27:14 debian kernel: [    1.034611] hub 1-0:1.0: USB hub found
Jan 20 04:27:14 debian kernel: [    1.034667] hub 1-0:1.0: 12 ports detected
Jan 20 04:27:14 debian kernel: [    1.154535] input: ImExPS/2 Generic Explorer Mouse as /devices/platform/i8042/serio1/input/input2
Jan 20 04:27:14 debian kernel: [    1.175348] ata2.00: ATAPI: VBOX CD-ROM, 1.0, max UDMA/133
Jan 20 04:27:14 debian kernel: [    1.314841] ata3: SATA link up 3.0 Gbps (SStatus 123 SControl 300)
Jan 20 04:27:14 debian kernel: [    1.314952] ata3.00: ATA-6: VBOX HARDDISK, 1.0, max UDMA/133
Jan 20 04:27:14 debian kernel: [    1.314953] ata3.00: 16777216 sectors, multi 128: LBA48 NCQ (depth 32)
Jan 20 04:27:14 debian kernel: [    1.315229] ata3.00: configured for UDMA/133
Jan 20 04:27:14 debian kernel: [    1.315316] scsi 1:0:0:0: Direct-Access     ATA      VBOX HARDDISK    1.0  PQ: 0 ANSI: 5
Jan 20 04:27:14 debian kernel: [    1.315852] scsi 2:0:0:0: CD-ROM            VBOX     CD-ROM           1.0  PQ: 0 ANSI: 5
Jan 20 04:27:14 debian kernel: [    1.322976] sd 1:0:0:0: [sda] 16777216 512-byte logical blocks: (8.59 GB/8.00 GiB)
Jan 20 04:27:14 debian kernel: [    1.322979] sd 1:0:0:0: [sda] Write Protect is off
Jan 20 04:27:14 debian kernel: [    1.322980] sd 1:0:0:0: [sda] Mode Sense: 00 3a 00 00
Jan 20 04:27:14 debian kernel: [    1.322984] sd 1:0:0:0: [sda] Write cache: enabled, read cache: enabled, doesn't support DPO or FUA
Jan 20 04:27:14 debian kernel: [    1.333756]  sda: sda1 sda2 < sda5 >
Jan 20 04:27:14 debian kernel: [    1.334080] sd 1:0:0:0: [sda] Attached SCSI disk
Jan 20 04:27:14 debian kernel: [    1.337708] e1000 0000:00:03.0 eth0: (PCI:33MHz:32-bit) 08:00:27:b3:95:26
Jan 20 04:27:14 debian kernel: [    1.337711] e1000 0000:00:03.0 eth0: Intel(R) PRO/1000 Network Connection
Jan 20 04:27:14 debian kernel: [    1.341953] sr 2:0:0:0: [sr0] scsi3-mmc drive: 32x/32x xa/form2 tray
Jan 20 04:27:14 debian kernel: [    1.341954] cdrom: Uniform CD-ROM driver Revision: 3.20
Jan 20 04:27:14 debian kernel: [    1.342170] sr 2:0:0:0: Attached scsi CD-ROM sr0
Jan 20 04:27:14 debian kernel: [    1.432304] usb 1-1: new full-speed USB device number 2 using ohci-pci
Jan 20 04:27:14 debian kernel: [    1.703744] e1000 0000:00:08.0 eth1: (PCI:33MHz:32-bit) 08:00:27:aa:3e:33
Jan 20 04:27:14 debian kernel: [    1.703748] e1000 0000:00:08.0 eth1: Intel(R) PRO/1000 Network Connection
Jan 20 04:27:14 debian kernel: [    1.733474] usb 1-1: New USB device found, idVendor=80ee, idProduct=0021, bcdDevice= 1.00
Jan 20 04:27:14 debian kernel: [    1.733477] usb 1-1: New USB device strings: Mfr=1, Product=3, SerialNumber=0
Jan 20 04:27:14 debian kernel: [    1.733478] usb 1-1: Product: USB Tablet
Jan 20 04:27:14 debian kernel: [    1.733480] usb 1-1: Manufacturer: VirtualBox
Jan 20 04:27:14 debian kernel: [    1.754927] hidraw: raw HID events driver (C) Jiri Kosina
Jan 20 04:27:14 debian kernel: [    1.777668] usbcore: registered new interface driver usbhid
Jan 20 04:27:14 debian kernel: [    1.777669] usbhid: USB HID core driver
Jan 20 04:27:14 debian kernel: [    1.779122] input: VirtualBox USB Tablet as /devices/pci0000:00/0000:00:06.0/usb1/1-1/1-1:1.0/0003:80EE:0021.0001/input/input3
Jan 20 04:27:14 debian kernel: [    1.779205] hid-generic 0003:80EE:0021.0001: input,hidraw0: USB HID v1.10 Mouse [VirtualBox USB Tablet] on usb-0000:00:06.0-1/input0
Jan 20 04:27:14 debian kernel: [    2.072888] e1000 0000:00:09.0 eth2: (PCI:33MHz:32-bit) 08:00:27:33:75:23
Jan 20 04:27:14 debian kernel: [    2.072890] e1000 0000:00:09.0 eth2: Intel(R) PRO/1000 Network Connection
Jan 20 04:27:14 debian kernel: [    2.073744] e1000 0000:00:09.0 enp0s9: renamed from eth2
Jan 20 04:27:14 debian kernel: [    2.074371] e1000 0000:00:08.0 enp0s8: renamed from eth1
Jan 20 04:27:14 debian kernel: [    2.076647] e1000 0000:00:03.0 enp0s3: renamed from eth0
Jan 20 04:27:14 debian kernel: [    2.107339] PM: Image not found (code -22)
Jan 20 04:27:14 debian kernel: [    2.979933] EXT4-fs (sda1): mounted filesystem with ordered data mode. Opts: (null)
Jan 20 04:27:14 debian kernel: [    3.276017] EXT4-fs (sda1): re-mounted. Opts: errors=remount-ro
Jan 20 04:27:14 debian kernel: [    3.279271] lp: driver loaded but no devices found
Jan 20 04:27:14 debian kernel: [    3.298878] ppdev: user-space parallel port driver
Jan 20 04:27:14 debian kernel: [    3.514479] input: Power Button as /devices/LNXSYSTM:00/LNXPWRBN:00/input/input4
Jan 20 04:27:14 debian kernel: [    3.515005] ACPI: Power Button [PWRF]
Jan 20 04:27:14 debian kernel: [    3.515478] input: Sleep Button as /devices/LNXSYSTM:00/LNXSLPBN:00/input/input5
Jan 20 04:27:14 debian kernel: [    3.515483] ACPI: Sleep Button [SLPF]
Jan 20 04:27:14 debian kernel: [    3.520198] ACPI: Video Device [GFX0] (multi-head: yes  rom: no  post: no)
Jan 20 04:27:14 debian kernel: [    3.520240] input: Video Bus as /devices/LNXSYSTM:00/LNXSYBUS:00/PNP0A03:00/LNXVIDEO:00/input/input6
Jan 20 04:27:14 debian kernel: [    3.521626] ACPI: AC Adapter [AC] (on-line)
Jan 20 04:27:14 debian kernel: [    3.589920] vboxguest: host-version: 6.1.16r140961 0x8000000f
Jan 20 04:27:14 debian kernel: [    3.590882] vbg_heartbeat_init: Setting up heartbeat to trigger every 2000 milliseconds
Jan 20 04:27:14 debian kernel: [    3.590961] input: VirtualBox mouse integration as /devices/pci0000:00/0000:00:04.0/input/input7
Jan 20 04:27:14 debian kernel: [    3.620110] vboxguest: misc device minor 58, IRQ 20, I/O port d040, MMIO at 0x00000000f0400000 (size 0x0000000000400000)
Jan 20 04:27:14 debian kernel: [    3.690978] audit: type=1400 audit(1611134834.376:2): apparmor="STATUS" operation="profile_load" profile="unconfined" name="nvidia_modprobe" pid=276 comm="apparmor_parser"
Jan 20 04:27:14 debian kernel: [    3.690980] audit: type=1400 audit(1611134834.376:3): apparmor="STATUS" operation="profile_load" profile="unconfined" name="nvidia_modprobe//kmod" pid=276 comm="apparmor_parser"
Jan 20 04:27:14 debian kernel: [    3.731049] sd 1:0:0:0: Attached scsi generic sg0 type 0
Jan 20 04:27:14 debian kernel: [    3.731122] sr 2:0:0:0: Attached scsi generic sg1 type 5
Jan 20 04:27:14 debian kernel: [    3.732549] audit: type=1400 audit(1611134834.408:4): apparmor="STATUS" operation="profile_load" profile="unconfined" name="/usr/sbin/named" pid=279 comm="apparmor_parser"
Jan 20 04:27:14 debian kernel: [    3.753788] audit: type=1400 audit(1611134834.428:5): apparmor="STATUS" operation="profile_load" profile="unconfined" name="/usr/sbin/cups-browsed" pid=280 comm="apparmor_parser"
Jan 20 04:27:14 debian kernel: [    3.778415] audit: type=1400 audit(1611134834.460:6): apparmor="STATUS" operation="profile_load" profile="unconfined" name="/usr/bin/man" pid=282 comm="apparmor_parser"
Jan 20 04:27:14 debian kernel: [    3.778417] audit: type=1400 audit(1611134834.460:7): apparmor="STATUS" operation="profile_load" profile="unconfined" name="man_filter" pid=282 comm="apparmor_parser"
Jan 20 04:27:14 debian kernel: [    3.778418] audit: type=1400 audit(1611134834.460:8): apparmor="STATUS" operation="profile_load" profile="unconfined" name="man_groff" pid=282 comm="apparmor_parser"
Jan 20 04:27:14 debian kernel: [    3.804595] audit: type=1400 audit(1611134834.492:9): apparmor="STATUS" operation="profile_load" profile="unconfined" name="/usr/lib/cups/backend/cups-pdf" pid=283 comm="apparmor_parser"
Jan 20 04:27:14 debian kernel: [    3.804597] audit: type=1400 audit(1611134834.492:10): apparmor="STATUS" operation="profile_load" profile="unconfined" name="/usr/sbin/cupsd" pid=283 comm="apparmor_parser"
Jan 20 04:27:14 debian kernel: [    3.822499] input: PC Speaker as /devices/platform/pcspkr/input/input8
Jan 20 04:27:14 debian kernel: [    3.879603] RAPL PMU: API unit is 2^-32 Joules, 5 fixed counters, 10737418240 ms ovfl timer
Jan 20 04:27:14 debian kernel: [    3.879604] RAPL PMU: hw unit of domain pp0-core 2^-0 Joules
Jan 20 04:27:14 debian kernel: [    3.879605] RAPL PMU: hw unit of domain package 2^-0 Joules
Jan 20 04:27:14 debian kernel: [    3.879605] RAPL PMU: hw unit of domain dram 2^-0 Joules
Jan 20 04:27:14 debian kernel: [    3.879606] RAPL PMU: hw unit of domain pp1-gpu 2^-0 Joules
Jan 20 04:27:14 debian kernel: [    3.879606] RAPL PMU: hw unit of domain psys 2^-0 Joules
Jan 20 04:27:14 debian kernel: [    3.936967] [drm] DMA map mode: Using physical TTM page addresses.
Jan 20 04:27:14 debian kernel: [    3.936998] [drm] Capabilities:
Jan 20 04:27:14 debian kernel: [    3.936998] [drm]   Cursor.
Jan 20 04:27:14 debian kernel: [    3.936999] [drm]   Cursor bypass 2.
Jan 20 04:27:14 debian kernel: [    3.936999] [drm]   Alpha cursor.
Jan 20 04:27:14 debian kernel: [    3.936999] [drm]   3D.
Jan 20 04:27:14 debian kernel: [    3.937000] [drm]   Extended Fifo.
Jan 20 04:27:14 debian kernel: [    3.937000] [drm]   Pitchlock.
Jan 20 04:27:14 debian kernel: [    3.937000] [drm]   Irq mask.
Jan 20 04:27:14 debian kernel: [    3.937000] [drm]   GMR.
Jan 20 04:27:14 debian kernel: [    3.937001] [drm]   Traces.
Jan 20 04:27:14 debian kernel: [    3.937001] [drm]   GMR2.
Jan 20 04:27:14 debian kernel: [    3.937001] [drm]   Screen Object 2.
Jan 20 04:27:14 debian kernel: [    3.937002] [drm] Max GMR ids is 8192
Jan 20 04:27:14 debian kernel: [    3.937002] [drm] Max number of GMR pages is 1048576
Jan 20 04:27:14 debian kernel: [    3.937003] [drm] Max dedicated hypervisor surface memory is 507904 kiB
Jan 20 04:27:14 debian kernel: [    3.937003] [drm] Maximum display memory size is 16384 kiB
Jan 20 04:27:14 debian kernel: [    3.937004] [drm] VRAM at 0xe0000000 size is 16384 kiB
Jan 20 04:27:14 debian kernel: [    3.937004] [drm] MMIO at 0xf0000000 size is 2048 kiB
Jan 20 04:27:14 debian kernel: [    3.937005] [drm] global init.
Jan 20 04:27:14 debian kernel: [    3.950115] [TTM] Zone  kernel: Available graphics memory: 505530 kiB
Jan 20 04:27:14 debian kernel: [    3.950116] [TTM] Initializing pool allocator
Jan 20 04:27:14 debian kernel: [    3.950120] [TTM] Initializing DMA pool allocator
Jan 20 04:27:14 debian kernel: [    3.953363] [drm] Supports vblank timestamp caching Rev 2 (21.10.2013).
Jan 20 04:27:14 debian kernel: [    3.953364] [drm] No driver support for vblank timestamp query.
Jan 20 04:27:14 debian kernel: [    3.954467] [drm] Screen Objects Display Unit initialized
Jan 20 04:27:14 debian kernel: [    3.954568] [drm] width 720
Jan 20 04:27:14 debian kernel: [    3.954575] [drm] height 400
Jan 20 04:27:14 debian kernel: [    3.954582] [drm] bpp 32
Jan 20 04:27:14 debian kernel: [    3.954703] [drm] Fifo max 0x00200000 min 0x00001000 cap 0x00000355
Jan 20 04:27:14 debian kernel: [    3.955406] [drm] DX: no.
Jan 20 04:27:14 debian kernel: [    3.955406] [drm] Atomic: yes.
Jan 20 04:27:14 debian kernel: [    3.955407] [drm] SM4_1: no.
Jan 20 04:27:14 debian kernel: [    3.955421] [drm:vmw_host_log [vmwgfx]] *ERROR* Failed to send host log message.
Jan 20 04:27:14 debian kernel: [    3.956061] [drm:vmw_host_log [vmwgfx]] *ERROR* Failed to send host log message.
Jan 20 04:27:14 debian kernel: [    3.984271] fbcon: svgadrmfb (fb0) is primary device
Jan 20 04:27:14 debian kernel: [    4.034193] Console: switching to colour frame buffer device 100x37
Jan 20 04:27:14 debian kernel: [    4.034969] [drm] Initialized vmwgfx 2.15.0 20180704 for 0000:00:02.0 on minor 0
Jan 20 04:27:14 debian kernel: [    4.129644] Adding 1046524k swap on /dev/sda5.  Priority:-2 extents:1 across:1046524k FS
Jan 20 04:27:14 debian cron[362]: (CRON) INFO (Running @reboot jobs)
Jan 20 04:27:14 debian systemd[1]: Started System Logging Service.
Jan 20 04:27:14 debian avahi-daemon[357]: Successfully dropped root privileges.
Jan 20 04:27:14 debian avahi-daemon[357]: avahi-daemon 0.7 starting up.
Jan 20 04:27:14 debian systemd[1]: Started Avahi mDNS/DNS-SD Stack.
Jan 20 04:27:14 debian systemd[1]: Started Make remote CUPS printers available locally.
Jan 20 04:27:14 debian avahi-daemon[357]: Successfully called chroot().
Jan 20 04:27:14 debian avahi-daemon[357]: Successfully dropped remaining capabilities.
Jan 20 04:27:14 debian avahi-daemon[357]: No service file found in /etc/avahi/services.
Jan 20 04:27:14 debian avahi-daemon[357]: Network interface enumeration completed.
Jan 20 04:27:14 debian avahi-daemon[357]: Server startup complete. Host name is debian1-pruebas.local. Local service cookie is 1217060788.
Jan 20 04:27:14 debian systemd[1]: Started Login Service.
Jan 20 04:27:15 debian kernel: [    4.335662] snd_intel8x0 0000:00:05.0: white list rate for 1028:0177 is 48000
Jan 20 04:27:15 debian systemd[1]: Started Helper to synchronize boot up for ifupdown.
Jan 20 04:27:15 debian systemd[1]: Starting Raise network interfaces...
Jan 20 04:27:15 debian systemd[1]: Reached target Sound Card.
Jan 20 04:27:15 debian dhclient[397]: Internet Systems Consortium DHCP Client 4.4.1
Jan 20 04:27:15 debian ifup[378]: Internet Systems Consortium DHCP Client 4.4.1
Jan 20 04:27:15 debian dhclient[397]: Copyright 2004-2018 Internet Systems Consortium.
Jan 20 04:27:15 debian ifup[378]: Copyright 2004-2018 Internet Systems Consortium.
Jan 20 04:27:15 debian dhclient[397]: All rights reserved.
Jan 20 04:27:15 debian ifup[378]: All rights reserved.
Jan 20 04:27:15 debian dhclient[397]: For info, please visit https://www.isc.org/software/dhcp/
Jan 20 04:27:15 debian ifup[378]: For info, please visit https://www.isc.org/software/dhcp/
Jan 20 04:27:15 debian dhclient[397]: 
Jan 20 04:27:15 debian kernel: [    4.388544] IPv6: ADDRCONF(NETDEV_UP): enp0s3: link is not ready
Jan 20 04:27:15 debian dhclient[397]: Listening on LPF/enp0s3/08:00:27:b3:95:26
Jan 20 04:27:15 debian ifup[378]: Listening on LPF/enp0s3/08:00:27:b3:95:26
Jan 20 04:27:15 debian ifup[378]: Sending on   LPF/enp0s3/08:00:27:b3:95:26
Jan 20 04:27:15 debian ifup[378]: Sending on   Socket/fallback
Jan 20 04:27:15 debian ifup[378]: DHCPREQUEST for 10.0.2.15 on enp0s3 to 255.255.255.255 port 67
Jan 20 04:27:15 debian dhclient[397]: Sending on   LPF/enp0s3/08:00:27:b3:95:26
Jan 20 04:27:15 debian dhclient[397]: Sending on   Socket/fallback
Jan 20 04:27:15 debian dhclient[397]: DHCPREQUEST for 10.0.2.15 on enp0s3 to 255.255.255.255 port 67
Jan 20 04:27:15 debian kernel: [    4.393732] e1000: enp0s3 NIC Link is Up 1000 Mbps Full Duplex, Flow Control: RX
Jan 20 04:27:15 debian kernel: [    4.393988] IPv6: ADDRCONF(NETDEV_CHANGE): enp0s3: link becomes ready
Jan 20 04:27:16 debian avahi-daemon[357]: Joining mDNS multicast group on interface enp0s3.IPv6 with address fe80::a00:27ff:feb3:9526.
Jan 20 04:27:16 debian avahi-daemon[357]: New relevant interface enp0s3.IPv6 for mDNS.
Jan 20 04:27:16 debian avahi-daemon[357]: Registering new address record for fe80::a00:27ff:feb3:9526 on enp0s3.*.
Jan 20 04:27:20 debian dhclient[397]: DHCPREQUEST for 10.0.2.15 on enp0s3 to 255.255.255.255 port 67
Jan 20 04:27:20 debian ifup[378]: DHCPREQUEST for 10.0.2.15 on enp0s3 to 255.255.255.255 port 67
Jan 20 04:27:20 debian ifup[378]: DHCPACK of 10.0.2.15 from 10.0.2.2
Jan 20 04:27:20 debian dhclient[397]: DHCPACK of 10.0.2.15 from 10.0.2.2
Jan 20 04:27:20 debian avahi-daemon[357]: Joining mDNS multicast group on interface enp0s3.IPv4 with address 10.0.2.15.
Jan 20 04:27:20 debian avahi-daemon[357]: New relevant interface enp0s3.IPv4 for mDNS.
Jan 20 04:27:20 debian avahi-daemon[357]: Registering new address record for 10.0.2.15 on enp0s3.IPv4.
Jan 20 04:27:20 debian dhclient[397]: bound to 10.0.2.15 -- renewal in 41437 seconds.
Jan 20 04:27:20 debian ifup[378]: bound to 10.0.2.15 -- renewal in 41437 seconds.
Jan 20 04:27:20 debian avahi-daemon[357]: Joining mDNS multicast group on interface enp0s8.IPv4 with address 192.168.81.10.
Jan 20 04:27:20 debian avahi-daemon[357]: New relevant interface enp0s8.IPv4 for mDNS.
Jan 20 04:27:20 debian avahi-daemon[357]: Registering new address record for 192.168.81.10 on enp0s8.IPv4.
Jan 20 04:27:20 debian kernel: [    9.781111] IPv6: ADDRCONF(NETDEV_UP): enp0s8: link is not ready
Jan 20 04:27:20 debian kernel: [    9.785833] e1000: enp0s8 NIC Link is Up 1000 Mbps Full Duplex, Flow Control: RX
Jan 20 04:27:20 debian kernel: [    9.786160] IPv6: ADDRCONF(NETDEV_CHANGE): enp0s8: link becomes ready
Jan 20 04:27:20 debian avahi-daemon[357]: Joining mDNS multicast group on interface enp0s9.IPv4 with address 192.168.83.10.
Jan 20 04:27:20 debian avahi-daemon[357]: New relevant interface enp0s9.IPv4 for mDNS.
Jan 20 04:27:20 debian avahi-daemon[357]: Registering new address record for 192.168.83.10 on enp0s9.IPv4.
Jan 20 04:27:20 debian kernel: [    9.883178] IPv6: ADDRCONF(NETDEV_UP): enp0s9: link is not ready
Jan 20 04:27:20 debian kernel: [    9.890014] e1000: enp0s9 NIC Link is Up 1000 Mbps Full Duplex, Flow Control: RX
Jan 20 04:27:20 debian kernel: [    9.890528] IPv6: ADDRCONF(NETDEV_CHANGE): enp0s9: link becomes ready
Jan 20 04:27:20 debian systemd[1]: Started Raise network interfaces.
Jan 20 04:27:20 debian systemd[1]: Reached target Network.
Jan 20 04:27:20 debian systemd[1]: Starting Permit User Sessions...
Jan 20 04:27:20 debian systemd[1]: Starting OpenBSD Secure Shell server...
Jan 20 04:27:20 debian systemd[1]: Starting BIND Domain Name Server...
Jan 20 04:27:20 debian systemd[1]: Reached target Network is Online.
Jan 20 04:27:20 debian systemd[1]: Started Permit User Sessions.
Jan 20 04:27:20 debian systemd[1]: Started Getty on tty1.
Jan 20 04:27:20 debian systemd[1]: Reached target Login Prompts.
Jan 20 04:27:20 debian named[522]: starting BIND 9.11.5-P4-5.1+deb10u2-Debian (Extended Support Version) <id:998753c>
Jan 20 04:27:20 debian named[522]: running on Linux x86_64 4.19.0-13-amd64 #1 SMP Debian 4.19.160-2 (2020-11-28)
Jan 20 04:27:20 debian named[522]: built with '--build=x86_64-linux-gnu' '--prefix=/usr' '--includedir=/usr/include' '--mandir=/usr/share/man' '--infodir=/usr/share/info' '--sysconfdir=/etc' '--localstatedir=/var' '--disable-silent-rules' '--libdir=/usr/lib/x86_64-linux-gnu' '--libexecdir=/usr/lib/x86_64-linux-gnu' '--disable-maintainer-mode' '--disable-dependency-tracking' '--libdir=/usr/lib/x86_64-linux-gnu' '--sysconfdir=/etc/bind' '--with-python=python3' '--localstatedir=/' '--enable-threads' '--enable-largefile' '--with-libtool' '--enable-shared' '--enable-static' '--with-gost=no' '--with-openssl=/usr' '--with-gssapi=/usr' '--with-libidn2' '--with-libjson=/usr' '--with-lmdb=/usr' '--with-gnu-ld' '--with-geoip=/usr' '--with-atf=no' '--enable-ipv6' '--enable-rrl' '--enable-filter-aaaa' '--enable-native-pkcs11' '--with-pkcs11=/usr/lib/softhsm/libsofthsm2.so' '--with-randomdev=/dev/urandom' '--enable-dnstap' 'build_alias=x86_64-linux-gnu' 'CFLAGS=-g -O2 -fdebug-prefix-map=/build/bind9-pbRECD/bind9-9.11.5.P4+dfsg=. -fstack-protector-strong -Wformat -Werror=format-security -fno-strict-aliasing -fno-delete-null-pointer-checks -DNO_VERSION_DATE -DDIG_SIGCHASE' 'LDFLAGS=-Wl,-z,relro -Wl,-z,now' 'CPPFLAGS=-Wdate-time -D_FORTIFY_SOURCE=2'
Jan 20 04:27:20 debian named[522]: running as: named -u bind
Jan 20 04:27:20 debian named[522]: compiled by GCC 8.3.0
Jan 20 04:27:20 debian named[522]: compiled with OpenSSL version: OpenSSL 1.1.1d  10 Sep 2019
Jan 20 04:27:20 debian named[522]: linked to OpenSSL version: OpenSSL 1.1.1d  10 Sep 2019
Jan 20 04:27:20 debian named[522]: compiled with libxml2 version: 2.9.4
Jan 20 04:27:20 debian named[522]: linked to libxml2 version: 20904
Jan 20 04:27:20 debian named[522]: compiled with libjson-c version: 0.12.1
Jan 20 04:27:20 debian named[522]: linked to libjson-c version: 0.12.1
Jan 20 04:27:20 debian named[522]: threads support is enabled
Jan 20 04:27:20 debian named[522]: ----------------------------------------------------
Jan 20 04:27:20 debian named[522]: BIND 9 is maintained by Internet Systems Consortium,
Jan 20 04:27:20 debian named[522]: Inc. (ISC), a non-profit 501(c)(3) public-benefit 
Jan 20 04:27:20 debian named[522]: corporation.  Support and training for BIND 9 are 
Jan 20 04:27:20 debian named[522]: available at https://www.isc.org/support
Jan 20 04:27:20 debian named[522]: ----------------------------------------------------
Jan 20 04:27:20 debian named[522]: adjusted limit on open files from 524288 to 1048576
Jan 20 04:27:20 debian named[522]: found 1 CPU, using 1 worker thread
Jan 20 04:27:20 debian named[522]: using 1 UDP listener per interface
Jan 20 04:27:20 debian named[522]: using up to 4096 sockets
Jan 20 04:27:20 debian systemd[1]: Started OpenBSD Secure Shell server.
Jan 20 04:27:20 debian named[522]: loading configuration from '/etc/bind/named.conf'
Jan 20 04:27:20 debian named[522]: reading built-in trust anchors from file '/etc/bind/bind.keys'
Jan 20 04:27:20 debian named[522]: initializing GeoIP Country (IPv4) (type 1) DB
Jan 20 04:27:20 debian named[522]: GEO-106FREE 20181108 Build
Jan 20 04:27:20 debian named[522]: initializing GeoIP Country (IPv6) (type 12) DB
Jan 20 04:27:20 debian named[522]: GEO-106FREE 20181108 Build
Jan 20 04:27:20 debian named[522]: GeoIP City (IPv4) (type 2) DB not available
Jan 20 04:27:20 debian named[522]: GeoIP City (IPv4) (type 6) DB not available
Jan 20 04:27:20 debian named[522]: GeoIP City (IPv6) (type 30) DB not available
Jan 20 04:27:20 debian named[522]: GeoIP City (IPv6) (type 31) DB not available
Jan 20 04:27:20 debian named[522]: GeoIP Region (type 3) DB not available
Jan 20 04:27:20 debian named[522]: GeoIP Region (type 7) DB not available
Jan 20 04:27:20 debian named[522]: GeoIP ISP (type 4) DB not available
Jan 20 04:27:20 debian named[522]: GeoIP Org (type 5) DB not available
Jan 20 04:27:20 debian named[522]: GeoIP AS (type 9) DB not available
Jan 20 04:27:20 debian named[522]: GeoIP Domain (type 11) DB not available
Jan 20 04:27:20 debian named[522]: GeoIP NetSpeed (type 10) DB not available
Jan 20 04:27:20 debian named[522]: using default UDP/IPv4 port range: [32768, 60999]
Jan 20 04:27:20 debian named[522]: using default UDP/IPv6 port range: [32768, 60999]
Jan 20 04:27:20 debian named[522]: listening on IPv6 interfaces, port 53
Jan 20 04:27:20 debian named[522]: listening on IPv4 interface lo, 127.0.0.1#53
Jan 20 04:27:20 debian named[522]: listening on IPv4 interface enp0s3, 10.0.2.15#53
Jan 20 04:27:20 debian named[522]: listening on IPv4 interface enp0s8, 192.168.81.10#53
Jan 20 04:27:20 debian named[522]: listening on IPv4 interface enp0s9, 192.168.83.10#53
Jan 20 04:27:20 debian named[522]: generating session key for dynamic DNS
Jan 20 04:27:20 debian named[522]: sizing zone task pool based on 6 zones
Jan 20 04:27:20 debian named[522]: none:106: 'max-cache-size 90%' - setting to 888MB (out of 987MB)
Jan 20 04:27:20 debian named[522]: obtaining root key for view _default from '/etc/bind/bind.keys'
Jan 20 04:27:20 debian named[522]: set up managed keys zone for view _default, file 'managed-keys.bind'
Jan 20 04:27:20 debian named[522]: automatic empty zone: 10.IN-ADDR.ARPA
Jan 20 04:27:20 debian named[522]: automatic empty zone: 16.172.IN-ADDR.ARPA
Jan 20 04:27:20 debian named[522]: automatic empty zone: 17.172.IN-ADDR.ARPA
Jan 20 04:27:20 debian named[522]: automatic empty zone: 18.172.IN-ADDR.ARPA
Jan 20 04:27:20 debian named[522]: automatic empty zone: 19.172.IN-ADDR.ARPA
Jan 20 04:27:20 debian named[522]: automatic empty zone: 20.172.IN-ADDR.ARPA
Jan 20 04:27:20 debian named[522]: automatic empty zone: 21.172.IN-ADDR.ARPA
Jan 20 04:27:20 debian named[522]: automatic empty zone: 22.172.IN-ADDR.ARPA
Jan 20 04:27:20 debian named[522]: automatic empty zone: 23.172.IN-ADDR.ARPA
Jan 20 04:27:20 debian named[522]: automatic empty zone: 24.172.IN-ADDR.ARPA
Jan 20 04:27:20 debian named[522]: automatic empty zone: 25.172.IN-ADDR.ARPA
Jan 20 04:27:20 debian named[522]: automatic empty zone: 26.172.IN-ADDR.ARPA
Jan 20 04:27:20 debian named[522]: automatic empty zone: 27.172.IN-ADDR.ARPA
Jan 20 04:27:20 debian named[522]: automatic empty zone: 28.172.IN-ADDR.ARPA
Jan 20 04:27:20 debian named[522]: automatic empty zone: 29.172.IN-ADDR.ARPA
Jan 20 04:27:20 debian named[522]: automatic empty zone: 30.172.IN-ADDR.ARPA
Jan 20 04:27:20 debian named[522]: automatic empty zone: 31.172.IN-ADDR.ARPA
Jan 20 04:27:20 debian named[522]: automatic empty zone: 168.192.IN-ADDR.ARPA
Jan 20 04:27:20 debian named[522]: automatic empty zone: 64.100.IN-ADDR.ARPA
Jan 20 04:27:20 debian named[522]: automatic empty zone: 65.100.IN-ADDR.ARPA
Jan 20 04:27:20 debian named[522]: automatic empty zone: 66.100.IN-ADDR.ARPA
Jan 20 04:27:20 debian named[522]: automatic empty zone: 67.100.IN-ADDR.ARPA
Jan 20 04:27:20 debian named[522]: automatic empty zone: 68.100.IN-ADDR.ARPA
Jan 20 04:27:20 debian named[522]: automatic empty zone: 69.100.IN-ADDR.ARPA
Jan 20 04:27:20 debian named[522]: automatic empty zone: 70.100.IN-ADDR.ARPA
Jan 20 04:27:20 debian named[522]: automatic empty zone: 71.100.IN-ADDR.ARPA
Jan 20 04:27:20 debian named[522]: automatic empty zone: 72.100.IN-ADDR.ARPA
Jan 20 04:27:20 debian named[522]: automatic empty zone: 73.100.IN-ADDR.ARPA
Jan 20 04:27:20 debian named[522]: automatic empty zone: 74.100.IN-ADDR.ARPA
Jan 20 04:27:20 debian named[522]: automatic empty zone: 75.100.IN-ADDR.ARPA
Jan 20 04:27:20 debian named[522]: automatic empty zone: 76.100.IN-ADDR.ARPA
Jan 20 04:27:20 debian named[522]: automatic empty zone: 77.100.IN-ADDR.ARPA
Jan 20 04:27:20 debian named[522]: automatic empty zone: 78.100.IN-ADDR.ARPA
Jan 20 04:27:20 debian named[522]: automatic empty zone: 79.100.IN-ADDR.ARPA
Jan 20 04:27:20 debian named[522]: automatic empty zone: 80.100.IN-ADDR.ARPA
Jan 20 04:27:20 debian named[522]: automatic empty zone: 81.100.IN-ADDR.ARPA
Jan 20 04:27:20 debian named[522]: automatic empty zone: 82.100.IN-ADDR.ARPA
Jan 20 04:27:20 debian named[522]: automatic empty zone: 83.100.IN-ADDR.ARPA
Jan 20 04:27:20 debian named[522]: automatic empty zone: 84.100.IN-ADDR.ARPA
Jan 20 04:27:20 debian named[522]: automatic empty zone: 85.100.IN-ADDR.ARPA
Jan 20 04:27:20 debian named[522]: automatic empty zone: 86.100.IN-ADDR.ARPA
Jan 20 04:27:20 debian named[522]: automatic empty zone: 87.100.IN-ADDR.ARPA
Jan 20 04:27:20 debian named[522]: automatic empty zone: 88.100.IN-ADDR.ARPA
Jan 20 04:27:20 debian named[522]: automatic empty zone: 89.100.IN-ADDR.ARPA
Jan 20 04:27:20 debian named[522]: automatic empty zone: 90.100.IN-ADDR.ARPA
Jan 20 04:27:20 debian named[522]: automatic empty zone: 91.100.IN-ADDR.ARPA
Jan 20 04:27:20 debian named[522]: automatic empty zone: 92.100.IN-ADDR.ARPA
Jan 20 04:27:20 debian named[522]: automatic empty zone: 93.100.IN-ADDR.ARPA
Jan 20 04:27:20 debian named[522]: automatic empty zone: 94.100.IN-ADDR.ARPA
Jan 20 04:27:20 debian named[522]: automatic empty zone: 95.100.IN-ADDR.ARPA
Jan 20 04:27:20 debian named[522]: automatic empty zone: 96.100.IN-ADDR.ARPA
Jan 20 04:27:20 debian named[522]: automatic empty zone: 97.100.IN-ADDR.ARPA
Jan 20 04:27:20 debian named[522]: automatic empty zone: 98.100.IN-ADDR.ARPA
Jan 20 04:27:20 debian named[522]: automatic empty zone: 99.100.IN-ADDR.ARPA
Jan 20 04:27:20 debian named[522]: automatic empty zone: 100.100.IN-ADDR.ARPA
Jan 20 04:27:20 debian named[522]: automatic empty zone: 101.100.IN-ADDR.ARPA
Jan 20 04:27:20 debian named[522]: automatic empty zone: 102.100.IN-ADDR.ARPA
Jan 20 04:27:20 debian named[522]: automatic empty zone: 103.100.IN-ADDR.ARPA
Jan 20 04:27:20 debian named[522]: automatic empty zone: 104.100.IN-ADDR.ARPA
Jan 20 04:27:20 debian named[522]: automatic empty zone: 105.100.IN-ADDR.ARPA
Jan 20 04:27:20 debian named[522]: automatic empty zone: 106.100.IN-ADDR.ARPA
Jan 20 04:27:20 debian named[522]: automatic empty zone: 107.100.IN-ADDR.ARPA
Jan 20 04:27:20 debian named[522]: automatic empty zone: 108.100.IN-ADDR.ARPA
Jan 20 04:27:20 debian named[522]: automatic empty zone: 109.100.IN-ADDR.ARPA
Jan 20 04:27:20 debian named[522]: automatic empty zone: 110.100.IN-ADDR.ARPA
Jan 20 04:27:20 debian named[522]: automatic empty zone: 111.100.IN-ADDR.ARPA
Jan 20 04:27:20 debian named[522]: automatic empty zone: 112.100.IN-ADDR.ARPA
Jan 20 04:27:20 debian named[522]: automatic empty zone: 113.100.IN-ADDR.ARPA
Jan 20 04:27:20 debian named[522]: automatic empty zone: 114.100.IN-ADDR.ARPA
Jan 20 04:27:20 debian named[522]: automatic empty zone: 115.100.IN-ADDR.ARPA
Jan 20 04:27:20 debian named[522]: automatic empty zone: 116.100.IN-ADDR.ARPA
Jan 20 04:27:20 debian named[522]: automatic empty zone: 117.100.IN-ADDR.ARPA
Jan 20 04:27:20 debian named[522]: automatic empty zone: 118.100.IN-ADDR.ARPA
Jan 20 04:27:20 debian named[522]: automatic empty zone: 119.100.IN-ADDR.ARPA
Jan 20 04:27:20 debian named[522]: automatic empty zone: 120.100.IN-ADDR.ARPA
Jan 20 04:27:20 debian named[522]: automatic empty zone: 121.100.IN-ADDR.ARPA
Jan 20 04:27:20 debian named[522]: automatic empty zone: 122.100.IN-ADDR.ARPA
Jan 20 04:27:20 debian named[522]: automatic empty zone: 123.100.IN-ADDR.ARPA
Jan 20 04:27:20 debian named[522]: automatic empty zone: 124.100.IN-ADDR.ARPA
Jan 20 04:27:20 debian named[522]: automatic empty zone: 125.100.IN-ADDR.ARPA
Jan 20 04:27:20 debian named[522]: automatic empty zone: 126.100.IN-ADDR.ARPA
Jan 20 04:27:20 debian named[522]: automatic empty zone: 127.100.IN-ADDR.ARPA
Jan 20 04:27:20 debian named[522]: automatic empty zone: 254.169.IN-ADDR.ARPA
Jan 20 04:27:20 debian named[522]: automatic empty zone: 2.0.192.IN-ADDR.ARPA
Jan 20 04:27:20 debian named[522]: automatic empty zone: 100.51.198.IN-ADDR.ARPA
Jan 20 04:27:20 debian named[522]: automatic empty zone: 113.0.203.IN-ADDR.ARPA
Jan 20 04:27:20 debian named[522]: automatic empty zone: 255.255.255.255.IN-ADDR.ARPA
Jan 20 04:27:20 debian named[522]: automatic empty zone: 0.0.0.0.0.0.0.0.0.0.0.0.0.0.0.0.0.0.0.0.0.0.0.0.0.0.0.0.0.0.0.0.IP6.ARPA
Jan 20 04:27:20 debian named[522]: automatic empty zone: 1.0.0.0.0.0.0.0.0.0.0.0.0.0.0.0.0.0.0.0.0.0.0.0.0.0.0.0.0.0.0.0.IP6.ARPA
Jan 20 04:27:20 debian named[522]: automatic empty zone: D.F.IP6.ARPA
Jan 20 04:27:20 debian named[522]: automatic empty zone: 8.E.F.IP6.ARPA
Jan 20 04:27:20 debian named[522]: automatic empty zone: 9.E.F.IP6.ARPA
Jan 20 04:27:20 debian named[522]: automatic empty zone: A.E.F.IP6.ARPA
Jan 20 04:27:20 debian named[522]: automatic empty zone: B.E.F.IP6.ARPA
Jan 20 04:27:20 debian named[522]: automatic empty zone: 8.B.D.0.1.0.0.2.IP6.ARPA
Jan 20 04:27:20 debian named[522]: automatic empty zone: EMPTY.AS112.ARPA
Jan 20 04:27:20 debian named[522]: automatic empty zone: HOME.ARPA
Jan 20 04:27:20 debian named[522]: none:106: 'max-cache-size 90%' - setting to 888MB (out of 987MB)
Jan 20 04:27:20 debian named[522]: configuring command channel from '/etc/bind/rndc.key'
Jan 20 04:27:20 debian named[522]: command channel listening on 127.0.0.1#953
Jan 20 04:27:20 debian named[522]: configuring command channel from '/etc/bind/rndc.key'
Jan 20 04:27:20 debian named[522]: command channel listening on ::1#953
Jan 20 04:27:20 debian named[522]: managed-keys-zone: journal file is out of date: removing journal file
Jan 20 04:27:20 debian named[522]: managed-keys-zone: loaded serial 8
Jan 20 04:27:20 debian named[522]: zone 0.in-addr.arpa/IN: loaded serial 1
Jan 20 04:27:20 debian named[522]: zone 127.in-addr.arpa/IN: loaded serial 1
Jan 20 04:27:20 debian named[522]: zone ejemplo.com/IN: loaded serial 2
Jan 20 04:27:20 debian named[522]: zone 255.in-addr.arpa/IN: loaded serial 1
Jan 20 04:27:20 debian named[522]: zone localhost/IN: loaded serial 2
Jan 20 04:27:20 debian named[522]: all zones loaded
Jan 20 04:27:20 debian systemd[1]: Started BIND Domain Name Server.
Jan 20 04:27:20 debian systemd[1]: Reached target Host and Network Name Lookups.
Jan 20 04:27:20 debian systemd[1]: Starting LSB: DHCP server...
Jan 20 04:27:20 debian named[522]: running
Jan 20 04:27:20 debian named[522]: zone ejemplo.com/IN: sending notifies (serial 2)
Jan 20 04:27:20 debian named[522]: network unreachable resolving './DNSKEY/IN': 2001:500:2d::d#53
Jan 20 04:27:20 debian named[522]: network unreachable resolving './NS/IN': 2001:500:2d::d#53
Jan 20 04:27:20 debian named[522]: network unreachable resolving './DNSKEY/IN': 2001:7fd::1#53
Jan 20 04:27:20 debian named[522]: network unreachable resolving './NS/IN': 2001:7fd::1#53
Jan 20 04:27:20 debian named[522]: network unreachable resolving './DNSKEY/IN': 2001:500:9f::42#53
Jan 20 04:27:20 debian named[522]: network unreachable resolving './NS/IN': 2001:500:9f::42#53
Jan 20 04:27:20 debian named[522]: network unreachable resolving './DNSKEY/IN': 2001:503:ba3e::2:30#53
Jan 20 04:27:20 debian named[522]: network unreachable resolving './NS/IN': 2001:503:ba3e::2:30#53
Jan 20 04:27:20 debian named[522]: network unreachable resolving './DNSKEY/IN': 2001:500:1::53#53
Jan 20 04:27:20 debian named[522]: network unreachable resolving './NS/IN': 2001:500:1::53#53
Jan 20 04:27:20 debian named[522]: network unreachable resolving './DNSKEY/IN': 2001:500:2f::f#53
Jan 20 04:27:20 debian named[522]: network unreachable resolving './NS/IN': 2001:500:2f::f#53
Jan 20 04:27:20 debian named[522]: network unreachable resolving './DNSKEY/IN': 2001:500:a8::e#53
Jan 20 04:27:20 debian named[522]: network unreachable resolving './NS/IN': 2001:500:a8::e#53
Jan 20 04:27:20 debian named[522]: network unreachable resolving './DNSKEY/IN': 2001:7fe::53#53
Jan 20 04:27:20 debian named[522]: network unreachable resolving './NS/IN': 2001:7fe::53#53
Jan 20 04:27:20 debian named[522]: network unreachable resolving './DNSKEY/IN': 2001:500:200::b#53
Jan 20 04:27:20 debian named[522]: network unreachable resolving './NS/IN': 2001:500:200::b#53
Jan 20 04:27:20 debian named[522]: network unreachable resolving './DNSKEY/IN': 2001:500:12::d0d#53
Jan 20 04:27:20 debian named[522]: network unreachable resolving './NS/IN': 2001:500:12::d0d#53
Jan 20 04:27:20 debian named[522]: network unreachable resolving './DNSKEY/IN': 2001:500:2::c#53
Jan 20 04:27:20 debian named[522]: network unreachable resolving './NS/IN': 2001:500:2::c#53
Jan 20 04:27:20 debian named[522]: network unreachable resolving './DNSKEY/IN': 2001:503:c27::2:30#53
Jan 20 04:27:20 debian named[522]: network unreachable resolving './NS/IN': 2001:503:c27::2:30#53
Jan 20 04:27:20 debian named[522]: network unreachable resolving './DNSKEY/IN': 2001:dc3::35#53
Jan 20 04:27:20 debian named[522]: network unreachable resolving './NS/IN': 2001:dc3::35#53
Jan 20 04:27:20 debian isc-dhcp-server[527]: Launching both IPv4 and IPv6 servers (please configure INTERFACES in /etc/default/isc-dhcp-server if you only want one or the other).
Jan 20 04:27:20 debian dhcpd[539]: Wrote 0 leases to leases file.
Jan 20 04:27:20 debian dhcpd[539]: 
Jan 20 04:27:20 debian dhcpd[539]: No subnet declaration for enp0s9 (192.168.83.10).
Jan 20 04:27:20 debian dhcpd[539]: ** Ignoring requests on enp0s9.  If this is not what
Jan 20 04:27:20 debian dhcpd[539]:    you want, please write a subnet declaration
