Jan  9 14:46:33 syslogd started: BusyBox v1.30.1
Jan  9 14:46:33 kernel: klogd started: BusyBox v1.30.1 (Debian 1:1.30.1-4)
Jan  9 14:46:33 kernel: [    0.000000] Linux version 4.19.0-6-amd64 (debian-kernel@lists.debian.org) (gcc version 8.3.0 (Debian 8.3.0-6)) #1 SMP Debian 4.19.67-2+deb10u1 (2019-09-20)
Jan  9 14:46:33 kernel: [    0.000000] Command line: BOOT_IMAGE=/install.amd/vmlinuz vga=788 initrd=/install.amd/gtk/initrd.gz --- quiet 
Jan  9 14:46:33 kernel: [    0.000000] [Firmware Bug]: TSC doesn't count with P0 frequency!
Jan  9 14:46:33 kernel: [    0.000000] x86/fpu: Supporting XSAVE feature 0x001: 'x87 floating point registers'
Jan  9 14:46:33 kernel: [    0.000000] x86/fpu: Supporting XSAVE feature 0x002: 'SSE registers'
Jan  9 14:46:33 kernel: [    0.000000] x86/fpu: Supporting XSAVE feature 0x004: 'AVX registers'
Jan  9 14:46:33 kernel: [    0.000000] x86/fpu: xstate_offset[2]:  576, xstate_sizes[2]:  256
Jan  9 14:46:33 kernel: [    0.000000] x86/fpu: Enabled xstate features 0x7, context size is 832 bytes, using 'standard' format.
Jan  9 14:46:33 kernel: [    0.000000] BIOS-provided physical RAM map:
Jan  9 14:46:33 kernel: [    0.000000] BIOS-e820: [mem 0x0000000000000000-0x000000000009fbff] usable
Jan  9 14:46:33 kernel: [    0.000000] BIOS-e820: [mem 0x000000000009fc00-0x000000000009ffff] reserved
Jan  9 14:46:33 kernel: [    0.000000] BIOS-e820: [mem 0x00000000000f0000-0x00000000000fffff] reserved
Jan  9 14:46:33 kernel: [    0.000000] BIOS-e820: [mem 0x0000000000100000-0x000000003ffeffff] usable
Jan  9 14:46:33 kernel: [    0.000000] BIOS-e820: [mem 0x000000003fff0000-0x000000003fffffff] ACPI data
Jan  9 14:46:33 kernel: [    0.000000] BIOS-e820: [mem 0x00000000fec00000-0x00000000fec00fff] reserved
Jan  9 14:46:33 kernel: [    0.000000] BIOS-e820: [mem 0x00000000fee00000-0x00000000fee00fff] reserved
Jan  9 14:46:33 kernel: [    0.000000] BIOS-e820: [mem 0x00000000fffc0000-0x00000000ffffffff] reserved
Jan  9 14:46:33 kernel: [    0.000000] NX (Execute Disable) protection: active
Jan  9 14:46:33 kernel: [    0.000000] SMBIOS 2.5 present.
Jan  9 14:46:33 kernel: [    0.000000] DMI: innotek GmbH VirtualBox/VirtualBox, BIOS VirtualBox 12/01/2006
Jan  9 14:46:33 kernel: [    0.000000] Hypervisor detected: KVM
Jan  9 14:46:33 kernel: [    0.000000] kvm-clock: Using msrs 4b564d01 and 4b564d00
Jan  9 14:46:33 kernel: [    0.000000] kvm-clock: cpu 0, msr 4be4001, primary cpu clock
Jan  9 14:46:33 kernel: [    0.000000] kvm-clock: using sched offset of 29217516885 cycles
Jan  9 14:46:33 kernel: [    0.000002] clocksource: kvm-clock: mask: 0xffffffffffffffff max_cycles: 0x1cd42e4dffb, max_idle_ns: 881590591483 ns
Jan  9 14:46:33 kernel: [    0.000004] tsc: Detected 3593.236 MHz processor
Jan  9 14:46:33 kernel: [    0.002169] e820: update [mem 0x00000000-0x00000fff] usable ==> reserved
Jan  9 14:46:33 kernel: [    0.002170] e820: remove [mem 0x000a0000-0x000fffff] usable
Jan  9 14:46:33 kernel: [    0.002174] last_pfn = 0x3fff0 max_arch_pfn = 0x400000000
Jan  9 14:46:33 kernel: [    0.002210] MTRR default type: uncachable
Jan  9 14:46:33 kernel: [    0.002211] MTRR variable ranges disabled:
Jan  9 14:46:33 kernel: [    0.002211] Disabled
Jan  9 14:46:33 kernel: [    0.002213] x86/PAT: MTRRs disabled, skipping PAT initialization too.
Jan  9 14:46:33 kernel: [    0.002215] CPU MTRRs all blank - virtualized system.
Jan  9 14:46:33 kernel: [    0.002217] x86/PAT: Configuration [0-7]: WB  WT  UC- UC  WB  WT  UC- UC  
Jan  9 14:46:33 kernel: [    0.002257] found SMP MP-table at [mem 0x0009fff0-0x0009ffff]
Jan  9 14:46:33 kernel: [    0.070859] BRK [0x04e01000, 0x04e01fff] PGTABLE
Jan  9 14:46:33 kernel: [    0.070863] BRK [0x04e02000, 0x04e02fff] PGTABLE
Jan  9 14:46:33 kernel: [    0.070864] BRK [0x04e03000, 0x04e03fff] PGTABLE
Jan  9 14:46:33 kernel: [    0.070885] BRK [0x04e04000, 0x04e04fff] PGTABLE
Jan  9 14:46:33 kernel: [    0.070953] BRK [0x04e05000, 0x04e05fff] PGTABLE
Jan  9 14:46:33 kernel: [    0.070974] RAMDISK: [mem 0x3d395000-0x3ffeffff]
Jan  9 14:46:33 kernel: [    0.070981] ACPI: Early table checksum verification disabled
Jan  9 14:46:33 kernel: [    0.070992] ACPI: RSDP 0x00000000000E0000 000024 (v02 VBOX  )
Jan  9 14:46:33 kernel: [    0.070995] ACPI: XSDT 0x000000003FFF0030 00003C (v01 VBOX   VBOXXSDT 00000001 ASL  00000061)
Jan  9 14:46:33 kernel: [    0.070999] ACPI: FACP 0x000000003FFF00F0 0000F4 (v04 VBOX   VBOXFACP 00000001 ASL  00000061)
Jan  9 14:46:33 kernel: [    0.071004] ACPI: DSDT 0x000000003FFF0470 002325 (v02 VBOX   VBOXBIOS 00000002 INTL 20100528)
Jan  9 14:46:33 kernel: [    0.071006] ACPI: FACS 0x000000003FFF0200 000040
Jan  9 14:46:33 kernel: [    0.071008] ACPI: FACS 0x000000003FFF0200 000040
Jan  9 14:46:33 kernel: [    0.071009] ACPI: APIC 0x000000003FFF0240 000054 (v02 VBOX   VBOXAPIC 00000001 ASL  00000061)
Jan  9 14:46:33 kernel: [    0.071011] ACPI: SSDT 0x000000003FFF02A0 0001CC (v01 VBOX   VBOXCPUT 00000002 INTL 20100528)
Jan  9 14:46:33 kernel: [    0.071018] ACPI: Local APIC address 0xfee00000
Jan  9 14:46:33 kernel: [    0.071233] No NUMA configuration found
Jan  9 14:46:33 kernel: [    0.071234] Faking a node at [mem 0x0000000000000000-0x000000003ffeffff]
Jan  9 14:46:33 kernel: [    0.071237] NODE_DATA(0) allocated [mem 0x3d390000-0x3d394fff]
Jan  9 14:46:33 kernel: [    0.072949] Zone ranges:
Jan  9 14:46:33 kernel: [    0.072950]   DMA      [mem 0x0000000000001000-0x0000000000ffffff]
Jan  9 14:46:33 kernel: [    0.072951]   DMA32    [mem 0x0000000001000000-0x000000003ffeffff]
Jan  9 14:46:33 kernel: [    0.072952]   Normal   empty
Jan  9 14:46:33 kernel: [    0.072953]   Device   empty
Jan  9 14:46:33 kernel: [    0.072953] Movable zone start for each node
Jan  9 14:46:33 kernel: [    0.072954] Early memory node ranges
Jan  9 14:46:33 kernel: [    0.072954]   node   0: [mem 0x0000000000001000-0x000000000009efff]
Jan  9 14:46:33 kernel: [    0.072955]   node   0: [mem 0x0000000000100000-0x000000003ffeffff]
Jan  9 14:46:33 kernel: [    0.074590] Reserved but unavailable: 98 pages
Jan  9 14:46:33 kernel: [    0.074594] Initmem setup node 0 [mem 0x0000000000001000-0x000000003ffeffff]
Jan  9 14:46:33 kernel: [    0.074595] On node 0 totalpages: 262030
Jan  9 14:46:33 kernel: [    0.074597]   DMA zone: 64 pages used for memmap
Jan  9 14:46:33 kernel: [    0.074598]   DMA zone: 21 pages reserved
Jan  9 14:46:33 kernel: [    0.074599]   DMA zone: 3998 pages, LIFO batch:0
Jan  9 14:46:33 kernel: [    0.074666]   DMA32 zone: 4032 pages used for memmap
Jan  9 14:46:33 kernel: [    0.074666]   DMA32 zone: 258032 pages, LIFO batch:63
Jan  9 14:46:33 kernel: [    0.089532] ACPI: PM-Timer IO Port: 0x4008
Jan  9 14:46:33 kernel: [    0.089536] ACPI: Local APIC address 0xfee00000
Jan  9 14:46:33 kernel: [    0.089594] IOAPIC[0]: apic_id 1, version 32, address 0xfec00000, GSI 0-23
Jan  9 14:46:33 kernel: [    0.089596] ACPI: INT_SRC_OVR (bus 0 bus_irq 0 global_irq 2 dfl dfl)
Jan  9 14:46:33 kernel: [    0.089597] ACPI: INT_SRC_OVR (bus 0 bus_irq 9 global_irq 9 low level)
Jan  9 14:46:33 kernel: [    0.089599] ACPI: IRQ0 used by override.
Jan  9 14:46:33 kernel: [    0.089599] ACPI: IRQ9 used by override.
Jan  9 14:46:33 kernel: [    0.089600] Using ACPI (MADT) for SMP configuration information
Jan  9 14:46:33 kernel: [    0.089607] smpboot: Allowing 1 CPUs, 0 hotplug CPUs
Jan  9 14:46:33 kernel: [    0.089630] PM: Registered nosave memory: [mem 0x00000000-0x00000fff]
Jan  9 14:46:33 kernel: [    0.089631] PM: Registered nosave memory: [mem 0x0009f000-0x0009ffff]
Jan  9 14:46:33 kernel: [    0.089632] PM: Registered nosave memory: [mem 0x000a0000-0x000effff]
Jan  9 14:46:33 kernel: [    0.089632] PM: Registered nosave memory: [mem 0x000f0000-0x000fffff]
Jan  9 14:46:33 kernel: [    0.089634] [mem 0x40000000-0xfebfffff] available for PCI devices
Jan  9 14:46:33 kernel: [    0.089635] Booting paravirtualized kernel on KVM
Jan  9 14:46:33 kernel: [    0.089638] clocksource: refined-jiffies: mask: 0xffffffff max_cycles: 0xffffffff, max_idle_ns: 7645519600211568 ns
Jan  9 14:46:33 kernel: [    0.170642] random: get_random_bytes called from start_kernel+0x93/0x52c with crng_init=0
Jan  9 14:46:33 kernel: [    0.170665] setup_percpu: NR_CPUS:512 nr_cpumask_bits:512 nr_cpu_ids:1 nr_node_ids:1
Jan  9 14:46:33 kernel: [    0.172624] percpu: Embedded 45 pages/cpu s144408 r8192 d31720 u2097152
Jan  9 14:46:33 kernel: [    0.172631] pcpu-alloc: s144408 r8192 d31720 u2097152 alloc=1*2097152
Jan  9 14:46:33 kernel: [    0.172632] pcpu-alloc: [0] 0 
Jan  9 14:46:33 kernel: [    0.172656] Built 1 zonelists, mobility grouping on.  Total pages: 257913
Jan  9 14:46:33 kernel: [    0.172657] Policy zone: DMA32
Jan  9 14:46:33 kernel: [    0.172659] Kernel command line: BOOT_IMAGE=/install.amd/vmlinuz vga=788 initrd=/install.amd/gtk/initrd.gz --- quiet 
Jan  9 14:46:33 kernel: [    0.172737] Calgary: detecting Calgary via BIOS EBDA area
Jan  9 14:46:33 kernel: [    0.172738] Calgary: Unable to locate Rio Grande table in EBDA - bailing!
Jan  9 14:46:33 kernel: [    0.176080] Memory: 960852K/1048120K available (10252K kernel code, 1243K rwdata, 3324K rodata, 1584K init, 2280K bss, 87268K reserved, 0K cma-reserved)
Jan  9 14:46:33 kernel: [    0.178627] SLUB: HWalign=64, Order=0-3, MinObjects=0, CPUs=1, Nodes=1
Jan  9 14:46:33 kernel: [    0.178650] ftrace: allocating 31861 entries in 125 pages
Jan  9 14:46:33 kernel: [    0.189453] rcu: Hierarchical RCU implementation.
Jan  9 14:46:33 kernel: [    0.189455] rcu: 	RCU restricting CPUs from NR_CPUS=512 to nr_cpu_ids=1.
Jan  9 14:46:33 kernel: [    0.189456] rcu: Adjusting geometry for rcu_fanout_leaf=16, nr_cpu_ids=1
Jan  9 14:46:33 kernel: [    0.191834] NR_IRQS: 33024, nr_irqs: 256, preallocated irqs: 16
Jan  9 14:46:33 kernel: [    0.192151] Console: colour dummy device 80x25
Jan  9 14:46:33 kernel: [    0.192153] console [tty0] enabled
Jan  9 14:46:33 kernel: [    0.192204] ACPI: Core revision 20180810
Jan  9 14:46:33 kernel: [    0.192438] APIC: Switch to symmetric I/O mode setup
Jan  9 14:46:33 kernel: [    0.192631] x2apic enabled
Jan  9 14:46:33 kernel: [    0.192813] Switched APIC routing to physical x2apic.
Jan  9 14:46:33 kernel: [    0.193720] ..TIMER: vector=0x30 apic1=0 pin1=2 apic2=-1 pin2=-1
Jan  9 14:46:33 kernel: [    0.193738] clocksource: tsc-early: mask: 0xffffffffffffffff max_cycles: 0x33cb5d1ce9e, max_idle_ns: 440795242262 ns
Jan  9 14:46:33 kernel: [    0.193748] Calibrating delay loop (skipped) preset value.. 7186.47 BogoMIPS (lpj=14372944)
Jan  9 14:46:33 kernel: [    0.193749] pid_max: default: 32768 minimum: 301
Jan  9 14:46:33 kernel: [    0.194103] Security Framework initialized
Jan  9 14:46:33 kernel: [    0.194104] Yama: disabled by default; enable with sysctl kernel.yama.*
Jan  9 14:46:33 kernel: [    0.194132] AppArmor: AppArmor initialized
Jan  9 14:46:33 kernel: [    0.196234] Dentry cache hash table entries: 131072 (order: 8, 1048576 bytes)
Jan  9 14:46:33 kernel: [    0.196347] Inode-cache hash table entries: 65536 (order: 7, 524288 bytes)
Jan  9 14:46:33 kernel: [    0.196422] Mount-cache hash table entries: 2048 (order: 2, 16384 bytes)
Jan  9 14:46:33 kernel: [    0.196425] Mountpoint-cache hash table entries: 2048 (order: 2, 16384 bytes)
Jan  9 14:46:33 kernel: [    0.197903] CPU0: Hyper-Threading is disabled
Jan  9 14:46:33 kernel: [    0.198024] Last level iTLB entries: 4KB 1024, 2MB 1024, 4MB 512
Jan  9 14:46:33 kernel: [    0.198024] Last level dTLB entries: 4KB 1536, 2MB 1536, 4MB 768, 1GB 0
Jan  9 14:46:33 kernel: [    0.198026] Spectre V1 : Mitigation: usercopy/swapgs barriers and __user pointer sanitization
Jan  9 14:46:33 kernel: [    0.198027] Spectre V2 : Spectre mitigation: LFENCE not serializing, switching to generic retpoline
Jan  9 14:46:33 kernel: [    0.198031] Spectre V2 : Mitigation: Full generic retpoline
Jan  9 14:46:33 kernel: [    0.198032] Spectre V2 : Spectre v2 / SpectreRSB mitigation: Filling RSB on context switch
Jan  9 14:46:33 kernel: [    0.198033] Speculative Store Bypass: Mitigation: Speculative Store Bypass disabled via prctl and seccomp
Jan  9 14:46:33 kernel: [    0.201418] Freeing SMP alternatives memory: 24K
Jan  9 14:46:33 kernel: [    0.205740] smpboot: CPU0: AMD Ryzen 5 2400G with Radeon Vega Graphics (family: 0x17, model: 0x11, stepping: 0x0)
Jan  9 14:46:33 kernel: [    0.205740] Performance Events: PMU not available due to virtualization, using software events only.
Jan  9 14:46:33 kernel: [    0.205740] rcu: Hierarchical SRCU implementation.
Jan  9 14:46:33 kernel: [    0.205740] random: crng done (trusting CPU's manufacturer)
Jan  9 14:46:33 kernel: [    0.205740] NMI watchdog: Perf NMI watchdog permanently disabled
Jan  9 14:46:33 kernel: [    0.205740] smp: Bringing up secondary CPUs ...
Jan  9 14:46:33 kernel: [    0.205740] smp: Brought up 1 node, 1 CPU
Jan  9 14:46:33 kernel: [    0.205740] smpboot: Max logical packages: 1
Jan  9 14:46:33 kernel: [    0.205740] smpboot: Total of 1 processors activated (7186.47 BogoMIPS)
Jan  9 14:46:33 kernel: [    0.205740] devtmpfs: initialized
Jan  9 14:46:33 kernel: [    0.205740] x86/mm: Memory block size: 128MB
Jan  9 14:46:33 kernel: [    0.205740] clocksource: jiffies: mask: 0xffffffff max_cycles: 0xffffffff, max_idle_ns: 7645041785100000 ns
Jan  9 14:46:33 kernel: [    0.205740] futex hash table entries: 256 (order: 2, 16384 bytes)
Jan  9 14:46:33 kernel: [    0.205740] pinctrl core: initialized pinctrl subsystem
Jan  9 14:46:33 kernel: [    0.206185] NET: Registered protocol family 16
Jan  9 14:46:33 kernel: [    0.206258] audit: initializing netlink subsys (disabled)
Jan  9 14:46:33 kernel: [    0.206397] cpuidle: using governor ladder
Jan  9 14:46:33 kernel: [    0.206398] cpuidle: using governor menu
Jan  9 14:46:33 kernel: [    0.206647] ACPI: bus type PCI registered
Jan  9 14:46:33 kernel: [    0.206648] acpiphp: ACPI Hot Plug PCI Controller Driver version: 0.5
Jan  9 14:46:33 kernel: [    0.206903] PCI: Using configuration type 1 for base access
Jan  9 14:46:33 kernel: [    0.206904] PCI: Using configuration type 1 for extended access
Jan  9 14:46:33 kernel: [    0.207496] audit: type=2000 audit(1610203621.871:1): state=initialized audit_enabled=0 res=1
Jan  9 14:46:33 kernel: [    0.207601] HugeTLB registered 2.00 MiB page size, pre-allocated 0 pages
Jan  9 14:46:33 kernel: [    0.209475] ACPI: Added _OSI(Module Device)
Jan  9 14:46:33 kernel: [    0.209475] ACPI: Added _OSI(Processor Device)
Jan  9 14:46:33 kernel: [    0.209476] ACPI: Added _OSI(3.0 _SCP Extensions)
Jan  9 14:46:33 kernel: [    0.209476] ACPI: Added _OSI(Processor Aggregator Device)
Jan  9 14:46:33 kernel: [    0.209477] ACPI: Added _OSI(Linux-Dell-Video)
Jan  9 14:46:33 kernel: [    0.209477] ACPI: Added _OSI(Linux-Lenovo-NV-HDMI-Audio)
Jan  9 14:46:33 kernel: [    0.211966] ACPI: 2 ACPI AML tables successfully acquired and loaded
Jan  9 14:46:33 kernel: [    0.213071] ACPI: Interpreter enabled
Jan  9 14:46:33 kernel: [    0.213083] ACPI: (supports S0 S5)
Jan  9 14:46:33 kernel: [    0.213085] ACPI: Using IOAPIC for interrupt routing
Jan  9 14:46:33 kernel: [    0.213271] PCI: Using host bridge windows from ACPI; if necessary, use "pci=nocrs" and report a bug
Jan  9 14:46:33 kernel: [    0.213362] ACPI: Enabled 2 GPEs in block 00 to 07
Jan  9 14:46:33 kernel: [    0.216737] ACPI: PCI Root Bridge [PCI0] (domain 0000 [bus 00-ff])
Jan  9 14:46:33 kernel: [    0.216742] acpi PNP0A03:00: _OSC: OS supports [ExtendedConfig ASPM ClockPM Segments MSI]
Jan  9 14:46:33 kernel: [    0.217199] acpi PNP0A03:00: _OSC: platform does not support [PCIeCapability LTR]
Jan  9 14:46:33 kernel: [    0.217420] acpi PNP0A03:00: _OSC: not requesting control; platform does not support [PCIeCapability]
Jan  9 14:46:33 kernel: [    0.217422] acpi PNP0A03:00: _OSC: OS requested [PCIeHotplug SHPCHotplug PME AER PCIeCapability LTR]
Jan  9 14:46:33 kernel: [    0.217423] acpi PNP0A03:00: _OSC: platform willing to grant [PCIeHotplug SHPCHotplug PME AER]
Jan  9 14:46:33 kernel: [    0.217424] acpi PNP0A03:00: _OSC failed (AE_SUPPORT); disabling ASPM
Jan  9 14:46:33 kernel: [    0.217709] PCI host bridge to bus 0000:00
Jan  9 14:46:33 kernel: [    0.217711] pci_bus 0000:00: root bus resource [io  0x0000-0x0cf7 window]
Jan  9 14:46:33 kernel: [    0.217712] pci_bus 0000:00: root bus resource [io  0x0d00-0xffff window]
Jan  9 14:46:33 kernel: [    0.217713] pci_bus 0000:00: root bus resource [mem 0x000a0000-0x000bffff window]
Jan  9 14:46:33 kernel: [    0.217714] pci_bus 0000:00: root bus resource [mem 0x40000000-0xfdffffff window]
Jan  9 14:46:33 kernel: [    0.217715] pci_bus 0000:00: root bus resource [bus 00-ff]
Jan  9 14:46:33 kernel: [    0.217777] pci 0000:00:00.0: [8086:1237] type 00 class 0x060000
Jan  9 14:46:33 kernel: [    0.218383] pci 0000:00:01.0: [8086:7000] type 00 class 0x060100
Jan  9 14:46:33 kernel: [    0.218966] pci 0000:00:01.1: [8086:7111] type 00 class 0x01018a
Jan  9 14:46:33 kernel: [    0.219254] pci 0000:00:01.1: reg 0x20: [io  0xd000-0xd00f]
Jan  9 14:46:33 kernel: [    0.219373] pci 0000:00:01.1: legacy IDE quirk: reg 0x10: [io  0x01f0-0x01f7]
Jan  9 14:46:33 kernel: [    0.219373] pci 0000:00:01.1: legacy IDE quirk: reg 0x14: [io  0x03f6]
Jan  9 14:46:33 kernel: [    0.219374] pci 0000:00:01.1: legacy IDE quirk: reg 0x18: [io  0x0170-0x0177]
Jan  9 14:46:33 kernel: [    0.219375] pci 0000:00:01.1: legacy IDE quirk: reg 0x1c: [io  0x0376]
Jan  9 14:46:33 kernel: [    0.219569] pci 0000:00:02.0: [15ad:0405] type 00 class 0x030000
Jan  9 14:46:33 kernel: [    0.220464] pci 0000:00:02.0: reg 0x10: [io  0xd010-0xd01f]
Jan  9 14:46:33 kernel: [    0.221296] pci 0000:00:02.0: reg 0x14: [mem 0xf0000000-0xf0ffffff pref]
Jan  9 14:46:33 kernel: [    0.221805] pci 0000:00:02.0: reg 0x18: [mem 0xf1000000-0xf11fffff]
Jan  9 14:46:33 kernel: [    0.225362] pci 0000:00:03.0: [8086:100e] type 00 class 0x020000
Jan  9 14:46:33 kernel: [    0.225822] pci 0000:00:03.0: reg 0x10: [mem 0xf1200000-0xf121ffff]
Jan  9 14:46:33 kernel: [    0.227360] pci 0000:00:03.0: reg 0x18: [io  0xd020-0xd027]
Jan  9 14:46:33 kernel: [    0.231866] pci 0000:00:04.0: [80ee:cafe] type 00 class 0x088000
Jan  9 14:46:33 kernel: [    0.232685] pci 0000:00:04.0: reg 0x10: [io  0xd040-0xd05f]
Jan  9 14:46:33 kernel: [    0.233377] pci 0000:00:04.0: reg 0x14: [mem 0xf1400000-0xf17fffff]
Jan  9 14:46:33 kernel: [    0.233818] pci 0000:00:04.0: reg 0x18: [mem 0xf1800000-0xf1803fff pref]
Jan  9 14:46:33 kernel: [    0.236660] pci 0000:00:05.0: [8086:2415] type 00 class 0x040100
Jan  9 14:46:33 kernel: [    0.236766] pci 0000:00:05.0: reg 0x10: [io  0xd100-0xd1ff]
Jan  9 14:46:33 kernel: [    0.236817] pci 0000:00:05.0: reg 0x14: [io  0xd200-0xd23f]
Jan  9 14:46:33 kernel: [    0.237276] pci 0000:00:06.0: [106b:003f] type 00 class 0x0c0310
Jan  9 14:46:33 kernel: [    0.237817] pci 0000:00:06.0: reg 0x10: [mem 0xf1804000-0xf1804fff]
Jan  9 14:46:33 kernel: [    0.243011] pci 0000:00:07.0: [8086:7113] type 00 class 0x068000
Jan  9 14:46:33 kernel: [    0.243444] pci 0000:00:07.0: quirk: [io  0x4000-0x403f] claimed by PIIX4 ACPI
Jan  9 14:46:33 kernel: [    0.243452] pci 0000:00:07.0: quirk: [io  0x4100-0x410f] claimed by PIIX4 SMB
Jan  9 14:46:33 kernel: [    0.243725] pci 0000:00:0d.0: [8086:2829] type 00 class 0x010601
Jan  9 14:46:33 kernel: [    0.244562] pci 0000:00:0d.0: reg 0x10: [io  0xd240-0xd247]
Jan  9 14:46:33 kernel: [    0.245150] pci 0000:00:0d.0: reg 0x14: [io  0xd248-0xd24b]
Jan  9 14:46:33 kernel: [    0.245816] pci 0000:00:0d.0: reg 0x18: [io  0xd250-0xd257]
Jan  9 14:46:33 kernel: [    0.246448] pci 0000:00:0d.0: reg 0x1c: [io  0xd258-0xd25b]
Jan  9 14:46:33 kernel: [    0.247181] pci 0000:00:0d.0: reg 0x20: [io  0xd260-0xd26f]
Jan  9 14:46:33 kernel: [    0.247895] pci 0000:00:0d.0: reg 0x24: [mem 0xf1806000-0xf1807fff]
Jan  9 14:46:33 kernel: [    0.250014] ACPI: PCI Interrupt Link [LNKA] (IRQs 5 9 10 *11)
Jan  9 14:46:33 kernel: [    0.250176] ACPI: PCI Interrupt Link [LNKB] (IRQs 5 9 *10 11)
Jan  9 14:46:33 kernel: [    0.250243] ACPI: PCI Interrupt Link [LNKC] (IRQs 5 *9 10 11)
Jan  9 14:46:33 kernel: [    0.250310] ACPI: PCI Interrupt Link [LNKD] (IRQs 5 9 10 *11)
Jan  9 14:46:33 kernel: [    0.250548] pci 0000:00:02.0: vgaarb: setting as boot VGA device
Jan  9 14:46:33 kernel: [    0.250550] pci 0000:00:02.0: vgaarb: VGA device added: decodes=io+mem,owns=io+mem,locks=none
Jan  9 14:46:33 kernel: [    0.250551] pci 0000:00:02.0: vgaarb: bridge control possible
Jan  9 14:46:33 kernel: [    0.250552] vgaarb: loaded
Jan  9 14:46:33 kernel: [    0.250719] pps_core: LinuxPPS API ver. 1 registered
Jan  9 14:46:33 kernel: [    0.250720] pps_core: Software ver. 5.3.6 - Copyright 2005-2007 Rodolfo Giometti <giometti@linux.it>
Jan  9 14:46:33 kernel: [    0.250722] PTP clock support registered
Jan  9 14:46:33 kernel: [    0.250733] EDAC MC: Ver: 3.0.0
Jan  9 14:46:33 kernel: [    0.251094] PCI: Using ACPI for IRQ routing
Jan  9 14:46:33 kernel: [    0.251096] PCI: pci_cache_line_size set to 64 bytes
Jan  9 14:46:33 kernel: [    0.251247] e820: reserve RAM buffer [mem 0x0009fc00-0x0009ffff]
Jan  9 14:46:33 kernel: [    0.251251] e820: reserve RAM buffer [mem 0x3fff0000-0x3fffffff]
Jan  9 14:46:33 kernel: [    0.251483] clocksource: Switched to clocksource kvm-clock
Jan  9 14:46:33 kernel: [    0.267038] VFS: Disk quotas dquot_6.6.0
Jan  9 14:46:33 kernel: [    0.267078] VFS: Dquot-cache hash table entries: 512 (order 0, 4096 bytes)
Jan  9 14:46:33 kernel: [    0.267259] AppArmor: AppArmor Filesystem Enabled
Jan  9 14:46:33 kernel: [    0.267278] pnp: PnP ACPI init
Jan  9 14:46:33 kernel: [    0.267354] pnp 00:00: Plug and Play ACPI device, IDs PNP0303 (active)
Jan  9 14:46:33 kernel: [    0.267418] pnp 00:01: Plug and Play ACPI device, IDs PNP0f03 (active)
Jan  9 14:46:33 kernel: [    0.267909] pnp: PnP ACPI: found 2 devices
Jan  9 14:46:33 kernel: [    0.273753] clocksource: acpi_pm: mask: 0xffffff max_cycles: 0xffffff, max_idle_ns: 2085701024 ns
Jan  9 14:46:33 kernel: [    0.273762] pci_bus 0000:00: resource 4 [io  0x0000-0x0cf7 window]
Jan  9 14:46:33 kernel: [    0.273763] pci_bus 0000:00: resource 5 [io  0x0d00-0xffff window]
Jan  9 14:46:33 kernel: [    0.273764] pci_bus 0000:00: resource 6 [mem 0x000a0000-0x000bffff window]
Jan  9 14:46:33 kernel: [    0.273765] pci_bus 0000:00: resource 7 [mem 0x40000000-0xfdffffff window]
Jan  9 14:46:33 kernel: [    0.273936] NET: Registered protocol family 2
Jan  9 14:46:33 kernel: [    0.274201] tcp_listen_portaddr_hash hash table entries: 512 (order: 1, 8192 bytes)
Jan  9 14:46:33 kernel: [    0.274206] TCP established hash table entries: 8192 (order: 4, 65536 bytes)
Jan  9 14:46:33 kernel: [    0.274218] TCP bind hash table entries: 8192 (order: 5, 131072 bytes)
Jan  9 14:46:33 kernel: [    0.274234] TCP: Hash tables configured (established 8192 bind 8192)
Jan  9 14:46:33 kernel: [    0.274271] UDP hash table entries: 512 (order: 2, 16384 bytes)
Jan  9 14:46:33 kernel: [    0.274274] UDP-Lite hash table entries: 512 (order: 2, 16384 bytes)
Jan  9 14:46:33 kernel: [    0.274364] NET: Registered protocol family 1
Jan  9 14:46:33 kernel: [    0.274377] NET: Registered protocol family 44
Jan  9 14:46:33 kernel: [    0.274396] pci 0000:00:00.0: Limiting direct PCI/PCI transfers
Jan  9 14:46:33 kernel: [    0.274406] pci 0000:00:01.0: Activating ISA DMA hang workarounds
Jan  9 14:46:33 kernel: [    0.274448] pci 0000:00:02.0: Video device with shadowed ROM at [mem 0x000c0000-0x000dffff]
Jan  9 14:46:33 kernel: [    0.275731] PCI: CLS 0 bytes, default 64
Jan  9 14:46:33 kernel: [    0.275779] Unpacking initramfs...
Jan  9 14:46:33 kernel: [    0.923971] Freeing initrd memory: 45420K
Jan  9 14:46:33 kernel: [    0.924071] clocksource: tsc: mask: 0xffffffffffffffff max_cycles: 0x33cb5d1ce9e, max_idle_ns: 440795242262 ns
Jan  9 14:46:33 kernel: [    0.924122] platform rtc_cmos: registered platform RTC device (no PNP device found)
Jan  9 14:46:33 kernel: [    0.924688] Initialise system trusted keyrings
Jan  9 14:46:33 kernel: [    0.924739] Key type blacklist registered
Jan  9 14:46:33 kernel: [    0.924870] workingset: timestamp_bits=40 max_order=18 bucket_order=0
Jan  9 14:46:33 kernel: [    0.926490] zbud: loaded
Jan  9 14:46:33 kernel: [    1.015453] Key type asymmetric registered
Jan  9 14:46:33 kernel: [    1.015454] Asymmetric key parser 'x509' registered
Jan  9 14:46:33 kernel: [    1.015469] Block layer SCSI generic (bsg) driver version 0.4 loaded (major 247)
Jan  9 14:46:33 kernel: [    1.015499] io scheduler noop registered
Jan  9 14:46:33 kernel: [    1.015500] io scheduler deadline registered
Jan  9 14:46:33 kernel: [    1.015563] io scheduler cfq registered (default)
Jan  9 14:46:33 kernel: [    1.015564] io scheduler mq-deadline registered
Jan  9 14:46:33 kernel: [    1.015752] shpchp: Standard Hot Plug PCI Controller Driver version: 0.4
Jan  9 14:46:33 kernel: [    1.015764] vesafb: mode is 800x600x16, linelength=1600, pages=16
Jan  9 14:46:33 kernel: [    1.015765] vesafb: scrolling: redraw
Jan  9 14:46:33 kernel: [    1.015766] vesafb: Truecolor: size=0:5:6:5, shift=0:11:5:0
Jan  9 14:46:33 kernel: [    1.015773] vesafb: framebuffer at 0xf0000000, mapped to 0x00000000d8805709, using 1875k, total 16384k
Jan  9 14:46:33 kernel: [    1.031168] Console: switching to colour frame buffer device 100x37
Jan  9 14:46:33 kernel: [    1.045622] fb0: VESA VGA frame buffer device
Jan  9 14:46:33 kernel: [    1.045864] Serial: 8250/16550 driver, 4 ports, IRQ sharing enabled
Jan  9 14:46:33 kernel: [    1.046187] Linux agpgart interface v0.103
Jan  9 14:46:33 kernel: [    1.046242] AMD IOMMUv2 driver by Joerg Roedel <jroedel@suse.de>
Jan  9 14:46:33 kernel: [    1.046243] AMD IOMMUv2 functionality not available on this system
Jan  9 14:46:33 kernel: [    1.046386] i8042: PNP: PS/2 Controller [PNP0303:PS2K,PNP0f03:PS2M] at 0x60,0x64 irq 1,12
Jan  9 14:46:33 kernel: [    1.046798] serio: i8042 KBD port at 0x60,0x64 irq 1
Jan  9 14:46:33 kernel: [    1.046825] serio: i8042 AUX port at 0x60,0x64 irq 12
Jan  9 14:46:33 kernel: [    1.046887] mousedev: PS/2 mouse device common for all mice
Jan  9 14:46:33 kernel: [    1.047098] input: AT Translated Set 2 keyboard as /devices/platform/i8042/serio0/input/input0
Jan  9 14:46:33 kernel: [    1.047470] rtc_cmos rtc_cmos: registered as rtc0
Jan  9 14:46:33 kernel: [    1.047480] rtc_cmos rtc_cmos: alarms up to one day, 114 bytes nvram
Jan  9 14:46:33 kernel: [    1.047490] ledtrig-cpu: registered to indicate activity on CPUs
Jan  9 14:46:33 kernel: [    1.047939] NET: Registered protocol family 10
Jan  9 14:46:33 kernel: [    1.051903] Segment Routing with IPv6
Jan  9 14:46:33 kernel: [    1.051956] mip6: Mobile IPv6
Jan  9 14:46:33 kernel: [    1.051959] NET: Registered protocol family 17
Jan  9 14:46:33 kernel: [    1.051999] mpls_gso: MPLS GSO support
Jan  9 14:46:33 kernel: [    1.052079] mce: Using 0 MCE banks
Jan  9 14:46:33 kernel: [    1.052124] sched_clock: Marking stable (1048992774, 1619532)->(1160361009, -109748703)
Jan  9 14:46:33 kernel: [    1.052253] registered taskstats version 1
Jan  9 14:46:33 kernel: [    1.052254] Loading compiled-in X.509 certificates
Jan  9 14:46:33 kernel: [    1.072872] Loaded X.509 cert 'Debian Secure Boot CA: 6ccece7e4c6c0d1f6149f3dd27dfcc5cbb419ea1'
Jan  9 14:46:33 kernel: [    1.072902] Loaded X.509 cert 'Debian Secure Boot Signer: 00a7468def'
Jan  9 14:46:33 kernel: [    1.072936] zswap: loaded using pool lzo/zbud
Jan  9 14:46:33 kernel: [    1.073013] AppArmor: AppArmor sha1 policy hashing enabled
Jan  9 14:46:33 kernel: [    1.073535] rtc_cmos rtc_cmos: setting system clock to 2021-01-09 14:46:32 UTC (1610203592)
Jan  9 14:46:33 kernel: [    1.074809] Freeing unused kernel image memory: 1584K
Jan  9 14:46:33 kernel: [    1.082364] Write protecting the kernel read-only data: 16384k
Jan  9 14:46:33 kernel: [    1.082916] Freeing unused kernel image memory: 2028K
Jan  9 14:46:33 kernel: [    1.083088] Freeing unused kernel image memory: 772K
Jan  9 14:46:33 kernel: [    1.090292] x86/mm: Checked W+X mappings: passed, no W+X pages found.
Jan  9 14:46:33 kernel: [    1.090304] Run /init as init process
Jan  9 14:46:33 kernel: [    1.165780] ACPI: bus type USB registered
Jan  9 14:46:33 kernel: [    1.165794] usbcore: registered new interface driver usbfs
Jan  9 14:46:33 kernel: [    1.165798] usbcore: registered new interface driver hub
Jan  9 14:46:33 kernel: [    1.167838] SCSI subsystem initialized
Jan  9 14:46:33 kernel: [    1.189631] usbcore: registered new device driver usb
Jan  9 14:46:33 kernel: [    1.193179] ehci_hcd: USB 2.0 'Enhanced' Host Controller (EHCI) Driver
Jan  9 14:46:33 kernel: [    1.206845] ohci_hcd: USB 1.1 'Open' Host Controller (OHCI) Driver
Jan  9 14:46:33 kernel: [    1.210589] ehci-pci: EHCI PCI platform driver
Jan  9 14:46:33 kernel: [    1.211572] libata version 3.00 loaded.
Jan  9 14:46:33 kernel: [    1.214359] ahci 0000:00:0d.0: version 3.0
Jan  9 14:46:33 kernel: [    1.215267] ata_piix 0000:00:01.1: version 2.13
Jan  9 14:46:33 kernel: [    1.216046] ahci 0000:00:0d.0: SSS flag set, parallel bus scan disabled
Jan  9 14:46:33 kernel: [    1.216222] ahci 0000:00:0d.0: AHCI 0001.0100 32 slots 1 ports 3 Gbps 0x1 impl SATA mode
Jan  9 14:46:33 kernel: [    1.216224] ahci 0000:00:0d.0: flags: 64bit ncq stag only ccc 
Jan  9 14:46:33 kernel: [    1.217276] ohci-pci: OHCI PCI platform driver
Jan  9 14:46:33 kernel: [    1.217697] ohci-pci 0000:00:06.0: OHCI PCI host controller
Jan  9 14:46:33 kernel: [    1.217702] ohci-pci 0000:00:06.0: new USB bus registered, assigned bus number 1
Jan  9 14:46:33 kernel: [    1.217760] ohci-pci 0000:00:06.0: irq 22, io mem 0xf1804000
Jan  9 14:46:33 kernel: [    1.221538] scsi host0: ata_piix
Jan  9 14:46:33 kernel: [    1.221714] scsi host1: ahci
Jan  9 14:46:33 kernel: [    1.221801] ata3: SATA max UDMA/133 abar m8192@0xf1806000 port 0xf1806100 irq 21
Jan  9 14:46:33 kernel: [    1.228596] scsi host2: ata_piix
Jan  9 14:46:33 kernel: [    1.228726] ata1: PATA max UDMA/33 cmd 0x1f0 ctl 0x3f6 bmdma 0xd000 irq 14
Jan  9 14:46:33 kernel: [    1.228727] ata2: PATA max UDMA/33 cmd 0x170 ctl 0x376 bmdma 0xd008 irq 15
Jan  9 14:46:33 kernel: [    1.278669] usb usb1: New USB device found, idVendor=1d6b, idProduct=0001, bcdDevice= 4.19
Jan  9 14:46:33 kernel: [    1.278672] usb usb1: New USB device strings: Mfr=3, Product=2, SerialNumber=1
Jan  9 14:46:33 kernel: [    1.278673] usb usb1: Product: OHCI PCI host controller
Jan  9 14:46:33 kernel: [    1.278675] usb usb1: Manufacturer: Linux 4.19.0-6-amd64 ohci_hcd
Jan  9 14:46:33 kernel: [    1.278676] usb usb1: SerialNumber: 0000:00:06.0
Jan  9 14:46:33 kernel: [    1.278851] hub 1-0:1.0: USB hub found
Jan  9 14:46:33 kernel: [    1.278869] hub 1-0:1.0: 12 ports detected
Jan  9 14:46:33 kernel: [    1.427687] input: ImExPS/2 Generic Explorer Mouse as /devices/platform/i8042/serio1/input/input2
Jan  9 14:46:33 kernel: [    1.428072] ata2.00: ATAPI: VBOX CD-ROM, 1.0, max UDMA/133
Jan  9 14:46:33 kernel: [    1.544737] ata3: SATA link up 3.0 Gbps (SStatus 123 SControl 300)
Jan  9 14:46:33 kernel: [    1.568112] ata3.00: ATA-6: VBOX HARDDISK, 1.0, max UDMA/133
Jan  9 14:46:33 kernel: [    1.568114] ata3.00: 16777216 sectors, multi 128: LBA48 NCQ (depth 32)
Jan  9 14:46:33 kernel: [    1.597891] ata3.00: configured for UDMA/133
Jan  9 14:46:33 kernel: [    1.598159] scsi 1:0:0:0: Direct-Access     ATA      VBOX HARDDISK    1.0  PQ: 0 ANSI: 5
Jan  9 14:46:33 kernel: [    1.599044] scsi 2:0:0:0: CD-ROM            VBOX     CD-ROM           1.0  PQ: 0 ANSI: 5
Jan  9 14:46:33 kernel: [    1.636319] sd 1:0:0:0: [sda] 16777216 512-byte logical blocks: (8.59 GB/8.00 GiB)
Jan  9 14:46:33 kernel: [    1.636323] sd 1:0:0:0: [sda] Write Protect is off
Jan  9 14:46:33 kernel: [    1.636324] sd 1:0:0:0: [sda] Mode Sense: 00 3a 00 00
Jan  9 14:46:33 kernel: [    1.636329] sd 1:0:0:0: [sda] Write cache: enabled, read cache: enabled, doesn't support DPO or FUA
Jan  9 14:46:33 kernel: [    1.638809] sr 2:0:0:0: [sr0] scsi3-mmc drive: 32x/32x xa/form2 tray
Jan  9 14:46:33 kernel: [    1.638819] cdrom: Uniform CD-ROM driver Revision: 3.20
Jan  9 14:46:33 kernel: [    1.639068] sd 1:0:0:0: [sda] Attached SCSI disk
Jan  9 14:46:33 kernel: [    1.641379] sr 2:0:0:0: Attached scsi CD-ROM sr0
Jan  9 14:46:33 kernel: [    1.796682] usb 1-1: new full-speed USB device number 2 using ohci-pci
Jan  9 14:46:33 kernel: [    2.016717] snd_intel8x0 0000:00:05.0: white list rate for 1028:0177 is 48000
Jan  9 14:46:33 kernel: [    2.183220] usb 1-1: New USB device found, idVendor=80ee, idProduct=0021, bcdDevice= 1.00
Jan  9 14:46:33 kernel: [    2.183222] usb 1-1: New USB device strings: Mfr=1, Product=3, SerialNumber=0
Jan  9 14:46:33 kernel: [    2.183223] usb 1-1: Product: USB Tablet
Jan  9 14:46:33 kernel: [    2.183224] usb 1-1: Manufacturer: VirtualBox
Jan  9 14:46:33 kernel: [    2.198328] hidraw: raw HID events driver (C) Jiri Kosina
Jan  9 14:46:33 kernel: [    2.212833] usbcore: registered new interface driver usbhid
Jan  9 14:46:33 kernel: [    2.212835] usbhid: USB HID core driver
Jan  9 14:46:33 kernel: [    2.215225] input: VirtualBox USB Tablet as /devices/pci0000:00/0000:00:06.0/usb1/1-1/1-1:1.0/0003:80EE:0021.0001/input/input3
Jan  9 14:46:33 kernel: [    2.215442] hid-generic 0003:80EE:0021.0001: input,hidraw0: USB HID v1.10 Mouse [VirtualBox USB Tablet] on usb-0000:00:06.0-1/input0
Jan  9 14:46:33 entropy-source: haveged not needed: rdrand CPU flag detected
Jan  9 14:46:33 reopen-console: Looking at console tty0 from /proc/consoles
Jan  9 14:46:33 reopen-console:    Adding tty0 to consoles list
Jan  9 14:46:33 reopen-console:    tty0 is preferred
Jan  9 14:46:33 reopen-console: Adding inittab entry for tty0
Jan  9 14:46:33 reopen-console: Restarting init to start d-i on the consoles we found
Jan  9 14:46:33 init: reloading /etc/inittab
Jan  9 14:46:33 init: starting pid 318, tty '/dev/tty4': '/usr/bin/tail -f /var/log/syslog'
Jan  9 14:46:33 init: starting pid 319, tty '/dev/tty0': '/sbin/debian-installer'
Jan  9 14:46:34 init: process '/sbin/debian-installer' (pid 319) exited. Scheduling for restart.
Jan  9 14:46:34 init: starting pid 338, tty '/dev/tty0': '/sbin/debian-installer'
Jan  9 14:46:35 debconf: Setting debconf/language to en
Jan  9 14:46:35 main-menu[365]: DEBUG: resolver (libgcc1): package doesn't exist (ignored)
Jan  9 14:46:35 main-menu[365]: INFO: Falling back to the package description for brltty-udeb
Jan  9 14:46:35 main-menu[365]: INFO: Menu item 'localechooser' selected
Jan  9 14:46:35 debconf: Setting debconf/language to en
Jan  9 14:46:35 gtk-set-font: Switching to font 'DejaVu Sans' for 'en'
Jan  9 14:48:29 localechooser: info: Language = 'en'
Jan  9 14:48:29 localechooser: info: line=en;0;US;en_US.UTF-8;;console-setup
Jan  9 14:48:29 localechooser: info: Set debian-installer/language = 'en'
Jan  9 14:48:29 localechooser: info: Default country = 'US'
Jan  9 14:48:29 localechooser: info: Default locale = 'en_US.UTF-8'
Jan  9 14:48:29 localechooser: info: Set debian-installer/consoledisplay = 'console-setup'
Jan  9 14:48:29 debconf: Setting debconf/language to en
Jan  9 14:48:29 gtk-set-font: Switching to font 'DejaVu Sans' for 'en'
Jan  9 14:48:30 localechooser: info: Set debian-installer/country = 'US'
Jan  9 14:48:30 localechooser: info: Set debian-installer/locale = 'en_US.UTF-8'
Jan  9 14:48:30 localechooser: info: System locale (debian-installer/locale) = 'en_US.UTF-8'
Jan  9 14:48:30 main-menu[365]: DEBUG: resolver (libgcc1): package doesn't exist (ignored)
Jan  9 14:48:30 main-menu[365]: INFO: Falling back to the package description for brltty-udeb
Jan  9 14:48:30 main-menu[365]: INFO: Falling back to the package description for brltty-udeb
Jan  9 14:48:30 main-menu[365]: INFO: Falling back to the package description for brltty-udeb
Jan  9 14:48:30 main-menu[365]: INFO: Menu item 'brltty-udeb' selected
Jan  9 14:48:30 main-menu[365]: WARNING **: Unable to set title for brltty-udeb.
Jan  9 14:48:30 main-menu[365]: DEBUG: resolver (libgcc1): package doesn't exist (ignored)
Jan  9 14:48:30 main-menu[365]: INFO: Falling back to the package description for brltty-udeb
Jan  9 14:48:30 main-menu[365]: INFO: Falling back to the package description for brltty-udeb
Jan  9 14:48:30 main-menu[365]: INFO: Menu item 'espeakup-udeb' selected
Jan  9 14:48:30 main-menu[365]: DEBUG: resolver (libgcc1): package doesn't exist (ignored)
Jan  9 14:48:30 main-menu[365]: INFO: Falling back to the package description for brltty-udeb
Jan  9 14:48:30 main-menu[365]: INFO: Falling back to the package description for brltty-udeb
Jan  9 14:48:30 main-menu[365]: INFO: Menu item 'console-setup-udeb' selected
Jan  9 14:48:32 main-menu[365]: DEBUG: resolver (libgcc1): package doesn't exist (ignored)
Jan  9 14:48:32 main-menu[365]: INFO: Falling back to the package description for brltty-udeb
Jan  9 14:48:32 main-menu[365]: INFO: Falling back to the package description for brltty-udeb
Jan  9 14:48:32 main-menu[365]: INFO: Menu item 'cdrom-detect' selected
Jan  9 14:48:32 net/hw-detect.hotplug: Detected hotpluggable network interface lo
Jan  9 14:48:32 hw-detect: Detected module 'usb-storage' for 'USB storage'
Jan  9 14:48:32 hw-detect: insmod /lib/modules/4.19.0-6-amd64/kernel/drivers/usb/storage/usb-storage.ko 
Jan  9 14:48:32 kernel: [  121.306668] usbcore: registered new interface driver usb-storage
Jan  9 14:48:32 apt-install: Queueing package udev for later installation
Jan  9 14:48:32 apt-install: Queueing package pciutils for later installation
Jan  9 14:48:32 apt-install: Queueing package usbutils for later installation
Jan  9 14:48:32 apt-install: Queueing package eject for later installation
Jan  9 14:48:33 check-missing-firmware: looking at dmesg for the first time
Jan  9 14:48:33 check-missing-firmware: saving timestamp for a later use: [  121.306668]
Jan  9 14:48:33 check-missing-firmware: /dev/.udev/firmware-missing does not exist, skipping
Jan  9 14:48:33 check-missing-firmware: /run/udev/firmware-missing does not exist, skipping
Jan  9 14:48:33 check-missing-firmware: no missing firmware in loaded kernel modules
Jan  9 14:48:33 cdrom-detect: Searching for Debian installation media...
Jan  9 14:48:33 cdrom-detect: Devices: '/dev/sr0'
Jan  9 14:48:33 kernel: [  122.497232] ISO 9660 Extensions: Microsoft Joliet Level 3
Jan  9 14:48:33 cdrom-detect: CD-ROM mount succeeded: device=/dev/sr0 fstype=iso9660
Jan  9 14:48:33 kernel: [  122.498803] ISO 9660 Extensions: RRIP_1991A
Jan  9 14:48:33 cdrom-detect: Detected CD 'Debian GNU/Linux 10.2.0 "Buster" - Official amd64 NETINST 20191116-09:56'
Jan  9 14:48:34 cdrom-detect: Detected CD with 'stable' (buster) distribution
Jan  9 14:48:34 anna-install: Queueing udeb eject-udeb for later installation
Jan  9 14:48:34 anna-install: Queueing udeb apt-mirror-setup for later installation
Jan  9 14:48:34 anna-install: Queueing udeb apt-cdrom-setup for later installation
Jan  9 14:48:34 anna-install: Queueing udeb buster-support for later installation
Jan  9 14:48:34 main-menu[365]: DEBUG: resolver (libgcc1): package doesn't exist (ignored)
Jan  9 14:48:34 main-menu[365]: INFO: Falling back to the package description for brltty-udeb
Jan  9 14:48:34 main-menu[365]: INFO: Falling back to the package description for brltty-udeb
Jan  9 14:48:34 main-menu[365]: INFO: Menu item 'load-cdrom' selected
Jan  9 14:48:34 cdrom-retriever: warning: File /cdrom/dists/buster/main/debian-installer/binary-amd64/Packages does not exist.
Jan  9 14:48:34 cdrom-retriever: warning: Unable to find contrib/debian-installer/binary-amd64/Packages in /cdrom/dists/buster/Release.
Jan  9 14:48:34 cdrom-retriever: warning: Unable to find contrib/debian-installer/binary-amd64/Packages.gz in /cdrom/dists/buster/Release.
Jan  9 14:48:34 anna[2037]: DEBUG: resolver (fat-modules): package doesn't exist (ignored)
Jan  9 14:48:34 anna[2037]: DEBUG: resolver (scsi-modules): package doesn't exist (ignored)
Jan  9 14:48:34 anna[2037]: DEBUG: resolver (fat-modules): package doesn't exist (ignored)
Jan  9 14:48:34 anna[2037]: DEBUG: resolver (scsi-modules): package doesn't exist (ignored)
Jan  9 14:48:34 anna[2037]: DEBUG: retrieving apt-cdrom-setup 1:0.151~deb10u1
Jan  9 14:48:34 anna[2037]: DEBUG: retrieving apt-mirror-setup 1:0.151~deb10u1
Jan  9 14:48:34 anna[2037]: DEBUG: retrieving apt-setup-udeb 1:0.151~deb10u1
Jan  9 14:48:34 anna[2037]: DEBUG: retrieving base-installer 1.189
Jan  9 14:48:34 anna[2037]: DEBUG: retrieving bootstrap-base 1.189
Jan  9 14:48:34 anna[2037]: DEBUG: retrieving btrfs-progs-udeb 4.20.1-2
Jan  9 14:48:35 anna[2037]: DEBUG: retrieving choose-mirror-bin 2.99
Jan  9 14:48:35 anna[2037]: DEBUG: retrieving clock-setup 0.141
Jan  9 14:48:35 anna[2037]: DEBUG: retrieving debian-archive-keyring-udeb 2019.1
Jan  9 14:48:35 anna[2037]: DEBUG: retrieving di-utils-mapdevfs 1.132
Jan  9 14:48:35 anna[2037]: DEBUG: retrieving debootstrap-udeb 1.0.114
Jan  9 14:48:35 anna[2037]: DEBUG: retrieving dmidecode-udeb 3.2-1
Jan  9 14:48:35 anna[2037]: DEBUG: retrieving dosfstools-udeb 4.1-2
Jan  9 14:48:35 anna[2037]: DEBUG: retrieving e2fsprogs-udeb 1.44.5-1+deb10u2
Jan  9 14:48:35 anna[2037]: DEBUG: retrieving eject-udeb 2.1.5+deb1+cvs20081104-13.2
Jan  9 14:48:35 anna[2037]: DEBUG: retrieving finish-install 2.100
Jan  9 14:48:35 anna[2037]: DEBUG: retrieving fuse-udeb 2.9.9-1
Jan  9 14:48:35 anna[2037]: DEBUG: retrieving libfuse2-udeb 2.9.9-1
Jan  9 14:48:35 anna[2037]: DEBUG: retrieving gpgv-udeb 2.2.12-1+deb10u1
Jan  9 14:48:35 anna[2037]: DEBUG: retrieving grub-installer 1.165
Jan  9 14:48:36 anna[2037]: DEBUG: retrieving grub-mount-udeb 2.02+dfsg1-20
Jan  9 14:48:36 anna[2037]: DEBUG: retrieving disk-detect 1.137
Jan  9 14:48:36 anna[2037]: DEBUG: retrieving ethdetect 1.137
Jan  9 14:48:36 anna[2037]: DEBUG: retrieving jfsutils-udeb 1.1.15-4
Jan  9 14:48:36 anna[2037]: DEBUG: retrieving kickseed-common 0.63
Jan  9 14:48:36 anna[2037]: DEBUG: retrieving libgcrypt20-udeb 1.8.4-5
Jan  9 14:48:36 anna[2037]: DEBUG: retrieving libgpg-error0-udeb 1.35-1
Jan  9 14:48:36 anna[2037]: DEBUG: retrieving libnl-3-200-udeb 3.4.0-1
Jan  9 14:48:36 anna[2037]: DEBUG: retrieving libnl-genl-3-200-udeb 3.4.0-1
Jan  9 14:48:36 anna[2037]: DEBUG: retrieving libzstd1-udeb 1.3.8+dfsg-3
Jan  9 14:48:36 anna[2037]: DEBUG: retrieving btrfs-modules-4.19.0-6-amd64-di 4.19.67-2+deb10u1
Jan  9 14:48:36 anna[2037]: DEBUG: retrieving compress-modules-4.19.0-6-amd64-di 4.19.67-2+deb10u1
Jan  9 14:48:36 anna[2037]: DEBUG: retrieving crypto-modules-4.19.0-6-amd64-di 4.19.67-2+deb10u1
Jan  9 14:48:36 anna[2037]: DEBUG: retrieving efi-modules-4.19.0-6-amd64-di 4.19.67-2+deb10u1
Jan  9 14:48:37 anna[2037]: DEBUG: retrieving ext4-modules-4.19.0-6-amd64-di 4.19.67-2+deb10u1
Jan  9 14:48:37 anna[2037]: DEBUG: retrieving jfs-modules-4.19.0-6-amd64-di 4.19.67-2+deb10u1
Jan  9 14:48:37 anna[2037]: DEBUG: retrieving loop-modules-4.19.0-6-amd64-di 4.19.67-2+deb10u1
Jan  9 14:48:37 anna[2037]: DEBUG: retrieving md-modules-4.19.0-6-amd64-di 4.19.67-2+deb10u1
Jan  9 14:48:37 anna[2037]: DEBUG: retrieving mtd-core-modules-4.19.0-6-amd64-di 4.19.67-2+deb10u1
Jan  9 14:48:37 anna[2037]: DEBUG: retrieving nic-modules-4.19.0-6-amd64-di 4.19.67-2+deb10u1
Jan  9 14:48:37 anna[2037]: DEBUG: retrieving nic-pcmcia-modules-4.19.0-6-amd64-di 4.19.67-2+deb10u1
Jan  9 14:48:37 anna[2037]: DEBUG: retrieving nic-shared-modules-4.19.0-6-amd64-di 4.19.67-2+deb10u1
Jan  9 14:48:37 anna[2037]: DEBUG: retrieving nic-usb-modules-4.19.0-6-amd64-di 4.19.67-2+deb10u1
Jan  9 14:48:37 anna[2037]: DEBUG: retrieving nic-wireless-modules-4.19.0-6-amd64-di 4.19.67-2+deb10u1
Jan  9 14:48:38 anna[2037]: DEBUG: retrieving xfs-modules-4.19.0-6-amd64-di 4.19.67-2+deb10u1
Jan  9 14:48:38 anna[2037]: DEBUG: retrieving libdevmapper1.02.1-udeb 2:1.02.155-3
Jan  9 14:48:38 anna[2037]: DEBUG: retrieving liblzo2-2-udeb 2.10-0.1
Jan  9 14:48:38 anna[2037]: DEBUG: retrieving mdadm-udeb 4.1-1
Jan  9 14:48:38 anna[2037]: DEBUG: retrieving ndisc6-udeb 1.0.4-1
Jan  9 14:48:38 anna[2037]: DEBUG: retrieving rdnssd-udeb 1.0.4-1
Jan  9 14:48:38 anna[2037]: DEBUG: retrieving netcfg 1.160
Jan  9 14:48:38 anna[2037]: DEBUG: retrieving nobootloader 1.56
Jan  9 14:48:39 anna[2037]: DEBUG: retrieving ntfs-3g-udeb 1:2017.3.23AR.3-3
Jan  9 14:48:39 anna[2037]: DEBUG: retrieving open-iscsi-udeb 2.0.874-7.1
Jan  9 14:48:39 anna[2037]: DEBUG: retrieving libisns-nocrypto0-udeb 0.97-3
Jan  9 14:48:39 anna[2037]: DEBUG: retrieving os-prober-udeb 1.77
Jan  9 14:48:39 anna[2037]: DEBUG: retrieving libparted-fs-resize0-udeb 3.2-25
Jan  9 14:48:39 anna[2037]: DEBUG: retrieving libparted2-udeb 3.2-25
Jan  9 14:48:39 anna[2037]: DEBUG: retrieving partman-auto 149
Jan  9 14:48:39 anna[2037]: DEBUG: retrieving partman-auto-raid 41
Jan  9 14:48:39 anna[2037]: DEBUG: retrieving partman-base 208
Jan  9 14:48:40 anna[2037]: DEBUG: retrieving partman-utils 208
Jan  9 14:48:40 anna[2037]: DEBUG: retrieving partman-basicfilesystems 148
Jan  9 14:48:40 anna[2037]: DEBUG: retrieving partman-basicmethods 69
Jan  9 14:48:40 anna[2037]: DEBUG: retrieving partman-btrfs 49
Jan  9 14:48:40 anna[2037]: DEBUG: retrieving partman-efi 80
Jan  9 14:48:41 anna[2037]: DEBUG: retrieving partman-ext3 103
Jan  9 14:48:41 anna[2037]: DEBUG: retrieving partman-iscsi 61
Jan  9 14:48:41 anna[2037]: DEBUG: retrieving partman-jfs 57
Jan  9 14:48:41 anna[2037]: DEBUG: retrieving partman-md 90
Jan  9 14:48:42 anna[2037]: DEBUG: retrieving partman-partitioning 130
Jan  9 14:48:42 anna[2037]: DEBUG: retrieving partman-target 115
Jan  9 14:48:43 anna[2037]: DEBUG: retrieving partman-xfs 66
Jan  9 14:48:43 anna[2037]: DEBUG: retrieving pkgsel 0.66
Jan  9 14:48:43 anna[2037]: DEBUG: retrieving network-preseed 1.102
Jan  9 14:48:43 anna[2037]: DEBUG: retrieving rdate-udeb 1:1.2-6
Jan  9 14:48:44 anna[2037]: DEBUG: retrieving tzsetup-udeb 1:0.111
Jan  9 14:48:44 anna[2037]: DEBUG: retrieving user-setup-udeb 1.81
Jan  9 14:48:44 anna[2037]: DEBUG: retrieving wide-dhcpv6-client-udeb 20080615-22
Jan  9 14:48:44 anna[2037]: DEBUG: retrieving libiw30-udeb 30~pre9-13
Jan  9 14:48:44 anna[2037]: DEBUG: retrieving wpasupplicant-udeb 2:2.7+git20190128+0c1e29f-6+deb10u1
Jan  9 14:48:44 anna[2037]: DEBUG: retrieving xfsprogs-udeb 4.20.0-1
Jan  9 14:48:45 main-menu[365]: DEBUG: resolver (libgcc1): package doesn't exist (ignored)
Jan  9 14:48:45 main-menu[365]: INFO: Falling back to the package description for brltty-udeb
Jan  9 14:48:45 main-menu[365]: INFO: Falling back to the package description for brltty-udeb
Jan  9 14:48:45 main-menu[365]: INFO: Menu item 'ethdetect' selected
Jan  9 14:48:45 kernel: [  134.320125] e1000: Intel(R) PRO/1000 Network Driver - version 7.3.21-k8-NAPI
Jan  9 14:48:45 kernel: [  134.320126] e1000: Copyright (c) 1999-2006 Intel Corporation.
Jan  9 14:48:45 net/hw-detect.hotplug: Detected hotpluggable network interface lo
Jan  9 14:48:46 kernel: [  134.779276] e1000 0000:00:03.0 eth0: (PCI:33MHz:32-bit) 08:00:27:b3:95:26
Jan  9 14:48:46 kernel: [  134.779281] e1000 0000:00:03.0 eth0: Intel(R) PRO/1000 Network Connection
Jan  9 14:48:46 kernel: [  134.780428] e1000 0000:00:03.0 enp0s3: renamed from eth0
Jan  9 14:48:46 net/hw-detect.hotplug: Detected hotpluggable network interface enp0s3
Jan  9 14:48:47 check-missing-firmware: looking at dmesg again, restarting from \[  121.306668\]
Jan  9 14:48:47 check-missing-firmware: timestamp found, truncating dmesg accordingly
Jan  9 14:48:47 check-missing-firmware: saving timestamp for a later use: [  134.780428]
Jan  9 14:48:47 check-missing-firmware: /dev/.udev/firmware-missing does not exist, skipping
Jan  9 14:48:47 check-missing-firmware: /run/udev/firmware-missing does not exist, skipping
Jan  9 14:48:47 check-missing-firmware: no missing firmware in loaded kernel modules
Jan  9 14:48:47 check-missing-firmware: taking network interface enp0s3 up/down
Jan  9 14:48:47 kernel: [  135.946990] IPv6: ADDRCONF(NETDEV_UP): enp0s3: link is not ready
Jan  9 14:48:48 check-missing-firmware: looking at dmesg again, restarting from \[  134.780428\]
Jan  9 14:48:48 check-missing-firmware: timestamp found, truncating dmesg accordingly
Jan  9 14:48:48 check-missing-firmware: saving timestamp for a later use: [  135.946990]
Jan  9 14:48:48 check-missing-firmware: /dev/.udev/firmware-missing does not exist, skipping
Jan  9 14:48:48 check-missing-firmware: /run/udev/firmware-missing does not exist, skipping
Jan  9 14:48:48 check-missing-firmware: no missing firmware in loaded kernel modules
Jan  9 14:48:48 main-menu[365]: DEBUG: resolver (libgcc1): package doesn't exist (ignored)
Jan  9 14:48:48 main-menu[365]: INFO: Falling back to the package description for brltty-udeb
Jan  9 14:48:48 main-menu[365]: INFO: Falling back to the package description for brltty-udeb
Jan  9 14:48:48 main-menu[365]: INFO: Menu item 'netcfg' selected
Jan  9 14:48:48 netcfg[3840]: INFO: Starting netcfg v.1.160
Jan  9 14:48:48 netcfg[3840]: WARNING **: Couldn't read Wpasupplicant pid file, not trying to kill.
Jan  9 14:48:48 netcfg[3840]: INFO: Could not find valid BOOTIF= entry in /proc/cmdline
Jan  9 14:48:48 netcfg[3840]: INFO: Taking down interface enp0s3
Jan  9 14:48:48 netcfg[3840]: INFO: Taking down interface lo
Jan  9 14:48:48 netcfg[3840]: INFO: Activating interface enp0s3
Jan  9 14:48:48 netcfg[3840]: DEBUG: State is now 0
Jan  9 14:48:48 netcfg[3840]: DEBUG: Want link on enp0s3
Jan  9 14:48:48 netcfg[3840]: INFO: Waiting time set to 3
Jan  9 14:48:48 kernel: [  137.349953] IPv6: ADDRCONF(NETDEV_UP): enp0s3: link is not ready
Jan  9 14:48:49 netcfg[3840]: INFO: ethtool-lite: enp0s3: carrier down
Jan  9 14:48:49 netcfg[3840]: INFO: ethtool-lite: enp0s3: carrier down
Jan  9 14:48:49 netcfg[3840]: INFO: ethtool-lite: enp0s3: carrier down
Jan  9 14:48:49 netcfg[3840]: INFO: ethtool-lite: enp0s3: carrier down
Jan  9 14:48:50 netcfg[3840]: INFO: ethtool-lite: enp0s3: carrier down
Jan  9 14:48:50 netcfg[3840]: INFO: ethtool-lite: enp0s3: carrier down
Jan  9 14:48:50 netcfg[3840]: INFO: ethtool-lite: enp0s3: carrier down
Jan  9 14:48:50 kernel: [  139.362316] e1000: enp0s3 NIC Link is Up 1000 Mbps Full Duplex, Flow Control: RX
Jan  9 14:48:50 kernel: [  139.362846] IPv6: ADDRCONF(NETDEV_CHANGE): enp0s3: link becomes ready
Jan  9 14:48:50 netcfg[3840]: INFO: ethtool-lite: enp0s3: carrier up
Jan  9 14:48:50 netcfg[3840]: INFO: Found link on enp0s3
Jan  9 14:48:50 netcfg[3840]: DEBUG: Commencing network autoconfiguration on enp0s3
Jan  9 14:48:50 netcfg[3840]: DEBUG: rdnssd started; PID: 3850
Jan  9 14:48:51 netcfg[3840]: DEBUG: nc_v6_interface_configured(enp0s3, scope local)
Jan  9 14:48:51 netcfg[3840]: DEBUG: Running ip addr show enp0s3 to look for address
Jan  9 14:48:51 netcfg[3840]: DEBUG: ip line: 2: enp0s3: <BROADCAST,MULTICAST,UP,LOWER_UP> mtu 1500 qdisc pfifo_fast qlen 1000
Jan  9 14:48:51 netcfg[3840]: DEBUG: ip line:     link/ether 08:00:27:b3:95:26 brd ff:ff:ff:ff:ff:ff
Jan  9 14:48:51 netcfg[3840]: DEBUG: ip line:     inet6 fe80::a00:27ff:feb3:9526/64 scope link tentative 
Jan  9 14:48:51 netcfg[3840]: DEBUG: ip line:        valid_lft forever preferred_lft forever
Jan  9 14:48:51 netcfg[3840]: DEBUG: nc_v6_interface_configured(enp0s3, scope local)
Jan  9 14:48:51 netcfg[3840]: DEBUG: Running ip addr show enp0s3 to look for address
Jan  9 14:48:51 netcfg[3840]: DEBUG: ip line: 2: enp0s3: <BROADCAST,MULTICAST,UP,LOWER_UP> mtu 1500 qdisc pfifo_fast qlen 1000
Jan  9 14:48:51 netcfg[3840]: DEBUG: ip line:     link/ether 08:00:27:b3:95:26 brd ff:ff:ff:ff:ff:ff
Jan  9 14:48:51 netcfg[3840]: DEBUG: ip line:     inet6 fe80::a00:27ff:feb3:9526/64 scope link tentative 
Jan  9 14:48:51 netcfg[3840]: DEBUG: ip line:        valid_lft forever preferred_lft forever
Jan  9 14:48:51 netcfg[3840]: DEBUG: nc_v6_interface_configured(enp0s3, scope local)
Jan  9 14:48:51 netcfg[3840]: DEBUG: Running ip addr show enp0s3 to look for address
Jan  9 14:48:51 netcfg[3840]: DEBUG: ip line: 2: enp0s3: <BROADCAST,MULTICAST,UP,LOWER_UP> mtu 1500 qdisc pfifo_fast qlen 1000
Jan  9 14:48:51 netcfg[3840]: DEBUG: ip line:     link/ether 08:00:27:b3:95:26 brd ff:ff:ff:ff:ff:ff
Jan  9 14:48:51 netcfg[3840]: DEBUG: ip line:     inet6 fe80::a00:27ff:feb3:9526/64 scope link tentative 
Jan  9 14:48:51 netcfg[3840]: DEBUG: ip line:        valid_lft forever preferred_lft forever
Jan  9 14:48:51 netcfg[3840]: DEBUG: nc_v6_interface_configured(enp0s3, scope local)
Jan  9 14:48:51 netcfg[3840]: DEBUG: Running ip addr show enp0s3 to look for address
Jan  9 14:48:51 netcfg[3840]: DEBUG: ip line: 2: enp0s3: <BROADCAST,MULTICAST,UP,LOWER_UP> mtu 1500 qdisc pfifo_fast qlen 1000
Jan  9 14:48:51 netcfg[3840]: DEBUG: ip line:     link/ether 08:00:27:b3:95:26 brd ff:ff:ff:ff:ff:ff
Jan  9 14:48:51 netcfg[3840]: DEBUG: ip line:     inet6 fe80::a00:27ff:feb3:9526/64 scope link tentative 
Jan  9 14:48:51 netcfg[3840]: DEBUG: ip line:        valid_lft forever preferred_lft forever
Jan  9 14:48:52 netcfg[3840]: DEBUG: nc_v6_interface_configured(enp0s3, scope local)
Jan  9 14:48:52 netcfg[3840]: DEBUG: Running ip addr show enp0s3 to look for address
Jan  9 14:48:52 netcfg[3840]: DEBUG: ip line: 2: enp0s3: <BROADCAST,MULTICAST,UP,LOWER_UP> mtu 1500 qdisc pfifo_fast qlen 1000
Jan  9 14:48:52 netcfg[3840]: DEBUG: ip line:     link/ether 08:00:27:b3:95:26 brd ff:ff:ff:ff:ff:ff
Jan  9 14:48:52 netcfg[3840]: DEBUG: ip line:     inet6 fe80::a00:27ff:feb3:9526/64 scope link tentative 
Jan  9 14:48:52 netcfg[3840]: DEBUG: ip line:        valid_lft forever preferred_lft forever
Jan  9 14:48:52 netcfg[3840]: DEBUG: nc_v6_interface_configured(enp0s3, scope local)
Jan  9 14:48:52 netcfg[3840]: DEBUG: Running ip addr show enp0s3 to look for address
Jan  9 14:48:52 netcfg[3840]: DEBUG: ip line: 2: enp0s3: <BROADCAST,MULTICAST,UP,LOWER_UP> mtu 1500 qdisc pfifo_fast qlen 1000
Jan  9 14:48:52 netcfg[3840]: DEBUG: ip line:     link/ether 08:00:27:b3:95:26 brd ff:ff:ff:ff:ff:ff
Jan  9 14:48:52 netcfg[3840]: DEBUG: ip line:     inet6 fe80::a00:27ff:feb3:9526/64 scope link 
Jan  9 14:48:52 netcfg[3840]: DEBUG: Configured address found
Jan  9 14:48:52 netcfg[3840]: DEBUG: ip line:        valid_lft forever preferred_lft forever
Jan  9 14:48:52 netcfg[3840]: DEBUG: Running rdisc6 -1 -r 1 -w 500 -n enp0s3 to get IPv6 config flags
Jan  9 14:48:52 netcfg[3840]: DEBUG: rdisc6 line: Soliciting ff02::2 (ff02::2) on enp0s3...
Jan  9 14:48:52 netcfg[3840]: DEBUG: rdisc6 line: Timed out.
Jan  9 14:48:52 netcfg[3840]: DEBUG: rdisc6 line: No response.
Jan  9 14:48:52 netcfg[3840]: DEBUG: rdisc6 parsing finished
Jan  9 14:48:53 netcfg[3840]: DEBUG: rdisc6 line: Soliciting ff02::2 (ff02::2) on enp0s3...
Jan  9 14:48:53 netcfg[3840]: DEBUG: rdisc6 line: Timed out.
Jan  9 14:48:53 netcfg[3840]: DEBUG: rdisc6 line: No response.
Jan  9 14:48:53 netcfg[3840]: DEBUG: rdisc6 parsing finished
Jan  9 14:48:53 netcfg[3840]: DEBUG: rdisc6 line: Soliciting ff02::2 (ff02::2) on enp0s3...
Jan  9 14:48:53 netcfg[3840]: DEBUG: rdisc6 line: Timed out.
Jan  9 14:48:53 netcfg[3840]: DEBUG: rdisc6 line: No response.
Jan  9 14:48:53 netcfg[3840]: DEBUG: rdisc6 parsing finished
Jan  9 14:48:54 netcfg[3840]: DEBUG: rdisc6 line: Soliciting ff02::2 (ff02::2) on enp0s3...
Jan  9 14:48:54 netcfg[3840]: DEBUG: rdisc6 line: Timed out.
Jan  9 14:48:54 netcfg[3840]: DEBUG: rdisc6 line: No response.
Jan  9 14:48:54 netcfg[3840]: DEBUG: rdisc6 parsing finished
Jan  9 14:48:54 netcfg[3840]: DEBUG: rdisc6 line: Soliciting ff02::2 (ff02::2) on enp0s3...
Jan  9 14:48:54 netcfg[3840]: DEBUG: rdisc6 line: Timed out.
Jan  9 14:48:54 netcfg[3840]: DEBUG: rdisc6 line: No response.
Jan  9 14:48:54 netcfg[3840]: DEBUG: rdisc6 parsing finished
Jan  9 14:48:55 netcfg[3840]: DEBUG: rdisc6 line: Soliciting ff02::2 (ff02::2) on enp0s3...
Jan  9 14:48:55 netcfg[3840]: DEBUG: rdisc6 line: Timed out.
Jan  9 14:48:55 netcfg[3840]: DEBUG: rdisc6 line: No response.
Jan  9 14:48:55 netcfg[3840]: DEBUG: rdisc6 parsing finished
Jan  9 14:48:55 netcfg[3840]: DEBUG: rdisc6 line: Soliciting ff02::2 (ff02::2) on enp0s3...
Jan  9 14:48:55 netcfg[3840]: DEBUG: rdisc6 line: Timed out.
Jan  9 14:48:55 netcfg[3840]: DEBUG: rdisc6 line: No response.
Jan  9 14:48:55 netcfg[3840]: DEBUG: rdisc6 parsing finished
Jan  9 14:48:56 netcfg[3840]: DEBUG: rdisc6 line: Soliciting ff02::2 (ff02::2) on enp0s3...
Jan  9 14:48:56 netcfg[3840]: DEBUG: rdisc6 line: Timed out.
Jan  9 14:48:56 netcfg[3840]: DEBUG: rdisc6 line: No response.
Jan  9 14:48:56 netcfg[3840]: DEBUG: rdisc6 parsing finished
Jan  9 14:48:56 netcfg[3840]: DEBUG: rdisc6 line: Soliciting ff02::2 (ff02::2) on enp0s3...
Jan  9 14:48:56 netcfg[3840]: DEBUG: rdisc6 line: Timed out.
Jan  9 14:48:56 netcfg[3840]: DEBUG: rdisc6 line: No response.
Jan  9 14:48:56 netcfg[3840]: DEBUG: rdisc6 parsing finished
Jan  9 14:48:57 netcfg[3840]: DEBUG: rdisc6 line: Soliciting ff02::2 (ff02::2) on enp0s3...
Jan  9 14:48:57 netcfg[3840]: DEBUG: rdisc6 line: Timed out.
Jan  9 14:48:57 netcfg[3840]: DEBUG: rdisc6 line: No response.
Jan  9 14:48:57 netcfg[3840]: DEBUG: rdisc6 parsing finished
Jan  9 14:48:57 netcfg[3840]: DEBUG: rdisc6 line: Soliciting ff02::2 (ff02::2) on enp0s3...
Jan  9 14:48:57 netcfg[3840]: DEBUG: rdisc6 line: Timed out.
Jan  9 14:48:57 netcfg[3840]: DEBUG: rdisc6 line: No response.
Jan  9 14:48:57 netcfg[3840]: DEBUG: rdisc6 parsing finished
Jan  9 14:48:58 netcfg[3840]: DEBUG: rdisc6 line: Soliciting ff02::2 (ff02::2) on enp0s3...
Jan  9 14:48:58 netcfg[3840]: DEBUG: rdisc6 line: Timed out.
Jan  9 14:48:58 netcfg[3840]: DEBUG: rdisc6 line: No response.
Jan  9 14:48:58 netcfg[3840]: DEBUG: rdisc6 parsing finished
Jan  9 14:48:58 netcfg[3840]: DEBUG: Stopping rdnssd, PID 3850
Jan  9 14:48:58 netcfg[3840]: DEBUG: No RA received; attempting IPv4 autoconfig
Jan  9 14:48:58 netcfg[3840]: WARNING **: Started DHCP client; PID is 3870
Jan  9 14:48:58 udhcpc: Got IP 10.0.2.15 (using enp0s3) and routing through 10.0.2.2
Jan  9 14:49:01 netcfg[3840]: DEBUG: Reading domain name returned via DHCP
Jan  9 14:49:01 netcfg[3840]: DEBUG: DHCP domain name is 'home'
Jan  9 14:49:01 netcfg[3840]: DEBUG: Reading nameservers from /etc/resolv.conf
Jan  9 14:49:01 netcfg[3840]: DEBUG: Read nameserver 192.168.1.1
Jan  9 14:49:01 netcfg[3840]: DEBUG: State is now 1
Jan  9 14:49:01 netcfg[3840]: DEBUG: State is now 2
Jan  9 14:49:01 netcfg[3840]: DEBUG: State is now 5
Jan  9 14:49:01 netcfg[3840]: DEBUG: Using DNS to try and obtain default hostname
Jan  9 14:49:01 netcfg[3840]: DEBUG: Getting default hostname from rDNS lookup of autoconfigured address 10.0.2.15
Jan  9 14:49:01 netcfg[3840]: DEBUG: getnameinfo() returned -2 (Name or service not known)
Jan  9 14:49:01 netcfg[3840]: DEBUG: Getting default hostname from rDNS lookup of autoconfigured address fe80::a00:27ff:feb3:9526
Jan  9 14:49:01 netcfg[3840]: DEBUG: getnameinfo() returned -2 (Name or service not known)
Jan  9 14:49:16 netcfg[3840]: DEBUG: State is now 6
Jan  9 14:49:26 netcfg[3840]: DEBUG: Network config complete
Jan  9 14:49:26 netcfg[3840]: DEBUG: No interface given; clearing /etc/network/interfaces
Jan  9 14:49:26 netcfg[3840]: DEBUG: Writing informative header
Jan  9 14:49:26 netcfg[3840]: DEBUG: Success!
Jan  9 14:49:26 netcfg[3840]: DEBUG: Writing loopback interface
Jan  9 14:49:26 netcfg[3840]: DEBUG: Success!
Jan  9 14:49:26 netcfg[3840]: DEBUG: Writing DHCP stanza for enp0s3
Jan  9 14:49:26 netcfg[3840]: INFO: Detected enp0s3 as a hotpluggable device
Jan  9 14:49:26 netcfg[3840]: DEBUG: Success!
Jan  9 14:49:27 main-menu[365]: (process:3839): udhcpc: started, v1.30.1
Jan  9 14:49:27 main-menu[365]: (process:3839): udhcpc: sending discover
Jan  9 14:49:27 main-menu[365]: (process:3839): udhcpc: sending select for 10.0.2.15
Jan  9 14:49:27 main-menu[365]: (process:3839): udhcpc: lease of 10.0.2.15 obtained, lease time 86400
Jan  9 14:49:27 main-menu[365]: DEBUG: resolver (libgcc1): package doesn't exist (ignored)
Jan  9 14:49:27 main-menu[365]: INFO: Falling back to the package description for brltty-udeb
Jan  9 14:49:27 main-menu[365]: INFO: Falling back to the package description for brltty-udeb
Jan  9 14:49:27 main-menu[365]: INFO: Menu item 'user-setup-udeb' selected
Jan  9 14:50:01 main-menu[365]: DEBUG: resolver (libgcc1): package doesn't exist (ignored)
Jan  9 14:50:01 main-menu[365]: INFO: Falling back to the package description for brltty-udeb
Jan  9 14:50:01 main-menu[365]: INFO: Falling back to the package description for brltty-udeb
Jan  9 14:50:01 main-menu[365]: INFO: Menu item 'clock-setup' selected
Jan  9 14:50:01 clock-setup: rdate called using NTP server 0.debian.pool.ntp.org.
Jan  9 14:50:03 clock-setup: Sat Jan  9 14:50:03 UTC 2021
Jan  9 14:50:03 clock-setup: rdate: adjust local clock by 1.788277 seconds
Jan  9 14:50:05 main-menu[365]: DEBUG: resolver (libgcc1): package doesn't exist (ignored)
Jan  9 14:50:05 main-menu[365]: INFO: Falling back to the package description for brltty-udeb
Jan  9 14:50:05 main-menu[365]: INFO: Falling back to the package description for brltty-udeb
Jan  9 14:50:05 main-menu[365]: INFO: Menu item 'disk-detect' selected
Jan  9 14:50:06 net/hw-detect.hotplug: Detected hotpluggable network interface enp0s3
Jan  9 14:50:06 net/hw-detect.hotplug: Detected hotpluggable network interface lo
Jan  9 14:50:07 check-missing-firmware: looking at dmesg again, restarting from \[  135.946990\]
Jan  9 14:50:07 check-missing-firmware: timestamp found, truncating dmesg accordingly
Jan  9 14:50:07 check-missing-firmware: saving timestamp for a later use: [  139.362846]
Jan  9 14:50:07 check-missing-firmware: /dev/.udev/firmware-missing does not exist, skipping
Jan  9 14:50:07 check-missing-firmware: /run/udev/firmware-missing does not exist, skipping
Jan  9 14:50:07 check-missing-firmware: no missing firmware in loaded kernel modules
Jan  9 14:50:08 check-missing-firmware: looking at dmesg again, restarting from \[  139.362846\]
Jan  9 14:50:08 check-missing-firmware: timestamp found, truncating dmesg accordingly
Jan  9 14:50:08 check-missing-firmware: saving timestamp for a later use: 
Jan  9 14:50:08 check-missing-firmware: /dev/.udev/firmware-missing does not exist, skipping
Jan  9 14:50:08 check-missing-firmware: /run/udev/firmware-missing does not exist, skipping
Jan  9 14:50:08 check-missing-firmware: no missing firmware in loaded kernel modules
Jan  9 14:50:09 main-menu[365]: DEBUG: resolver (libgcc1): package doesn't exist (ignored)
Jan  9 14:50:09 main-menu[365]: INFO: Falling back to the package description for brltty-udeb
Jan  9 14:50:09 main-menu[365]: INFO: Falling back to the package description for brltty-udeb
Jan  9 14:50:09 main-menu[365]: INFO: Menu item 'partman-base' selected
Jan  9 14:50:09 anna-install: Installing partman-auto-lvm
Jan  9 14:50:09 anna[4248]: DEBUG: resolver (cdebconf-udeb): package doesn't exist (ignored)
Jan  9 14:50:09 anna[4248]: DEBUG: resolver (di-utils): package doesn't exist (ignored)
Jan  9 14:50:09 anna[4248]: DEBUG: resolver (kernel-image-4.19.0-6-amd64-di): package doesn't exist (ignored)
Jan  9 14:50:09 anna[4248]: DEBUG: resolver (fat-modules): package doesn't exist (ignored)
Jan  9 14:50:09 anna[4248]: DEBUG: resolver (libdebian-installer4-udeb): package doesn't exist (ignored)
Jan  9 14:50:09 anna[4248]: DEBUG: resolver (archdetect): package doesn't exist (ignored)
Jan  9 14:50:09 anna[4248]: DEBUG: resolver (hw-detect): package doesn't exist (ignored)
Jan  9 14:50:09 anna[4248]: DEBUG: retrieving libaio1-udeb 0.3.112-3
Jan  9 14:50:09 anna[4248]: DEBUG: retrieving lvm2-udeb 2.03.02-3
Jan  9 14:50:09 anna[4248]: DEBUG: retrieving partman-auto-lvm 76
Jan  9 14:50:09 anna[4248]: DEBUG: retrieving partman-lvm 130
Jan  9 14:50:09 anna-install: Installing partman-auto-crypto
Jan  9 14:50:09 anna[4342]: DEBUG: resolver (cdebconf-udeb): package doesn't exist (ignored)
Jan  9 14:50:09 anna[4342]: DEBUG: resolver (di-utils): package doesn't exist (ignored)
Jan  9 14:50:09 anna[4342]: DEBUG: resolver (kernel-image-4.19.0-6-amd64-di): package doesn't exist (ignored)
Jan  9 14:50:09 anna[4342]: DEBUG: resolver (fat-modules): package doesn't exist (ignored)
Jan  9 14:50:09 anna[4342]: DEBUG: resolver (libdebian-installer4-udeb): package doesn't exist (ignored)
Jan  9 14:50:09 anna[4342]: DEBUG: resolver (archdetect): package doesn't exist (ignored)
Jan  9 14:50:09 anna[4342]: DEBUG: resolver (hw-detect): package doesn't exist (ignored)
Jan  9 14:50:09 anna[4342]: DEBUG: retrieving partman-auto-crypto 30
Jan  9 14:50:10 anna[4342]: DEBUG: retrieving partman-crypto 103
Jan  9 14:50:11 kernel: [  217.812011] raid6: sse2x1   gen()  8688 MB/s
Jan  9 14:50:11 kernel: [  217.878595] raid6: sse2x1   xor()  7454 MB/s
Jan  9 14:50:11 kernel: [  217.946190] raid6: sse2x2   gen() 15708 MB/s
Jan  9 14:50:11 kernel: [  218.013789] raid6: sse2x2   xor() 10352 MB/s
Jan  9 14:50:11 kernel: [  218.086280] raid6: sse2x4   gen() 17649 MB/s
Jan  9 14:50:11 kernel: [  218.153867] raid6: sse2x4   xor()  9455 MB/s
Jan  9 14:50:11 kernel: [  218.222438] raid6: avx2x1   gen() 18300 MB/s
Jan  9 14:50:11 kernel: [  218.290023] raid6: avx2x1   xor() 13977 MB/s
Jan  9 14:50:11 kernel: [  218.358594] raid6: avx2x2   gen() 24209 MB/s
Jan  9 14:50:11 kernel: [  218.426197] raid6: avx2x2   xor() 15228 MB/s
Jan  9 14:50:11 kernel: [  218.493771] raid6: avx2x4   gen() 24737 MB/s
Jan  9 14:50:11 kernel: [  218.562352] raid6: avx2x4   xor() 13157 MB/s
Jan  9 14:50:11 kernel: [  218.562353] raid6: using algorithm avx2x4 gen() 24737 MB/s
Jan  9 14:50:11 kernel: [  218.562354] raid6: .... xor() 13157 MB/s, rmw enabled
Jan  9 14:50:11 kernel: [  218.562355] raid6: using avx2x2 recovery algorithm
Jan  9 14:50:11 kernel: [  218.569357] xor: automatically using best checksumming function   avx       
Jan  9 14:50:11 kernel: [  218.614272] Btrfs loaded, crc32c=crc32c-generic
Jan  9 14:50:11 kernel: [  218.633293] JFS: nTxBlock = 7895, nTxLock = 63167
Jan  9 14:50:11 kernel: [  218.694219] SGI XFS with ACLs, security attributes, realtime, no debug enabled
Jan  9 14:50:12 md-devices: mdadm: No arrays found in config file or automatically
Jan  9 14:50:12 kernel: [  218.993595] device-mapper: uevent: version 1.0.3
Jan  9 14:50:12 kernel: [  218.994088] device-mapper: ioctl: 4.39.0-ioctl (2018-04-03) initialised: dm-devel@redhat.com
Jan  9 14:50:12 partman:   No matching physical volumes found
Jan  9 14:50:12 partman:   Reading all physical volumes.  This may take a while...
Jan  9 14:59:04 net/hw-detect.hotplug: Detected hotpluggable network interface enp0s3
Jan  9 14:59:04 net/hw-detect.hotplug: Detected hotpluggable network interface lo
Jan  9 14:59:04 kernel: [  751.390950] Adding 1046524k swap on /dev/sda5.  Priority:-2 extents:1 across:1046524k FS
Jan  9 14:59:04 partman: mke2fs 1.44.5 (15-Dec-2018)
Jan  9 14:59:05 kernel: [  751.953687] EXT4-fs (sda1): mounted filesystem with ordered data mode. Opts: errors=remount-ro
Jan  9 14:59:05 apt-install: Queueing package e2fsprogs for later installation
Jan  9 14:59:05 main-menu[365]: (process:4234): File descriptor 3 (pipe:[11732]) leaked on pvs invocation.
Jan  9 14:59:05 main-menu[365]: (process:4234):  Parent PID 6175: /bin/sh
Jan  9 14:59:05 main-menu[365]: (process:4234): File descriptor 4 (/dev/tty0) leaked on pvs invocation.
Jan  9 14:59:05 main-menu[365]: (process:4234):  Parent PID 6175: /bin/sh
Jan  9 14:59:05 main-menu[365]: (process:4234): File descriptor 5 (/dev/tty0) leaked on pvs invocation.
Jan  9 14:59:05 main-menu[365]: (process:4234):  Parent PID 6175: /bin/sh
Jan  9 14:59:05 main-menu[365]: (process:4234): File descriptor 3 (pipe:[11732]) leaked on pvs invocation.
Jan  9 14:59:05 main-menu[365]: (process:4234):  Parent PID 6214: /bin/sh
Jan  9 14:59:05 main-menu[365]: (process:4234): File descriptor 4 (/dev/tty0) leaked on pvs invocation.
Jan  9 14:59:05 main-menu[365]: (process:4234):  Parent PID 6214: /bin/sh
Jan  9 14:59:05 main-menu[365]: (process:4234): File descriptor 5 (/dev/tty0) leaked on pvs invocation.
Jan  9 14:59:05 main-menu[365]: (process:4234):  Parent PID 6214: /bin/sh
Jan  9 14:59:05 main-menu[365]: DEBUG: resolver (libgcc1): package doesn't exist (ignored)
Jan  9 14:59:05 main-menu[365]: INFO: Falling back to the package description for brltty-udeb
Jan  9 14:59:05 main-menu[365]: INFO: Falling back to the package description for brltty-udeb
Jan  9 14:59:05 main-menu[365]: INFO: Menu item 'bootstrap-base' selected
Jan  9 14:59:05 debootstrap: /usr/sbin/debootstrap --components=main --debian-installer --resolve-deps --no-check-gpg buster /target file:///cdrom/
Jan  9 14:59:13 debootstrap: dpkg: warning: parsing file '/var/lib/dpkg/status' near line 5 package 'dpkg':
Jan  9 14:59:13 debootstrap:  missing 'Description' field
Jan  9 14:59:13 debootstrap: dpkg: warning: parsing file '/var/lib/dpkg/status' near line 5 package 'dpkg':
Jan  9 14:59:13 debootstrap:  missing 'Architecture' field
Jan  9 14:59:14 debootstrap: Selecting previously unselected package base-passwd.
Jan  9 14:59:14 debootstrap: (Reading database ... 0 files and directories currently installed.)
Jan  9 14:59:14 debootstrap: Preparing to unpack .../base-passwd_3.5.46_amd64.deb ...
Jan  9 14:59:14 debootstrap: Unpacking base-passwd (3.5.46) ...
Jan  9 14:59:14 debootstrap: Setting up base-passwd (3.5.46) ...
Jan  9 14:59:14 debootstrap: dpkg: base-passwd: dependency problems, but configuring anyway as you requested:
Jan  9 14:59:14 debootstrap:  base-passwd depends on libc6 (>= 2.8); however:
Jan  9 14:59:14 debootstrap:   Package libc6 is not installed.
Jan  9 14:59:14 debootstrap:  base-passwd depends on libdebconfclient0 (>= 0.145); however:
Jan  9 14:59:14 debootstrap:   Package libdebconfclient0 is not installed.
Jan  9 14:59:14 debootstrap: 
Jan  9 14:59:14 debootstrap: dpkg: warning: parsing file '/var/lib/dpkg/status' near line 24 package 'dpkg':
Jan  9 14:59:14 debootstrap:  missing 'Description' field
Jan  9 14:59:14 debootstrap: dpkg: warning: parsing file '/var/lib/dpkg/status' near line 24 package 'dpkg':
Jan  9 14:59:14 debootstrap:  missing 'Architecture' field
Jan  9 14:59:14 debootstrap: Selecting previously unselected package base-files.
Jan  9 14:59:14 debootstrap: (Reading database ... 41 files and directories currently installed.)
Jan  9 14:59:14 debootstrap: Preparing to unpack .../base-files_10.3+deb10u2_amd64.deb ...
Jan  9 14:59:14 debootstrap: dpkg: regarding .../base-files_10.3+deb10u2_amd64.deb containing base-files, pre-dependency problem:
Jan  9 14:59:14 debootstrap:  base-files pre-depends on awk
Jan  9 14:59:14 debootstrap:   awk is not installed.
Jan  9 14:59:14 debootstrap: 
Jan  9 14:59:14 debootstrap: dpkg: warning: ignoring pre-dependency problem!
Jan  9 14:59:14 debootstrap: Unpacking base-files (10.3+deb10u2) ...
Jan  9 14:59:14 debootstrap: Setting up base-files (10.3+deb10u2) ...
Jan  9 14:59:14 debootstrap: dpkg: base-files: dependency problems, but configuring anyway as you requested:
Jan  9 14:59:14 debootstrap:  base-files depends on awk; however:
Jan  9 14:59:14 debootstrap:   Package awk is not installed.
Jan  9 14:59:14 debootstrap: 
Jan  9 14:59:14 debootstrap: dpkg: warning: parsing file '/var/lib/dpkg/status' near line 51 package 'dpkg':
Jan  9 14:59:14 debootstrap:  missing 'Description' field
Jan  9 14:59:14 debootstrap: dpkg: warning: parsing file '/var/lib/dpkg/status' near line 51 package 'dpkg':
Jan  9 14:59:14 debootstrap:  missing 'Architecture' field
Jan  9 14:59:14 debootstrap: (Reading database ... 121 files and directories currently installed.)
Jan  9 14:59:14 debootstrap: Preparing to unpack .../archives/dpkg_1.19.7_amd64.deb ...
Jan  9 14:59:14 debootstrap: dpkg: regarding .../archives/dpkg_1.19.7_amd64.deb containing dpkg, pre-dependency problem:
Jan  9 14:59:14 debootstrap:  dpkg pre-depends on libbz2-1.0
Jan  9 14:59:14 debootstrap:   libbz2-1.0 is not installed.
Jan  9 14:59:14 debootstrap: 
Jan  9 14:59:14 debootstrap: dpkg: warning: ignoring pre-dependency problem!
Jan  9 14:59:14 debootstrap: dpkg: regarding .../archives/dpkg_1.19.7_amd64.deb containing dpkg, pre-dependency problem:
Jan  9 14:59:14 debootstrap:  dpkg pre-depends on libc6 (>= 2.15)
Jan  9 14:59:14 debootstrap:   libc6 is not installed.
Jan  9 14:59:14 debootstrap: 
Jan  9 14:59:14 debootstrap: dpkg: warning: ignoring pre-dependency problem!
Jan  9 14:59:14 debootstrap: dpkg: regarding .../archives/dpkg_1.19.7_amd64.deb containing dpkg, pre-dependency problem:
Jan  9 14:59:14 debootstrap:  dpkg pre-depends on liblzma5 (>= 5.2.2)
Jan  9 14:59:14 debootstrap:   liblzma5 is not installed.
Jan  9 14:59:14 debootstrap: 
Jan  9 14:59:14 debootstrap: dpkg: warning: ignoring pre-dependency problem!
Jan  9 14:59:14 debootstrap: dpkg: regarding .../archives/dpkg_1.19.7_amd64.deb containing dpkg, pre-dependency problem:
Jan  9 14:59:14 debootstrap:  dpkg pre-depends on libselinux1 (>= 2.3)
Jan  9 14:59:14 debootstrap:   libselinux1 is not installed.
Jan  9 14:59:14 debootstrap: 
Jan  9 14:59:14 debootstrap: dpkg: warning: ignoring pre-dependency problem!
Jan  9 14:59:14 debootstrap: dpkg: regarding .../archives/dpkg_1.19.7_amd64.deb containing dpkg, pre-dependency problem:
Jan  9 14:59:14 debootstrap:  dpkg pre-depends on zlib1g (>= 1:1.1.4)
Jan  9 14:59:14 debootstrap:   zlib1g is not installed.
Jan  9 14:59:14 debootstrap: 
Jan  9 14:59:14 debootstrap: dpkg: warning: ignoring pre-dependency problem!
Jan  9 14:59:14 debootstrap: Unpacking dpkg (1.19.7) over (1.19.7) ...
Jan  9 14:59:15 debootstrap: Setting up dpkg (1.19.7) ...
Jan  9 14:59:15 debootstrap: dpkg: dpkg: dependency problems, but configuring anyway as you requested:
Jan  9 14:59:15 debootstrap:  dpkg depends on libbz2-1.0; however:
Jan  9 14:59:15 debootstrap:   Package libbz2-1.0 is not installed.
Jan  9 14:59:15 debootstrap:  dpkg depends on libc6 (>= 2.15); however:
Jan  9 14:59:15 debootstrap:   Package libc6 is not installed.
Jan  9 14:59:15 debootstrap:  dpkg depends on liblzma5 (>= 5.2.2); however:
Jan  9 14:59:15 debootstrap:   Package liblzma5 is not installed.
Jan  9 14:59:15 debootstrap:  dpkg depends on libselinux1 (>= 2.3); however:
Jan  9 14:59:15 debootstrap:   Package libselinux1 is not installed.
Jan  9 14:59:15 debootstrap:  dpkg depends on zlib1g (>= 1:1.1.4); however:
Jan  9 14:59:15 debootstrap:   Package zlib1g is not installed.
Jan  9 14:59:15 debootstrap:  dpkg depends on tar (>= 1.28-1); however:
Jan  9 14:59:15 debootstrap:   Package tar is not installed.
Jan  9 14:59:15 debootstrap: 
Jan  9 14:59:15 debootstrap: Selecting previously unselected package libc6:amd64.
Jan  9 14:59:15 debootstrap: (Reading database ... 364 files and directories currently installed.)
Jan  9 14:59:15 debootstrap: Preparing to unpack .../libc6_2.28-10_amd64.deb ...
Jan  9 14:59:15 debootstrap: Unpacking libc6:amd64 (2.28-10) ...
Jan  9 14:59:16 debootstrap: Setting up libc6:amd64 (2.28-10) ...
Jan  9 14:59:16 debootstrap: dpkg: libc6:amd64: dependency problems, but configuring anyway as you requested:
Jan  9 14:59:16 debootstrap:  libc6:amd64 depends on libgcc1; however:
Jan  9 14:59:16 debootstrap:   Package libgcc1 is not installed.
Jan  9 14:59:16 debootstrap: 
Jan  9 14:59:16 debootstrap: Selecting previously unselected package perl-base.
Jan  9 14:59:16 debootstrap: (Reading database ... 680 files and directories currently installed.)
Jan  9 14:59:16 debootstrap: Preparing to unpack .../perl-base_5.28.1-6_amd64.deb ...
Jan  9 14:59:16 debootstrap: Unpacking perl-base (5.28.1-6) ...
Jan  9 14:59:17 debootstrap: Setting up perl-base (5.28.1-6) ...
Jan  9 14:59:17 debootstrap: Selecting previously unselected package mawk.
Jan  9 14:59:17 debootstrap: (Reading database ... 1340 files and directories currently installed.)
Jan  9 14:59:17 debootstrap: Preparing to unpack .../mawk_1.3.3-17+b3_amd64.deb ...
Jan  9 14:59:17 debootstrap: Unpacking mawk (1.3.3-17+b3) ...
Jan  9 14:59:17 debootstrap: Setting up mawk (1.3.3-17+b3) ...
Jan  9 14:59:17 debootstrap: Selecting previously unselected package debconf.
Jan  9 14:59:17 debootstrap: (Reading database ... 1360 files and directories currently installed.)
Jan  9 14:59:17 debootstrap: Preparing to unpack .../debconf_1.5.71_all.deb ...
Jan  9 14:59:17 debootstrap: Unpacking debconf (1.5.71) ...
Jan  9 14:59:17 debootstrap: Setting up debconf (1.5.71) ...
Jan  9 14:59:18 debootstrap: Selecting previously unselected package gcc-8-base:amd64.
Jan  9 14:59:18 debootstrap: (Reading database ... 1521 files and directories currently installed.)
Jan  9 14:59:18 debootstrap: Preparing to unpack .../gcc-8-base_8.3.0-6_amd64.deb ...
Jan  9 14:59:18 debootstrap: Unpacking gcc-8-base:amd64 (8.3.0-6) ...
Jan  9 14:59:18 debootstrap: Selecting previously unselected package libgcc1:amd64.
Jan  9 14:59:18 debootstrap: Preparing to unpack .../libgcc1_1%3a8.3.0-6_amd64.deb ...
Jan  9 14:59:18 debootstrap: Unpacking libgcc1:amd64 (1:8.3.0-6) ...
Jan  9 14:59:18 debootstrap: Preparing to unpack .../libc6_2.28-10_amd64.deb ...
Jan  9 14:59:18 debootstrap: Unpacking libc6:amd64 (2.28-10) over (2.28-10) ...
Jan  9 14:59:19 debootstrap: Selecting previously unselected package libidn2-0:amd64.
Jan  9 14:59:19 debootstrap: Preparing to unpack .../libidn2-0_2.0.5-1_amd64.deb ...
Jan  9 14:59:19 debootstrap: Unpacking libidn2-0:amd64 (2.0.5-1) ...
Jan  9 14:59:19 debootstrap: Selecting previously unselected package libaudit-common.
Jan  9 14:59:19 debootstrap: Preparing to unpack .../libaudit-common_1%3a2.8.4-3_all.deb ...
Jan  9 14:59:19 debootstrap: Unpacking libaudit-common (1:2.8.4-3) ...
Jan  9 14:59:19 debootstrap: Selecting previously unselected package libcap-ng0:amd64.
Jan  9 14:59:19 debootstrap: Preparing to unpack .../libcap-ng0_0.7.9-2_amd64.deb ...
Jan  9 14:59:19 debootstrap: Unpacking libcap-ng0:amd64 (0.7.9-2) ...
Jan  9 14:59:19 debootstrap: Selecting previously unselected package libaudit1:amd64.
Jan  9 14:59:19 debootstrap: Preparing to unpack .../libaudit1_1%3a2.8.4-3_amd64.deb ...
Jan  9 14:59:19 debootstrap: Unpacking libaudit1:amd64 (1:2.8.4-3) ...
Jan  9 14:59:19 debootstrap: Selecting previously unselected package libbz2-1.0:amd64.
Jan  9 14:59:19 debootstrap: Preparing to unpack .../libbz2-1.0_1.0.6-9.2~deb10u1_amd64.deb ...
Jan  9 14:59:19 debootstrap: Unpacking libbz2-1.0:amd64 (1.0.6-9.2~deb10u1) ...
Jan  9 14:59:19 debootstrap: Selecting previously unselected package liblzma5:amd64.
Jan  9 14:59:19 debootstrap: Preparing to unpack .../liblzma5_5.2.4-1_amd64.deb ...
Jan  9 14:59:19 debootstrap: Unpacking liblzma5:amd64 (5.2.4-1) ...
Jan  9 14:59:19 debootstrap: Selecting previously unselected package libpcre3:amd64.
Jan  9 14:59:19 debootstrap: Preparing to unpack .../libpcre3_2%3a8.39-12_amd64.deb ...
Jan  9 14:59:19 debootstrap: Unpacking libpcre3:amd64 (2:8.39-12) ...
Jan  9 14:59:20 debootstrap: Selecting previously unselected package libattr1:amd64.
Jan  9 14:59:20 debootstrap: Preparing to unpack .../libattr1_1%3a2.4.48-4_amd64.deb ...
Jan  9 14:59:20 debootstrap: Unpacking libattr1:amd64 (1:2.4.48-4) ...
Jan  9 14:59:20 debootstrap: Selecting previously unselected package libacl1:amd64.
Jan  9 14:59:20 debootstrap: Preparing to unpack .../libacl1_2.2.53-4_amd64.deb ...
Jan  9 14:59:20 debootstrap: Unpacking libacl1:amd64 (2.2.53-4) ...
Jan  9 14:59:20 debootstrap: Preparing to unpack .../archives/dpkg_1.19.7_amd64.deb ...
Jan  9 14:59:20 debootstrap: dpkg: regarding .../archives/dpkg_1.19.7_amd64.deb containing dpkg, pre-dependency problem:
Jan  9 14:59:20 debootstrap:  dpkg pre-depends on libbz2-1.0
Jan  9 14:59:20 debootstrap:   libbz2-1.0:amd64 is unpacked, but has never been configured.
Jan  9 14:59:20 debootstrap: 
Jan  9 14:59:20 debootstrap: dpkg: warning: ignoring pre-dependency problem!
Jan  9 14:59:20 debootstrap: dpkg: regarding .../archives/dpkg_1.19.7_amd64.deb containing dpkg, pre-dependency problem:
Jan  9 14:59:20 debootstrap:  dpkg pre-depends on liblzma5 (>= 5.2.2)
Jan  9 14:59:20 debootstrap:   liblzma5:amd64 is unpacked, but has never been configured.
Jan  9 14:59:20 debootstrap: 
Jan  9 14:59:20 debootstrap: dpkg: warning: ignoring pre-dependency problem!
Jan  9 14:59:20 debootstrap: dpkg: regarding .../archives/dpkg_1.19.7_amd64.deb containing dpkg, pre-dependency problem:
Jan  9 14:59:20 debootstrap:  dpkg pre-depends on libselinux1 (>= 2.3)
Jan  9 14:59:20 debootstrap:   libselinux1 is not installed.
Jan  9 14:59:20 debootstrap: 
Jan  9 14:59:20 debootstrap: dpkg: warning: ignoring pre-dependency problem!
Jan  9 14:59:20 debootstrap: dpkg: regarding .../archives/dpkg_1.19.7_amd64.deb containing dpkg, pre-dependency problem:
Jan  9 14:59:20 debootstrap:  dpkg pre-depends on zlib1g (>= 1:1.1.4)
Jan  9 14:59:20 debootstrap:   zlib1g is not installed.
Jan  9 14:59:20 debootstrap: 
Jan  9 14:59:20 debootstrap: dpkg: warning: ignoring pre-dependency problem!
Jan  9 14:59:20 debootstrap: Unpacking dpkg (1.19.7) over (1.19.7) ...
Jan  9 14:59:20 debootstrap: Preparing to unpack .../debconf_1.5.71_all.deb ...
Jan  9 14:59:20 debootstrap: Unpacking debconf (1.5.71) over (1.5.71) ...
Jan  9 14:59:20 debootstrap: Selecting previously unselected package libpam0g:amd64.
Jan  9 14:59:20 debootstrap: Preparing to unpack .../libpam0g_1.3.1-5_amd64.deb ...
Jan  9 14:59:20 debootstrap: Unpacking libpam0g:amd64 (1.3.1-5) ...
Jan  9 14:59:20 debootstrap: Selecting previously unselected package libdb5.3:amd64.
Jan  9 14:59:20 debootstrap: Preparing to unpack .../libdb5.3_5.3.28+dfsg1-0.5_amd64.deb ...
Jan  9 14:59:20 debootstrap: Unpacking libdb5.3:amd64 (5.3.28+dfsg1-0.5) ...
Jan  9 14:59:21 debootstrap: Selecting previously unselected package libpam-modules-bin.
Jan  9 14:59:21 debootstrap: Preparing to unpack .../libpam-modules-bin_1.3.1-5_amd64.deb ...
Jan  9 14:59:21 debootstrap: Unpacking libpam-modules-bin (1.3.1-5) ...
Jan  9 14:59:21 debootstrap: Selecting previously unselected package libpam-modules:amd64.
Jan  9 14:59:21 debootstrap: Preparing to unpack .../libpam-modules_1.3.1-5_amd64.deb ...
Jan  9 14:59:21 debootstrap: dpkg: regarding .../libpam-modules_1.3.1-5_amd64.deb containing libpam-modules:amd64, pre-dependency problem:
Jan  9 14:59:21 debootstrap:  libpam-modules pre-depends on libaudit1 (>= 1:2.2.1)
Jan  9 14:59:21 debootstrap:   libaudit1:amd64 is unpacked, but has never been configured.
Jan  9 14:59:21 debootstrap: 
Jan  9 14:59:21 debootstrap: dpkg: warning: ignoring pre-dependency problem!
Jan  9 14:59:21 debootstrap: dpkg: regarding .../libpam-modules_1.3.1-5_amd64.deb containing libpam-modules:amd64, pre-dependency problem:
Jan  9 14:59:21 debootstrap:  libpam-modules pre-depends on libdb5.3
Jan  9 14:59:21 debootstrap:   libdb5.3:amd64 is unpacked, but has never been configured.
Jan  9 14:59:21 debootstrap: 
Jan  9 14:59:21 debootstrap: dpkg: warning: ignoring pre-dependency problem!
Jan  9 14:59:21 debootstrap: dpkg: regarding .../libpam-modules_1.3.1-5_amd64.deb containing libpam-modules:amd64, pre-dependency problem:
Jan  9 14:59:21 debootstrap:  libpam-modules pre-depends on libpam0g (>= 1.3.1)
Jan  9 14:59:21 debootstrap:   libpam0g:amd64 is unpacked, but has never been configured.
Jan  9 14:59:21 debootstrap: 
Jan  9 14:59:21 debootstrap: dpkg: warning: ignoring pre-dependency problem!
Jan  9 14:59:21 debootstrap: dpkg: regarding .../libpam-modules_1.3.1-5_amd64.deb containing libpam-modules:amd64, pre-dependency problem:
Jan  9 14:59:21 debootstrap:  libpam-modules pre-depends on libselinux1 (>= 2.1.9)
Jan  9 14:59:21 debootstrap:   libselinux1 is not installed.
Jan  9 14:59:21 debootstrap: 
Jan  9 14:59:21 debootstrap: dpkg: warning: ignoring pre-dependency problem!
Jan  9 14:59:21 debootstrap: dpkg: regarding .../libpam-modules_1.3.1-5_amd64.deb containing libpam-modules:amd64, pre-dependency problem:
Jan  9 14:59:21 debootstrap:  libpam-modules pre-depends on libpam-modules-bin (= 1.3.1-5)
Jan  9 14:59:21 debootstrap:   libpam-modules-bin is unpacked, but has never been configured.
Jan  9 14:59:21 debootstrap: 
Jan  9 14:59:21 debootstrap: dpkg: warning: ignoring pre-dependency problem!
Jan  9 14:59:21 debootstrap: Unpacking libpam-modules:amd64 (1.3.1-5) ...
Jan  9 14:59:21 debootstrap: Selecting previously unselected package adduser.
Jan  9 14:59:21 debootstrap: Preparing to unpack .../archives/adduser_3.118_all.deb ...
Jan  9 14:59:21 debootstrap: Unpacking adduser (3.118) ...
Jan  9 14:59:21 debootstrap: Selecting previously unselected package libgpg-error0:amd64.
Jan  9 14:59:21 debootstrap: Preparing to unpack .../libgpg-error0_1.35-1_amd64.deb ...
Jan  9 14:59:21 debootstrap: Unpacking libgpg-error0:amd64 (1.35-1) ...
Jan  9 14:59:21 debootstrap: Selecting previously unselected package libgcrypt20:amd64.
Jan  9 14:59:21 debootstrap: Preparing to unpack .../libgcrypt20_1.8.4-5_amd64.deb ...
Jan  9 14:59:21 debootstrap: Unpacking libgcrypt20:amd64 (1.8.4-5) ...
Jan  9 14:59:21 debootstrap: Selecting previously unselected package gpgv.
Jan  9 14:59:21 debootstrap: Preparing to unpack .../gpgv_2.2.12-1+deb10u1_amd64.deb ...
Jan  9 14:59:21 debootstrap: Unpacking gpgv (2.2.12-1+deb10u1) ...
Jan  9 14:59:22 debootstrap: Selecting previously unselected package debian-archive-keyring.
Jan  9 14:59:22 debootstrap: Preparing to unpack .../debian-archive-keyring_2019.1_all.deb ...
Jan  9 14:59:22 debootstrap: Unpacking debian-archive-keyring (2019.1) ...
Jan  9 14:59:22 debootstrap: Selecting previously unselected package liblz4-1:amd64.
Jan  9 14:59:22 debootstrap: Preparing to unpack .../liblz4-1_1.8.3-1_amd64.deb ...
Jan  9 14:59:22 debootstrap: Unpacking liblz4-1:amd64 (1.8.3-1) ...
Jan  9 14:59:22 debootstrap: Selecting previously unselected package libapt-pkg5.0:amd64.
Jan  9 14:59:22 debootstrap: Preparing to unpack .../libapt-pkg5.0_1.8.2_amd64.deb ...
Jan  9 14:59:22 debootstrap: Unpacking libapt-pkg5.0:amd64 (1.8.2) ...
Jan  9 14:59:22 debootstrap: Selecting previously unselected package libgmp10:amd64.
Jan  9 14:59:22 debootstrap: Preparing to unpack .../libgmp10_2%3a6.1.2+dfsg-4_amd64.deb ...
Jan  9 14:59:22 debootstrap: Unpacking libgmp10:amd64 (2:6.1.2+dfsg-4) ...
Jan  9 14:59:22 debootstrap: Selecting previously unselected package libnettle6:amd64.
Jan  9 14:59:22 debootstrap: Preparing to unpack .../libnettle6_3.4.1-1_amd64.deb ...
Jan  9 14:59:22 debootstrap: Unpacking libnettle6:amd64 (3.4.1-1) ...
Jan  9 14:59:22 debootstrap: Selecting previously unselected package libhogweed4:amd64.
Jan  9 14:59:22 debootstrap: Preparing to unpack .../libhogweed4_3.4.1-1_amd64.deb ...
Jan  9 14:59:22 debootstrap: Unpacking libhogweed4:amd64 (3.4.1-1) ...
Jan  9 14:59:22 debootstrap: Selecting previously unselected package libffi6:amd64.
Jan  9 14:59:22 debootstrap: Preparing to unpack .../libffi6_3.2.1-9_amd64.deb ...
Jan  9 14:59:22 debootstrap: Unpacking libffi6:amd64 (3.2.1-9) ...
Jan  9 14:59:22 debootstrap: Selecting previously unselected package libp11-kit0:amd64.
Jan  9 14:59:22 debootstrap: Preparing to unpack .../libp11-kit0_0.23.15-2_amd64.deb ...
Jan  9 14:59:22 debootstrap: Unpacking libp11-kit0:amd64 (0.23.15-2) ...
Jan  9 14:59:23 debootstrap: Selecting previously unselected package libgnutls30:amd64.
Jan  9 14:59:23 debootstrap: Preparing to unpack .../libgnutls30_3.6.7-4_amd64.deb ...
Jan  9 14:59:23 debootstrap: Unpacking libgnutls30:amd64 (3.6.7-4) ...
Jan  9 14:59:23 debootstrap: Selecting previously unselected package apt.
Jan  9 14:59:23 debootstrap: Preparing to unpack .../archives/apt_1.8.2_amd64.deb ...
Jan  9 14:59:23 debootstrap: Unpacking apt (1.8.2) ...
Jan  9 14:59:23 debootstrap: Preparing to unpack .../base-files_10.3+deb10u2_amd64.deb ...
Jan  9 14:59:23 debootstrap: Unpacking base-files (10.3+deb10u2) over (10.3+deb10u2) ...
Jan  9 14:59:23 debootstrap: Selecting previously unselected package libdebconfclient0:amd64.
Jan  9 14:59:23 debootstrap: Preparing to unpack .../libdebconfclient0_0.249_amd64.deb ...
Jan  9 14:59:23 debootstrap: Unpacking libdebconfclient0:amd64 (0.249) ...
Jan  9 14:59:23 debootstrap: Preparing to unpack .../base-passwd_3.5.46_amd64.deb ...
Jan  9 14:59:23 debootstrap: Unpacking base-passwd (3.5.46) over (3.5.46) ...
Jan  9 14:59:23 debootstrap: Selecting previously unselected package debianutils.
Jan  9 14:59:23 debootstrap: Preparing to unpack .../debianutils_4.8.6.1_amd64.deb ...
Jan  9 14:59:23 debootstrap: Unpacking debianutils (4.8.6.1) ...
Jan  9 14:59:23 debootstrap: Selecting previously unselected package bash.
Jan  9 14:59:23 debootstrap: dpkg: regarding .../archives/bash_5.0-4_amd64.deb containing bash, pre-dependency problem:
Jan  9 14:59:23 debootstrap:  bash pre-depends on libtinfo6 (>= 6)
Jan  9 14:59:23 debootstrap:   libtinfo6 is not installed.
Jan  9 14:59:23 debootstrap: 
Jan  9 14:59:23 debootstrap: dpkg: warning: ignoring pre-dependency problem!
Jan  9 14:59:23 debootstrap: Preparing to unpack .../archives/bash_5.0-4_amd64.deb ...
Jan  9 14:59:23 debootstrap: Unpacking bash (5.0-4) ...
Jan  9 14:59:24 debootstrap: Selecting previously unselected package bsdutils.
Jan  9 14:59:24 debootstrap: dpkg: regarding .../bsdutils_1%3a2.33.1-0.1_amd64.deb containing bsdutils, pre-dependency problem:
Jan  9 14:59:24 debootstrap:  bsdutils pre-depends on libsystemd0
Jan  9 14:59:24 debootstrap:   libsystemd0 is not installed.
Jan  9 14:59:24 debootstrap: 
Jan  9 14:59:24 debootstrap: dpkg: warning: ignoring pre-dependency problem!
Jan  9 14:59:24 debootstrap: Preparing to unpack .../bsdutils_1%3a2.33.1-0.1_amd64.deb ...
Jan  9 14:59:24 debootstrap: Unpacking bsdutils (1:2.33.1-0.1) ...
Jan  9 14:59:24 debootstrap: Selecting previously unselected package coreutils.
Jan  9 14:59:24 debootstrap: Preparing to unpack .../coreutils_8.30-3_amd64.deb ...
Jan  9 14:59:24 debootstrap: dpkg: regarding .../coreutils_8.30-3_amd64.deb containing coreutils, pre-dependency problem:
Jan  9 14:59:24 debootstrap:  coreutils pre-depends on libacl1 (>= 2.2.23)
Jan  9 14:59:24 debootstrap:   libacl1:amd64 is unpacked, but has never been configured.
Jan  9 14:59:24 debootstrap: 
Jan  9 14:59:24 debootstrap: dpkg: warning: ignoring pre-dependency problem!
Jan  9 14:59:24 debootstrap: dpkg: regarding .../coreutils_8.30-3_amd64.deb containing coreutils, pre-dependency problem:
Jan  9 14:59:24 debootstrap:  coreutils pre-depends on libattr1 (>= 1:2.4.44)
Jan  9 14:59:24 debootstrap:   libattr1:amd64 is unpacked, but has never been configured.
Jan  9 14:59:24 debootstrap: 
Jan  9 14:59:24 debootstrap: dpkg: warning: ignoring pre-dependency problem!
Jan  9 14:59:24 debootstrap: dpkg: regarding .../coreutils_8.30-3_amd64.deb containing coreutils, pre-dependency problem:
Jan  9 14:59:24 debootstrap:  coreutils pre-depends on libselinux1 (>= 2.1.13)
Jan  9 14:59:24 debootstrap:   libselinux1 is not installed.
Jan  9 14:59:24 debootstrap: 
Jan  9 14:59:24 debootstrap: dpkg: warning: ignoring pre-dependency problem!
Jan  9 14:59:24 debootstrap: Unpacking coreutils (8.30-3) ...
Jan  9 14:59:25 debootstrap: Selecting previously unselected package dash.
Jan  9 14:59:25 debootstrap: Preparing to unpack .../dash_0.5.10.2-5_amd64.deb ...
Jan  9 14:59:25 debootstrap: Unpacking dash (0.5.10.2-5) ...
Jan  9 14:59:25 debootstrap: Selecting previously unselected package diffutils.
Jan  9 14:59:25 debootstrap: Preparing to unpack .../diffutils_1%3a3.7-3_amd64.deb ...
Jan  9 14:59:25 debootstrap: Unpacking diffutils (1:3.7-3) ...
Jan  9 14:59:25 debootstrap: Selecting previously unselected package libblkid1:amd64.
Jan  9 14:59:25 debootstrap: Preparing to unpack .../libblkid1_2.33.1-0.1_amd64.deb ...
Jan  9 14:59:25 debootstrap: Unpacking libblkid1:amd64 (2.33.1-0.1) ...
Jan  9 14:59:25 debootstrap: Selecting previously unselected package libcom-err2:amd64.
Jan  9 14:59:25 debootstrap: Preparing to unpack .../libcom-err2_1.44.5-1+deb10u2_amd64.deb ...
Jan  9 14:59:25 debootstrap: Unpacking libcom-err2:amd64 (1.44.5-1+deb10u2) ...
Jan  9 14:59:25 debootstrap: Selecting previously unselected package libext2fs2:amd64.
Jan  9 14:59:25 debootstrap: Preparing to unpack .../libext2fs2_1.44.5-1+deb10u2_amd64.deb ...
Jan  9 14:59:25 debootstrap: Unpacking libext2fs2:amd64 (1.44.5-1+deb10u2) ...
Jan  9 14:59:25 debootstrap: Selecting previously unselected package e2fsprogs.
Jan  9 14:59:25 debootstrap: Preparing to unpack .../e2fsprogs_1.44.5-1+deb10u2_amd64.deb ...
Jan  9 14:59:25 debootstrap: dpkg: regarding .../e2fsprogs_1.44.5-1+deb10u2_amd64.deb containing e2fsprogs, pre-dependency problem:
Jan  9 14:59:25 debootstrap:  e2fsprogs pre-depends on libblkid1 (>= 2.17.2)
Jan  9 14:59:25 debootstrap:   libblkid1:amd64 is unpacked, but has never been configured.
Jan  9 14:59:25 debootstrap: 
Jan  9 14:59:25 debootstrap: dpkg: warning: ignoring pre-dependency problem!
Jan  9 14:59:25 debootstrap: dpkg: regarding .../e2fsprogs_1.44.5-1+deb10u2_amd64.deb containing e2fsprogs, pre-dependency problem:
Jan  9 14:59:25 debootstrap:  e2fsprogs pre-depends on libcom-err2 (>= 1.43.9)
Jan  9 14:59:25 debootstrap:   libcom-err2:amd64 is unpacked, but has never been configured.
Jan  9 14:59:25 debootstrap: 
Jan  9 14:59:25 debootstrap: dpkg: warning: ignoring pre-dependency problem!
Jan  9 14:59:25 debootstrap: dpkg: regarding .../e2fsprogs_1.44.5-1+deb10u2_amd64.deb containing e2fsprogs, pre-dependency problem:
Jan  9 14:59:25 debootstrap:  e2fsprogs pre-depends on libext2fs2 (= 1.44.5-1+deb10u2)
Jan  9 14:59:25 debootstrap:   libext2fs2:amd64 is unpacked, but has never been configured.
Jan  9 14:59:25 debootstrap: 
Jan  9 14:59:25 debootstrap: dpkg: warning: ignoring pre-dependency problem!
Jan  9 14:59:25 debootstrap: dpkg: regarding .../e2fsprogs_1.44.5-1+deb10u2_amd64.deb containing e2fsprogs, pre-dependency problem:
Jan  9 14:59:25 debootstrap:  e2fsprogs pre-depends on libss2 (>= 1.38)
Jan  9 14:59:25 debootstrap:   libss2 is not installed.
Jan  9 14:59:25 debootstrap: 
Jan  9 14:59:25 debootstrap: dpkg: warning: ignoring pre-dependency problem!
Jan  9 14:59:25 debootstrap: dpkg: regarding .../e2fsprogs_1.44.5-1+deb10u2_amd64.deb containing e2fsprogs, pre-dependency problem:
Jan  9 14:59:25 debootstrap:  e2fsprogs pre-depends on libuuid1 (>= 2.16)
Jan  9 14:59:25 debootstrap:   libuuid1 is not installed.
Jan  9 14:59:25 debootstrap: 
Jan  9 14:59:25 debootstrap: dpkg: warning: ignoring pre-dependency problem!
Jan  9 14:59:25 debootstrap: Unpacking e2fsprogs (1.44.5-1+deb10u2) ...
Jan  9 14:59:26 debootstrap: Selecting previously unselected package libfdisk1:amd64.
Jan  9 14:59:26 debootstrap: Preparing to unpack .../libfdisk1_2.33.1-0.1_amd64.deb ...
Jan  9 14:59:26 debootstrap: Unpacking libfdisk1:amd64 (2.33.1-0.1) ...
Jan  9 14:59:26 debootstrap: Selecting previously unselected package libmount1:amd64.
Jan  9 14:59:26 debootstrap: Preparing to unpack .../libmount1_2.33.1-0.1_amd64.deb ...
Jan  9 14:59:26 debootstrap: Unpacking libmount1:amd64 (2.33.1-0.1) ...
Jan  9 14:59:26 debootstrap: Selecting previously unselected package libncursesw6:amd64.
Jan  9 14:59:26 debootstrap: Preparing to unpack .../libncursesw6_6.1+20181013-2+deb10u2_amd64.deb ...
Jan  9 14:59:26 debootstrap: Unpacking libncursesw6:amd64 (6.1+20181013-2+deb10u2) ...
Jan  9 14:59:26 debootstrap: Selecting previously unselected package fdisk.
Jan  9 14:59:26 debootstrap: Preparing to unpack .../fdisk_2.33.1-0.1_amd64.deb ...
Jan  9 14:59:26 debootstrap: Unpacking fdisk (2.33.1-0.1) ...
Jan  9 14:59:26 debootstrap: Selecting previously unselected package findutils.
Jan  9 14:59:26 debootstrap: Preparing to unpack .../findutils_4.6.0+git+20190209-2_amd64.deb ...
Jan  9 14:59:26 debootstrap: dpkg: regarding .../findutils_4.6.0+git+20190209-2_amd64.deb containing findutils, pre-dependency problem:
Jan  9 14:59:26 debootstrap:  findutils pre-depends on libselinux1 (>= 1.32)
Jan  9 14:59:26 debootstrap:   libselinux1 is not installed.
Jan  9 14:59:26 debootstrap: 
Jan  9 14:59:26 debootstrap: dpkg: warning: ignoring pre-dependency problem!
Jan  9 14:59:26 debootstrap: Unpacking findutils (4.6.0+git+20190209-2) ...
Jan  9 14:59:27 debootstrap: Selecting previously unselected package grep.
Jan  9 14:59:27 debootstrap: Preparing to unpack .../archives/grep_3.3-1_amd64.deb ...
Jan  9 14:59:27 debootstrap: dpkg: regarding .../archives/grep_3.3-1_amd64.deb containing grep, pre-dependency problem:
Jan  9 14:59:27 debootstrap:  grep pre-depends on libpcre3
Jan  9 14:59:27 debootstrap:   libpcre3:amd64 is unpacked, but has never been configured.
Jan  9 14:59:27 debootstrap: 
Jan  9 14:59:27 debootstrap: dpkg: warning: ignoring pre-dependency problem!
Jan  9 14:59:27 debootstrap: Unpacking grep (3.3-1) ...
Jan  9 14:59:27 debootstrap: Selecting previously unselected package gzip.
Jan  9 14:59:27 debootstrap: Preparing to unpack .../archives/gzip_1.9-3_amd64.deb ...
Jan  9 14:59:27 debootstrap: Unpacking gzip (1.9-3) ...
Jan  9 14:59:27 debootstrap: Selecting previously unselected package hostname.
Jan  9 14:59:27 debootstrap: Preparing to unpack .../hostname_3.21_amd64.deb ...
Jan  9 14:59:27 debootstrap: Unpacking hostname (3.21) ...
Jan  9 14:59:27 debootstrap: Selecting previously unselected package init-system-helpers.
Jan  9 14:59:27 debootstrap: Preparing to unpack .../init-system-helpers_1.56+nmu1_all.deb ...
Jan  9 14:59:27 debootstrap: Unpacking init-system-helpers (1.56+nmu1) ...
Jan  9 14:59:27 debootstrap: Selecting previously unselected package libc-bin.
Jan  9 14:59:27 debootstrap: Preparing to unpack .../libc-bin_2.28-10_amd64.deb ...
Jan  9 14:59:27 debootstrap: Unpacking libc-bin (2.28-10) ...
Jan  9 14:59:28 debootstrap: Selecting previously unselected package libpam-runtime.
Jan  9 14:59:28 debootstrap: Preparing to unpack .../libpam-runtime_1.3.1-5_all.deb ...
Jan  9 14:59:28 debootstrap: Unpacking libpam-runtime (1.3.1-5) ...
Jan  9 14:59:28 debootstrap: Preparing to unpack .../mawk_1.3.3-17+b3_amd64.deb ...
Jan  9 14:59:28 debootstrap: Unpacking mawk (1.3.3-17+b3) over (1.3.3-17+b3) ...
Jan  9 14:59:28 debootstrap: Selecting previously unselected package libunistring2:amd64.
Jan  9 14:59:28 debootstrap: Preparing to unpack .../libunistring2_0.9.10-1_amd64.deb ...
Jan  9 14:59:28 debootstrap: Unpacking libunistring2:amd64 (0.9.10-1) ...
Jan  9 14:59:28 debootstrap: Selecting previously unselected package libselinux1:amd64.
Jan  9 14:59:28 debootstrap: Preparing to unpack .../libselinux1_2.8-1+b1_amd64.deb ...
Jan  9 14:59:28 debootstrap: Unpacking libselinux1:amd64 (2.8-1+b1) ...
Jan  9 14:59:28 debootstrap: Selecting previously unselected package zlib1g:amd64.
Jan  9 14:59:28 debootstrap: Preparing to unpack .../zlib1g_1%3a1.2.11.dfsg-1_amd64.deb ...
Jan  9 14:59:28 debootstrap: Unpacking zlib1g:amd64 (1:1.2.11.dfsg-1) ...
Jan  9 14:59:28 debootstrap: Selecting previously unselected package tar.
Jan  9 14:59:28 debootstrap: Preparing to unpack .../tar_1.30+dfsg-6_amd64.deb ...
Jan  9 14:59:28 debootstrap: dpkg: regarding .../tar_1.30+dfsg-6_amd64.deb containing tar, pre-dependency problem:
Jan  9 14:59:28 debootstrap:  tar pre-depends on libacl1 (>= 2.2.23)
Jan  9 14:59:28 debootstrap:   libacl1:amd64 is unpacked, but has never been configured.
Jan  9 14:59:28 debootstrap: 
Jan  9 14:59:28 debootstrap: dpkg: warning: ignoring pre-dependency problem!
Jan  9 14:59:28 debootstrap: dpkg: regarding .../tar_1.30+dfsg-6_amd64.deb containing tar, pre-dependency problem:
Jan  9 14:59:28 debootstrap:  tar pre-depends on libselinux1 (>= 1.32)
Jan  9 14:59:28 debootstrap:   libselinux1:amd64 is unpacked, but has never been configured.
Jan  9 14:59:28 debootstrap: 
Jan  9 14:59:28 debootstrap: dpkg: warning: ignoring pre-dependency problem!
Jan  9 14:59:28 debootstrap: Unpacking tar (1.30+dfsg-6) ...
Jan  9 14:59:28 debootstrap: Preparing to unpack .../perl-base_5.28.1-6_amd64.deb ...
Jan  9 14:59:28 debootstrap: Unpacking perl-base (5.28.1-6) over (5.28.1-6) ...
Jan  9 14:59:29 debootstrap: Selecting previously unselected package libsemanage-common.
Jan  9 14:59:29 debootstrap: Preparing to unpack .../libsemanage-common_2.8-2_all.deb ...
